Archive member included to satisfy reference by file (symbol)

.\CortexM0\ARM_GCC_541\Debug\oxygen.a(UART.o)
                              .\CortexM0\ARM_GCC_541\Debug\main.o (UART_Start)
.\CortexM0\ARM_GCC_541\Debug\oxygen.a(UART_UART.o)
                              .\CortexM0\ARM_GCC_541\Debug\oxygen.a(UART.o) (UART_UartInit)
.\CortexM0\ARM_GCC_541\Debug\oxygen.a(I2C.o)
                              .\CortexM0\ARM_GCC_541\Debug\main.o (I2C_Start)
.\CortexM0\ARM_GCC_541\Debug\oxygen.a(I2C_I2C.o)
                              .\CortexM0\ARM_GCC_541\Debug\oxygen.a(I2C.o) (I2C_I2CInit)
.\CortexM0\ARM_GCC_541\Debug\oxygen.a(I2C_I2C_MASTER.o)
                              .\CortexM0\ARM_GCC_541\Debug\libraryCopied.o (I2C_I2CMasterSendStart)
.\CortexM0\ARM_GCC_541\Debug\oxygen.a(CyLib.o)
                              .\CortexM0\ARM_GCC_541\Debug\cyfitter_cfg.o (CyIntEnable)
.\CortexM0\ARM_GCC_541\Debug\oxygen.a(CyLFClk.o)
                              .\CortexM0\ARM_GCC_541\Debug\oxygen.a(CyLib.o) (CySysClkWcoEnabled)
.\CortexM0\ARM_GCC_541\Debug\oxygen.a(CyBootAsmGnu.o)
                              .\CortexM0\ARM_GCC_541\Debug\oxygen.a(CyLib.o) (CyDelayCycles)
.\CortexM0\ARM_GCC_541\Debug\oxygen.a(UART_SPI_UART.o)
                              .\CortexM0\ARM_GCC_541\Debug\oxygen.a(UART_UART.o) (UART_SpiUartReadRxData)
.\CortexM0\ARM_GCC_541\Debug\oxygen.a(I2C_I2C_INT.o)
                              .\CortexM0\ARM_GCC_541\Debug\oxygen.a(I2C_I2C.o) (I2C_I2C_ISR)
.\CortexM0\ARM_GCC_541\Debug\oxygen.a(CyFlash.o)
                              .\CortexM0\ARM_GCC_541\Debug\oxygen.a(CyLib.o) (CySysFlashSetWaitCycles)
c:/users/shahnaz/desktop/psoc creator/4.4/psoc creator/import/gnu/arm/5.4.1/bin/../lib/gcc/arm-none-eabi/5.4.1/armv6-m\libgcc.a(_udivsi3.o)
                              .\CortexM0\ARM_GCC_541\Debug\oxygen.a(CyLib.o) (__aeabi_uidiv)
c:/users/shahnaz/desktop/psoc creator/4.4/psoc creator/import/gnu/arm/5.4.1/bin/../lib/gcc/arm-none-eabi/5.4.1/armv6-m\libgcc.a(_divsi3.o)
                              .\CortexM0\ARM_GCC_541\Debug\oxygen.a(CyLFClk.o) (__aeabi_idiv)
c:/users/shahnaz/desktop/psoc creator/4.4/psoc creator/import/gnu/arm/5.4.1/bin/../lib/gcc/arm-none-eabi/5.4.1/armv6-m\libgcc.a(_dvmd_tls.o)
                              c:/users/shahnaz/desktop/psoc creator/4.4/psoc creator/import/gnu/arm/5.4.1/bin/../lib/gcc/arm-none-eabi/5.4.1/armv6-m\libgcc.a(_udivsi3.o) (__aeabi_idiv0)
c:/users/shahnaz/desktop/psoc creator/4.4/psoc creator/import/gnu/arm/5.4.1/bin/../lib/gcc/arm-none-eabi/5.4.1/armv6-m\libgcc.a(_arm_cmpdf2.o)
                              .\CortexM0\ARM_GCC_541\Debug\libraryCopied.o (__aeabi_dcmplt)
c:/users/shahnaz/desktop/psoc creator/4.4/psoc creator/import/gnu/arm/5.4.1/bin/../lib/gcc/arm-none-eabi/5.4.1/armv6-m\libgcc.a(_fixunssfsi.o)
                              .\CortexM0\ARM_GCC_541\Debug\libraryCopied.o (__aeabi_f2uiz)
c:/users/shahnaz/desktop/psoc creator/4.4/psoc creator/import/gnu/arm/5.4.1/bin/../lib/gcc/arm-none-eabi/5.4.1/armv6-m\libgcc.a(addsf3.o)
                              .\CortexM0\ARM_GCC_541\Debug\libraryCopied.o (__aeabi_fadd)
c:/users/shahnaz/desktop/psoc creator/4.4/psoc creator/import/gnu/arm/5.4.1/bin/../lib/gcc/arm-none-eabi/5.4.1/armv6-m\libgcc.a(divsf3.o)
                              .\CortexM0\ARM_GCC_541\Debug\libraryCopied.o (__aeabi_fdiv)
c:/users/shahnaz/desktop/psoc creator/4.4/psoc creator/import/gnu/arm/5.4.1/bin/../lib/gcc/arm-none-eabi/5.4.1/armv6-m\libgcc.a(mulsf3.o)
                              .\CortexM0\ARM_GCC_541\Debug\libraryCopied.o (__aeabi_fmul)
c:/users/shahnaz/desktop/psoc creator/4.4/psoc creator/import/gnu/arm/5.4.1/bin/../lib/gcc/arm-none-eabi/5.4.1/armv6-m\libgcc.a(subsf3.o)
                              c:/users/shahnaz/desktop/psoc creator/4.4/psoc creator/import/gnu/arm/5.4.1/bin/../lib/gcc/arm-none-eabi/5.4.1/armv6-m\libgcc.a(_fixunssfsi.o) (__aeabi_fsub)
c:/users/shahnaz/desktop/psoc creator/4.4/psoc creator/import/gnu/arm/5.4.1/bin/../lib/gcc/arm-none-eabi/5.4.1/armv6-m\libgcc.a(fixsfsi.o)
                              c:/users/shahnaz/desktop/psoc creator/4.4/psoc creator/import/gnu/arm/5.4.1/bin/../lib/gcc/arm-none-eabi/5.4.1/armv6-m\libgcc.a(_fixunssfsi.o) (__aeabi_f2iz)
c:/users/shahnaz/desktop/psoc creator/4.4/psoc creator/import/gnu/arm/5.4.1/bin/../lib/gcc/arm-none-eabi/5.4.1/armv6-m\libgcc.a(floatunsisf.o)
                              .\CortexM0\ARM_GCC_541\Debug\libraryCopied.o (__aeabi_ui2f)
c:/users/shahnaz/desktop/psoc creator/4.4/psoc creator/import/gnu/arm/5.4.1/bin/../lib/gcc/arm-none-eabi/5.4.1/armv6-m\libgcc.a(adddf3.o)
                              .\CortexM0\ARM_GCC_541\Debug\libraryCopied.o (__aeabi_dadd)
c:/users/shahnaz/desktop/psoc creator/4.4/psoc creator/import/gnu/arm/5.4.1/bin/../lib/gcc/arm-none-eabi/5.4.1/armv6-m\libgcc.a(divdf3.o)
                              .\CortexM0\ARM_GCC_541\Debug\libraryCopied.o (__aeabi_ddiv)
[...]
Memory Configuration

Name             Origin             Length             Attributes
rom              0x00000000         0x00020000         xr
ram              0x20000000         0x00004000         xrw
*default*        0x00000000         0xffffffff

Linker script and memory map

LOAD c:/users/shahnaz/desktop/psoc creator/4.4/psoc creator/import/gnu/arm/5.4.1/bin/../lib/gcc/arm-none-eabi/5.4.1/armv6-m/crti.o
LOAD c:/users/shahnaz/desktop/psoc creator/4.4/psoc creator/import/gnu/arm/5.4.1/bin/../lib/gcc/arm-none-eabi/5.4.1/armv6-m/crtbegin.o
LOAD c:/users/shahnaz/desktop/psoc creator/4.4/psoc creator/import/gnu/arm/5.4.1/bin/../lib/gcc/arm-none-eabi/5.4.1/../../../../arm-none-eabi/lib/armv6-m/crt0.o
START GROUP
LOAD .\CortexM0\ARM_GCC_541\Debug\main.o
LOAD .\CortexM0\ARM_GCC_541\Debug\libraryCopied.o
LOAD .\CortexM0\ARM_GCC_541\Debug\cyfitter_cfg.o
LOAD .\CortexM0\ARM_GCC_541\Debug\cymetadata.o
LOAD .\CortexM0\ARM_GCC_541\Debug\Cm0Start.o
LOAD .\CortexM0\ARM_GCC_541\Debug\oxygen.a
LOAD C:\Users\shahnaz\Desktop\PSoC Creator\4.4\PSoC Creator\psoc\content\CyComponentLibrary\CyComponentLibrary.cylib\CapSense_CSD_P4_v2_60\PSoC4\Library\CapsenseP4Library_GCC.a
LOAD c:/users/shahnaz/desktop/psoc creator/4.4/psoc creator/import/gnu/arm/5.4.1/bin/../lib/gcc/arm-none-eabi/5.4.1/../../../../arm-none-eabi/lib/armv6-m\libm.a
END GROUP
START GROUP
LOAD c:/users/shahnaz/desktop/psoc creator/4.4/psoc creator/import/gnu/arm/5.4.1/bin/../lib/gcc/arm-none-eabi/5.4.1/armv6-m\libgcc.a
LOAD c:/users/shahnaz/desktop/psoc creator/4.4/psoc creator/import/gnu/arm/5.4.1/bin/../lib/gcc/arm-none-eabi/5.4.1/../../../../arm-none-eabi/lib/armv6-m\libg_nano.a
LOAD c:/users/shahnaz/desktop/psoc creator/4.4/psoc creator/import/gnu/arm/5.4.1/bin/../lib/gcc/arm-none-eabi/5.4.1/../../../../arm-none-eabi/lib/armv6-m\libc_nano.a
END GROUP
START GROUP
LOAD c:/users/shahnaz/desktop/psoc creator/4.4/psoc creator/import/gnu/arm/5.4.1/bin/../lib/gcc/arm-none-eabi/5.4.1/armv6-m\libgcc.a
LOAD c:/users/shahnaz/desktop/psoc creator/4.4/psoc creator/import/gnu/arm/5.4.1/bin/../lib/gcc/arm-none-eabi/5.4.1/../../../../arm-none-eabi/lib/armv6-m\libc_nano.a
END GROUP
LOAD c:/users/shahnaz/desktop/psoc creator/4.4/psoc creator/import/gnu/arm/5.4.1/bin/../lib/gcc/arm-none-eabi/5.4.1/armv6-m/crtend.o
LOAD c:/users/shahnaz/desktop/psoc creator/4.4/psoc creator/import/gnu/arm/5.4.1/bin/../lib/gcc/arm-none-eabi/5.4.1/armv6-m/crtn.o
START GROUP
LOAD c:/users/shahnaz/desktop/psoc creator/4.4/psoc creator/import/gnu/arm/5.4.1/bin/../lib/gcc/arm-none-eabi/5.4.1/armv6-m\libgcc.a
LOAD c:/users/shahnaz/desktop/psoc creator/4.4/psoc creator/import/gnu/arm/5.4.1/bin/../lib/gcc/arm-none-eabi/5.4.1/../../../../arm-none-eabi/lib/armv6-m\libc.a
LOAD c:/users/shahnaz/desktop/psoc creator/4.4/psoc creator/import/gnu/arm/5.4.1/bin/../lib/gcc/arm-none-eabi/5.4.1/../../../../arm-none-eabi/lib/armv6-m\libnosys.a
END GROUP
                0x00000000                CY_APPL_ORIGIN = 0x0
                0x00000080                CY_FLASH_ROW_SIZE = 0x80
                0x00000001                CY_APPL_NUM = 0x1
                0x00000001                CY_APPL_MAX = 0x1
                0x00000040                CY_METADATA_SIZE = 0x40
                0x00000000                CY_APPL_LOADABLE = 0x0
                0x00000000                CY_CHECKSUM_EXCLUDE_SIZE = ALIGN (0x0, CY_FLASH_ROW_SIZE)
                0x00000000                CY_APP_FOR_STACK_AND_COPIER = 0x0
                [!provide]                PROVIDE (__cy_heap_start, _end)
                0x00000001                PROVIDE (__cy_region_num, ((__cy_regions_end - __cy_regions) / 0x10))
                0x20004000                PROVIDE (__cy_stack, (ORIGIN (ram) + LENGTH (ram)))
                [!provide]                PROVIDE (__cy_heap_end, (__cy_stack - 0x800))

.cybootloader   0x00000000        0x0
 *(.cybootloader)
                0x00000000                appl1_start = CY_APPL_ORIGIN?CY_APPL_ORIGIN:ALIGN (CY_FLASH_ROW_SIZE)
                0x0000ff80                appl2_start = (appl1_start + ALIGN ((((LENGTH (rom) - appl1_start) - (0x2 * CY_FLASH_ROW_SIZE)) / 0x2), CY_FLASH_ROW_SIZE))
                0x00000000                appl_start = (CY_APPL_NUM == 0x1)?appl1_start:appl2_start
                0x00000001                cy_project_type_bootloader = (appl_start == 0x0)?0x1:0x0
                0x00000000                cy_project_type_app_for_stack_and_copier = (CY_APP_FOR_STACK_AND_COPIER == 0x1)?0x1:0x0

.text           0x00000000     0x5e74
 CREATE_OBJECT_SYMBOLS
                0x00000000                PROVIDE (__cy_interrupt_vector, RomVectors)
 *(.romvectors)
 .romvectors    0x00000000       0x10 .\CortexM0\ARM_GCC_541\Debug\Cm0Start.o
                0x00000000                RomVectors
                0x00000001                ASSERT ((. != __cy_interrupt_vector), No interrupt vector)
                0x00000001                ASSERT (CY_APPL_ORIGIN?(SIZEOF (.cybootloader) <= CY_APPL_ORIGIN):0x1, Wrong image location)
                0x00000010                PROVIDE (__cy_reset, Reset)
 *(.text.Reset)
 .text.Reset    0x00000010        0x8 .\CortexM0\ARM_GCC_541\Debug\Cm0Start.o
                0x00000010                Reset
                0x00000001                ASSERT ((. != __cy_reset), No reset code)
 *(.psocinit)
 .psocinit      0x00000018      0x32c .\CortexM0\ARM_GCC_541\Debug\cyfitter_cfg.o
                0x00000158                cyfitter_cfg
                0x00000344                . = MAX (., 0x100)
 *(.text .text.* .gnu.linkonce.t.*)
 .text          0x00000344       0x60 c:/users/shahnaz/desktop/psoc creator/4.4/psoc creator/import/gnu/arm/5.4.1/bin/../lib/gcc/arm-none-eabi/5.4.1/armv6-m/crtbegin.o
 .text.main     0x000003a4       0x74 .\CortexM0\ARM_GCC_541\Debug\main.o
                0x000003a4                main
 .text.OxygenSensor_Begin
                0x00000418       0x50 .\CortexM0\ARM_GCC_541\Debug\libraryCopied.o
                0x00000418                OxygenSensor_Begin
 .text.OxygenSensor_ReadFlash
                0x00000468       0xb4 .\CortexM0\ARM_GCC_541\Debug\libraryCopied.o
                0x00000468                OxygenSensor_ReadFlash
 .text.OxygenSensor_GetAverage
                0x0000051c       0x30 .\CortexM0\ARM_GCC_541\Debug\libraryCopied.o
                0x0000051c                OxygenSensor_GetAverage
 .text.OxygenSensor_GetOxygenData
                0x0000054c      0x150 .\CortexM0\ARM_GCC_541\Debug\libraryCopied.o
                0x0000054c                OxygenSensor_GetOxygenData
 .text.cfg_write_bytes32
                0x0000069c       0x34 .\CortexM0\ARM_GCC_541\Debug\cyfitter_cfg.o
 .text.CYMEMZERO
                0x000006d0        0xc .\CortexM0\ARM_GCC_541\Debug\cyfitter_cfg.o
 .text.SetAnalogRoutingPumps
                0x000006dc       0x20 .\CortexM0\ARM_GCC_541\Debug\cyfitter_cfg.o
                0x000006dc                SetAnalogRoutingPumps
 .text.AnalogSetDefault
                0x000006fc       0x7c .\CortexM0\ARM_GCC_541\Debug\cyfitter_cfg.o
 .text.IntDefaultHandler
                0x00000778       0x10 .\CortexM0\ARM_GCC_541\Debug\Cm0Start.o
                0x00000778                IntDefaultHandler
 .text._sbrk    0x00000788       0x34 .\CortexM0\ARM_GCC_541\Debug\Cm0Start.o
                0x00000788                _sbrk
 .text.Start_c  0x000007bc       0x48 .\CortexM0\ARM_GCC_541\Debug\Cm0Start.o
                0x000007bc                Start_c
 .text.initialize_psoc
                0x00000804       0x4c .\CortexM0\ARM_GCC_541\Debug\Cm0Start.o
                0x00000804                initialize_psoc
 .text.UART_ScbModePostEnable
                0x00000850        0x8 .\CortexM0\ARM_GCC_541\Debug\oxygen.a(UART.o)
 .text.UART_Init
                0x00000858        0x8 .\CortexM0\ARM_GCC_541\Debug\oxygen.a(UART.o)
                0x00000858                UART_Init
 .text.UART_Enable
                0x00000860       0x18 .\CortexM0\ARM_GCC_541\Debug\oxygen.a(UART.o)
                0x00000860                UART_Enable
 .text.UART_Start
                0x00000878       0x20 .\CortexM0\ARM_GCC_541\Debug\oxygen.a(UART.o)
                0x00000878                UART_Start
 .text.UART_UartInit
                0x00000898       0xa8 .\CortexM0\ARM_GCC_541\Debug\oxygen.a(UART_UART.o)
                0x00000898                UART_UartInit
 .text.UART_UartPostEnable
                0x00000940       0x24 .\CortexM0\ARM_GCC_541\Debug\oxygen.a(UART_UART.o)
                0x00000940                UART_UartPostEnable
 .text.UART_UartPutString
                0x00000964       0x18 .\CortexM0\ARM_GCC_541\Debug\oxygen.a(UART_UART.o)
                0x00000964                UART_UartPutString
 .text.I2C_ScbEnableIntr
                0x0000097c        0xc .\CortexM0\ARM_GCC_541\Debug\oxygen.a(I2C.o)
 .text.I2C_Init
                0x00000988        0x8 .\CortexM0\ARM_GCC_541\Debug\oxygen.a(I2C.o)
                0x00000988                I2C_Init
 .text.I2C_Enable
                0x00000990       0x18 .\CortexM0\ARM_GCC_541\Debug\oxygen.a(I2C.o)
                0x00000990                I2C_Enable
 .text.I2C_Start
                0x000009a8       0x20 .\CortexM0\ARM_GCC_541\Debug\oxygen.a(I2C.o)
                0x000009a8                I2C_Start
 .text.I2C_I2CInit
                0x000009c8       0xb8 .\CortexM0\ARM_GCC_541\Debug\oxygen.a(I2C_I2C.o)
                0x000009c8                I2C_I2CInit
 .text.I2C_I2CFwBlockReset
                0x00000a80       0x5c .\CortexM0\ARM_GCC_541\Debug\oxygen.a(I2C_I2C.o)
                0x00000a80                I2C_I2CFwBlockReset
 .text.I2C_I2CMasterWaitOneUnit
                0x00000adc       0x28 .\CortexM0\ARM_GCC_541\Debug\oxygen.a(I2C_I2C_MASTER.o)
 .text.I2C_I2CMasterHandleStatus
                0x00000b04       0xc4 .\CortexM0\ARM_GCC_541\Debug\oxygen.a(I2C_I2C_MASTER.o)
 .text.I2C_I2CMasterSendStart
                0x00000bc8       0xc4 .\CortexM0\ARM_GCC_541\Debug\oxygen.a(I2C_I2C_MASTER.o)
                0x00000bc8                I2C_I2CMasterSendStart
 .text.I2C_I2CMasterSendStop
                0x00000c8c       0x58 .\CortexM0\ARM_GCC_541\Debug\oxygen.a(I2C_I2C_MASTER.o)
                0x00000c8c                I2C_I2CMasterSendStop
 .text.I2C_I2CMasterWriteByte
                0x00000ce4       0x48 .\CortexM0\ARM_GCC_541\Debug\oxygen.a(I2C_I2C_MASTER.o)
                0x00000ce4                I2C_I2CMasterWriteByte
 .text.I2C_I2CMasterReadByte
                0x00000d2c       0x7c .\CortexM0\ARM_GCC_541\Debug\oxygen.a(I2C_I2C_MASTER.o)
                0x00000d2c                I2C_I2CMasterReadByte
 .text.I2C_I2CMasterClearStatus
                0x00000da8       0x20 .\CortexM0\ARM_GCC_541\Debug\oxygen.a(I2C_I2C_MASTER.o)
                0x00000da8                I2C_I2CMasterClearStatus
 .text.I2C_I2CReStartGeneration
                0x00000dc8       0x20 .\CortexM0\ARM_GCC_541\Debug\oxygen.a(I2C_I2C_MASTER.o)
                0x00000dc8                I2C_I2CReStartGeneration
 .text.I2C_I2CMasterSendRestart
                0x00000de8       0x68 .\CortexM0\ARM_GCC_541\Debug\oxygen.a(I2C_I2C_MASTER.o)
                0x00000de8                I2C_I2CMasterSendRestart
 .text.CySysClkImoDisableWcoLock
                0x00000e50       0x54 .\CortexM0\ARM_GCC_541\Debug\oxygen.a(CyLib.o)
                0x00000e50                CySysClkImoDisableWcoLock
 .text.CySysClkImoGetWcoLock
                0x00000ea4       0x14 .\CortexM0\ARM_GCC_541\Debug\oxygen.a(CyLib.o)
                0x00000ea4                CySysClkImoGetWcoLock
 .text.CyIntEnable
                0x00000eb8       0x14 .\CortexM0\ARM_GCC_541\Debug\oxygen.a(CyLib.o)
                0x00000eb8                CyIntEnable
 .text.CyIntDisable
                0x00000ecc       0x14 .\CortexM0\ARM_GCC_541\Debug\oxygen.a(CyLib.o)
                0x00000ecc                CyIntDisable
 .text.CyHalt   0x00000ee0        0x4 .\CortexM0\ARM_GCC_541\Debug\oxygen.a(CyLib.o)
                0x00000ee0                CyHalt
 .text.CyIntSetVector
                0x00000ee4       0x24 .\CortexM0\ARM_GCC_541\Debug\oxygen.a(CyLib.o)
                0x00000ee4                CyIntSetVector
 .text.CyIntSetPriority
                0x00000f08       0x4c .\CortexM0\ARM_GCC_541\Debug\oxygen.a(CyLib.o)
                0x00000f08                CyIntSetPriority
 .text.CyDelay  0x00000f54       0x30 .\CortexM0\ARM_GCC_541\Debug\oxygen.a(CyLib.o)
                0x00000f54                CyDelay
 .text.CySysClkImoEnableWcoLock
                0x00000f84       0xf4 .\CortexM0\ARM_GCC_541\Debug\oxygen.a(CyLib.o)
                0x00000f84                CySysClkImoEnableWcoLock
 .text.CySysClkWriteImoFreq
                0x00001078       0x80 .\CortexM0\ARM_GCC_541\Debug\oxygen.a(CyLib.o)
                0x00001078                CySysClkWriteImoFreq
 .text.CyDelayUs
                0x000010f8       0x14 .\CortexM0\ARM_GCC_541\Debug\oxygen.a(CyLib.o)
                0x000010f8                CyDelayUs
 .text.CySysWdtLocked
                0x0000110c       0x14 .\CortexM0\ARM_GCC_541\Debug\oxygen.a(CyLFClk.o)
 .text.CySysClkWcoEnabled
                0x00001120       0x14 .\CortexM0\ARM_GCC_541\Debug\oxygen.a(CyLFClk.o)
                0x00001120                CySysClkWcoEnabled
 .text.CySysWdtLock
                0x00001134       0x1c .\CortexM0\ARM_GCC_541\Debug\oxygen.a(CyLFClk.o)
                0x00001134                CySysWdtLock
 .text.CySysWdtUnlock
                0x00001150       0x30 .\CortexM0\ARM_GCC_541\Debug\oxygen.a(CyLFClk.o)
                0x00001150                CySysWdtUnlock
 .text.CySysWdtClearInterrupt
                0x00001180       0x4c .\CortexM0\ARM_GCC_541\Debug\oxygen.a(CyLFClk.o)
                0x00001180                CySysWdtClearInterrupt
 .text.CySysWdtIsr
                0x000011cc       0xa4 .\CortexM0\ARM_GCC_541\Debug\oxygen.a(CyLFClk.o)
                0x000011cc                CySysWdtIsr
 .text          0x00001270       0x20 .\CortexM0\ARM_GCC_541\Debug\oxygen.a(CyBootAsmGnu.o)
                0x00001270                CyDelayCycles
                0x00001282                CyEnterCriticalSection
                0x0000128a                CyExitCriticalSection
 .text.UART_SpiUartWriteTxData
                0x00001290       0x1c .\CortexM0\ARM_GCC_541\Debug\oxygen.a(UART_SPI_UART.o)
                0x00001290                UART_SpiUartWriteTxData
 .text.I2C_I2C_ISR
                0x000012ac      0x340 .\CortexM0\ARM_GCC_541\Debug\oxygen.a(I2C_I2C_INT.o)
                0x000012ac                I2C_I2C_ISR
 .text.CySysFlashSetWaitCycles
                0x000015ec       0x54 .\CortexM0\ARM_GCC_541\Debug\oxygen.a(CyFlash.o)
                0x000015ec                CySysFlashSetWaitCycles
 .text          0x00001640      0x114 c:/users/shahnaz/desktop/psoc creator/4.4/psoc creator/import/gnu/arm/5.4.1/bin/../lib/gcc/arm-none-eabi/5.4.1/armv6-m\libgcc.a(_udivsi3.o)
                0x00001640                __aeabi_uidiv
                0x00001640                __udivsi3
                0x0000174c                __aeabi_uidivmod
 .text          0x00001754      0x1d4 c:/users/shahnaz/desktop/psoc creator/4.4/psoc creator/import/gnu/arm/5.4.1/bin/../lib/gcc/arm-none-eabi/5.4.1/armv6-m\libgcc.a(_divsi3.o)
                0x00001754                __divsi3
                0x00001754                __aeabi_idiv
                0x00001920                __aeabi_idivmod
 .text          0x00001928        0x4 c:/users/shahnaz/desktop/psoc creator/4.4/psoc creator/import/gnu/arm/5.4.1/bin/../lib/gcc/arm-none-eabi/5.4.1/armv6-m\libgcc.a(_dvmd_tls.o)
                0x00001928                __aeabi_idiv0
                0x00001928                __aeabi_ldiv0
 .text          0x0000192c       0x7c c:/users/shahnaz/desktop/psoc creator/4.4/psoc creator/import/gnu/arm/5.4.1/bin/../lib/gcc/arm-none-eabi/5.4.1/armv6-m\libgcc.a(_arm_cmpdf2.o)
                0x0000192c                __aeabi_cdrcmple
                0x0000193c                __aeabi_cdcmple
                0x0000193c                __aeabi_cdcmpeq
                0x0000194c                __aeabi_dcmpeq
                0x00001958                __aeabi_dcmplt
                0x0000196c                __aeabi_dcmple
                0x00001980                __aeabi_dcmpgt
                0x00001994                __aeabi_dcmpge
 .text          0x000019a8      0x2ec c:/users/shahnaz/desktop/psoc creator/4.4/psoc creator/import/gnu/arm/5.4.1/bin/../lib/gcc/arm-none-eabi/5.4.1/armv6-m\libgcc.a(addsf3.o)
                0x000019a8                __aeabi_fadd
 .text          0x00001c94      0x234 c:/users/shahnaz/desktop/psoc creator/4.4/psoc creator/import/gnu/arm/5.4.1/bin/../lib/gcc/arm-none-eabi/5.4.1/armv6-m\libgcc.a(divsf3.o)
                0x00001c94                __aeabi_fdiv
 .text          0x00001ec8       0x7c c:/users/shahnaz/desktop/psoc creator/4.4/psoc creator/import/gnu/arm/5.4.1/bin/../lib/gcc/arm-none-eabi/5.4.1/armv6-m\libgcc.a(floatunsisf.o)
                0x00001ec8                __aeabi_ui2f
 .text          0x00001f44      0x658 c:/users/shahnaz/desktop/psoc creator/4.4/psoc creator/import/gnu/arm/5.4.1/bin/../lib/gcc/arm-none-eabi/5.4.1/armv6-m\libgcc.a(adddf3.o)
                0x00001f44                __aeabi_dadd
 .text          0x0000259c      0x62c c:/users/shahnaz/desktop/psoc creator/4.4/psoc creator/import/gnu/arm/5.4.1/bin/../lib/gcc/arm-none-eabi/5.4.1/armv6-m\libgcc.a(divdf3.o)
                0x0000259c                __aeabi_ddiv
 .text          0x00002bc8       0x80 c:/users/shahnaz/desktop/psoc creator/4.4/psoc creator/import/gnu/arm/5.4.1/bin/../lib/gcc/arm-none-eabi/5.4.1/armv6-m\libgcc.a(eqdf2.o)
                0x00002bc8                __nedf2
                0x00002bc8                __eqdf2
 .text          0x00002c48       0xc8 c:/users/shahnaz/desktop/psoc creator/4.4/psoc creator/import/gnu/arm/5.4.1/bin/../lib/gcc/arm-none-eabi/5.4.1/armv6-m\libgcc.a(gedf2.o)
                0x00002c48                __gedf2
                0x00002c48                __gtdf2
 .text          0x00002d10       0xd4 c:/users/shahnaz/desktop/psoc creator/4.4/psoc creator/import/gnu/arm/5.4.1/bin/../lib/gcc/arm-none-eabi/5.4.1/armv6-m\libgcc.a(ledf2.o)
                0x00002d10                __ledf2
                0x00002d10                __ltdf2
 .text          0x00002de4      0x4f4 c:/users/shahnaz/desktop/psoc creator/4.4/psoc creator/import/gnu/arm/5.4.1/bin/../lib/gcc/arm-none-eabi/5.4.1/armv6-m\libgcc.a(muldf3.o)
                0x00002de4                __aeabi_dmul
 .text          0x000032d8       0x84 c:/users/shahnaz/desktop/psoc creator/4.4/psoc creator/import/gnu/arm/5.4.1/bin/../lib/gcc/arm-none-eabi/5.4.1/armv6-m\libgcc.a(floatsidf.o)
                0x000032d8                __aeabi_i2d
 .text          0x0000335c       0xa8 c:/users/shahnaz/desktop/psoc creator/4.4/psoc creator/import/gnu/arm/5.4.1/bin/../lib/gcc/arm-none-eabi/5.4.1/armv6-m\libgcc.a(extendsfdf2.o)
                0x0000335c                __aeabi_f2d
 .text          0x00003404      0x118 c:/users/shahnaz/desktop/psoc creator/4.4/psoc creator/import/gnu/arm/5.4.1/bin/../lib/gcc/arm-none-eabi/5.4.1/armv6-m\libgcc.a(truncdfsf2.o)
                0x00003404                __aeabi_d2f
 .text          0x0000351c       0x3c c:/users/shahnaz/desktop/psoc creator/4.4/psoc creator/import/gnu/arm/5.4.1/bin/../lib/gcc/arm-none-eabi/5.4.1/armv6-m\libgcc.a(_clzsi2.o)
                0x0000351c                __clzsi2
 .text.__errno  0x00003558        0xc c:/users/shahnaz/desktop/psoc creator/4.4/psoc creator/import/gnu/arm/5.4.1/bin/../lib/gcc/arm-none-eabi/5.4.1/../../../../arm-none-eabi/lib/armv6-m\libg_nano.a(lib_a-errno.o)
                0x00003558                __errno
 .text.__libc_init_array
                0x00003564       0x4c c:/users/shahnaz/desktop/psoc creator/4.4/psoc creator/import/gnu/arm/5.4.1/bin/../lib/gcc/arm-none-eabi/5.4.1/../../../../arm-none-eabi/lib/armv6-m\libg_nano.a(lib_a-init.o)
                0x00003564                __libc_init_array
 .text.memcpy   0x000035b0       0x12 c:/users/shahnaz/desktop/psoc creator/4.4/psoc creator/import/gnu/arm/5.4.1/bin/../lib/gcc/arm-none-eabi/5.4.1/../../../../arm-none-eabi/lib/armv6-m\libg_nano.a(lib_a-memcpy-stub.o)
                0x000035b0                memcpy
 .text.memset   0x000035c2       0x10 c:/users/shahnaz/desktop/psoc creator/4.4/psoc creator/import/gnu/arm/5.4.1/bin/../lib/gcc/arm-none-eabi/5.4.1/../../../../arm-none-eabi/lib/armv6-m\libg_nano.a(lib_a-memset.o)
                0x000035c2                memset
 .text.__cvt    0x000035d2       0xca c:/users/shahnaz/desktop/psoc creator/4.4/psoc creator/import/gnu/arm/5.4.1/bin/../lib/gcc/arm-none-eabi/5.4.1/../../../../arm-none-eabi/lib/armv6-m\libg_nano.a(lib_a-nano-vfprintf_float.o)
                0x000035d2                __cvt
 .text.__exponent
                0x0000369c       0x62 c:/users/shahnaz/desktop/psoc creator/4.4/psoc creator/import/gnu/arm/5.4.1/bin/../lib/gcc/arm-none-eabi/5.4.1/../../../../arm-none-eabi/lib/armv6-m\libg_nano.a(lib_a-nano-vfprintf_float.o)
                0x0000369c                __exponent
 *fill*         0x000036fe        0x2 
 .text._printf_float
                0x00003700      0x4a0 c:/users/shahnaz/desktop/psoc creator/4.4/psoc creator/import/gnu/arm/5.4.1/bin/../lib/gcc/arm-none-eabi/5.4.1/../../../../arm-none-eabi/lib/armv6-m\libg_nano.a(lib_a-nano-vfprintf_float.o)
                0x00003700                _printf_float
 .text._printf_common
                0x00003ba0       0xdc c:/users/shahnaz/desktop/psoc creator/4.4/psoc creator/import/gnu/arm/5.4.1/bin/../lib/gcc/arm-none-eabi/5.4.1/../../../../arm-none-eabi/lib/armv6-m\libg_nano.a(lib_a-nano-vfprintf_i.o)
                0x00003ba0                _printf_common
 .text._printf_i
                0x00003c7c      0x244 c:/users/shahnaz/desktop/psoc creator/4.4/psoc creator/import/gnu/arm/5.4.1/bin/../lib/gcc/arm-none-eabi/5.4.1/../../../../arm-none-eabi/lib/armv6-m\libg_nano.a(lib_a-nano-vfprintf_i.o)
                0x00003c7c                _printf_i
 .text.sprintf  0x00003ec0       0x44 c:/users/shahnaz/desktop/psoc creator/4.4/psoc creator/import/gnu/arm/5.4.1/bin/../lib/gcc/arm-none-eabi/5.4.1/../../../../arm-none-eabi/lib/armv6-m\libg_nano.a(lib_a-sprintf.o)
                0x00003ec0                siprintf
                0x00003ec0                sprintf
 .text          0x00003f04        0xe c:/users/shahnaz/desktop/psoc creator/4.4/psoc creator/import/gnu/arm/5.4.1/bin/../lib/gcc/arm-none-eabi/5.4.1/../../../../arm-none-eabi/lib/armv6-m\libg_nano.a(lib_a-strlen.o)
                0x00003f04                strlen
 .text.quorem   0x00003f12      0x10c c:/users/shahnaz/desktop/psoc creator/4.4/psoc creator/import/gnu/arm/5.4.1/bin/../lib/gcc/arm-none-eabi/5.4.1/../../../../arm-none-eabi/lib/armv6-m\libg_nano.a(lib_a-dtoa.o)
 *fill*         0x0000401e        0x2 
 .text._dtoa_r  0x00004020      0xb8c c:/users/shahnaz/desktop/psoc creator/4.4/psoc creator/import/gnu/arm/5.4.1/bin/../lib/gcc/arm-none-eabi/5.4.1/../../../../arm-none-eabi/lib/armv6-m\libg_nano.a(lib_a-dtoa.o)
                0x00004020                _dtoa_r
 .text._localeconv_r
                0x00004bac        0x8 c:/users/shahnaz/desktop/psoc creator/4.4/psoc creator/import/gnu/arm/5.4.1/bin/../lib/gcc/arm-none-eabi/5.4.1/../../../../arm-none-eabi/lib/armv6-m\libg_nano.a(lib_a-locale.o)
                0x00004bac                _localeconv_r
 .text.malloc   0x00004bb4       0x14 c:/users/shahnaz/desktop/psoc creator/4.4/psoc creator/import/gnu/arm/5.4.1/bin/../lib/gcc/arm-none-eabi/5.4.1/../../../../arm-none-eabi/lib/armv6-m\libg_nano.a(lib_a-malloc.o)
                0x00004bb4                malloc
 .text.memchr   0x00004bc8       0x16 c:/users/shahnaz/desktop/psoc creator/4.4/psoc creator/import/gnu/arm/5.4.1/bin/../lib/gcc/arm-none-eabi/5.4.1/../../../../arm-none-eabi/lib/armv6-m\libg_nano.a(lib_a-memchr-stub.o)
                0x00004bc8                memchr
 .text._Balloc  0x00004bde       0x70 c:/users/shahnaz/desktop/psoc creator/4.4/psoc creator/import/gnu/arm/5.4.1/bin/../lib/gcc/arm-none-eabi/5.4.1/../../../../arm-none-eabi/lib/armv6-m\libg_nano.a(lib_a-mprec.o)
                0x00004bde                _Balloc
 .text._Bfree   0x00004c4e       0x32 c:/users/shahnaz/desktop/psoc creator/4.4/psoc creator/import/gnu/arm/5.4.1/bin/../lib/gcc/arm-none-eabi/5.4.1/../../../../arm-none-eabi/lib/armv6-m\libg_nano.a(lib_a-mprec.o)
                0x00004c4e                _Bfree
 .text.__multadd
                0x00004c80       0x7a c:/users/shahnaz/desktop/psoc creator/4.4/psoc creator/import/gnu/arm/5.4.1/bin/../lib/gcc/arm-none-eabi/5.4.1/../../../../arm-none-eabi/lib/armv6-m\libg_nano.a(lib_a-mprec.o)
                0x00004c80                __multadd
 .text.__hi0bits
                0x00004cfa       0x36 c:/users/shahnaz/desktop/psoc creator/4.4/psoc creator/import/gnu/arm/5.4.1/bin/../lib/gcc/arm-none-eabi/5.4.1/../../../../arm-none-eabi/lib/armv6-m\libg_nano.a(lib_a-mprec.o)
                0x00004cfa                __hi0bits
 .text.__lo0bits
                0x00004d30       0x5e c:/users/shahnaz/desktop/psoc creator/4.4/psoc creator/import/gnu/arm/5.4.1/bin/../lib/gcc/arm-none-eabi/5.4.1/../../../../arm-none-eabi/lib/armv6-m\libg_nano.a(lib_a-mprec.o)
                0x00004d30                __lo0bits
 .text.__i2b    0x00004d8e       0x12 c:/users/shahnaz/desktop/psoc creator/4.4/psoc creator/import/gnu/arm/5.4.1/bin/../lib/gcc/arm-none-eabi/5.4.1/../../../../arm-none-eabi/lib/armv6-m\libg_nano.a(lib_a-mprec.o)
                0x00004d8e                __i2b
 .text.__multiply
                0x00004da0      0x112 c:/users/shahnaz/desktop/psoc creator/4.4/psoc creator/import/gnu/arm/5.4.1/bin/../lib/gcc/arm-none-eabi/5.4.1/../../../../arm-none-eabi/lib/armv6-m\libg_nano.a(lib_a-mprec.o)
                0x00004da0                __multiply
 *fill*         0x00004eb2        0x2 
 .text.__pow5mult
                0x00004eb4       0xa8 c:/users/shahnaz/desktop/psoc creator/4.4/psoc creator/import/gnu/arm/5.4.1/bin/../lib/gcc/arm-none-eabi/5.4.1/../../../../arm-none-eabi/lib/armv6-m\libg_nano.a(lib_a-mprec.o)
                0x00004eb4                __pow5mult
 .text.__lshift
                0x00004f5c       0xa4 c:/users/shahnaz/desktop/psoc creator/4.4/psoc creator/import/gnu/arm/5.4.1/bin/../lib/gcc/arm-none-eabi/5.4.1/../../../../arm-none-eabi/lib/armv6-m\libg_nano.a(lib_a-mprec.o)
                0x00004f5c                __lshift
 .text.__mcmp   0x00005000       0x36 c:/users/shahnaz/desktop/psoc creator/4.4/psoc creator/import/gnu/arm/5.4.1/bin/../lib/gcc/arm-none-eabi/5.4.1/../../../../arm-none-eabi/lib/armv6-m\libg_nano.a(lib_a-mprec.o)
                0x00005000                __mcmp
 .text.__mdiff  0x00005036       0xd6 c:/users/shahnaz/desktop/psoc creator/4.4/psoc creator/import/gnu/arm/5.4.1/bin/../lib/gcc/arm-none-eabi/5.4.1/../../../../arm-none-eabi/lib/armv6-m\libg_nano.a(lib_a-mprec.o)
                0x00005036                __mdiff
 .text.__d2b    0x0000510c       0xa8 c:/users/shahnaz/desktop/psoc creator/4.4/psoc creator/import/gnu/arm/5.4.1/bin/../lib/gcc/arm-none-eabi/5.4.1/../../../../arm-none-eabi/lib/armv6-m\libg_nano.a(lib_a-mprec.o)
                0x0000510c                __d2b
 .text._calloc_r
                0x000051b4       0x1c c:/users/shahnaz/desktop/psoc creator/4.4/psoc creator/import/gnu/arm/5.4.1/bin/../lib/gcc/arm-none-eabi/5.4.1/../../../../arm-none-eabi/lib/armv6-m\libg_nano.a(lib_a-nano-callocr.o)
                0x000051b4                _calloc_r
 .text._free_r  0x000051d0       0x98 c:/users/shahnaz/desktop/psoc creator/4.4/psoc creator/import/gnu/arm/5.4.1/bin/../lib/gcc/arm-none-eabi/5.4.1/../../../../arm-none-eabi/lib/armv6-m\libg_nano.a(lib_a-nano-freer.o)
                0x000051d0                _free_r
 .text._malloc_r
                0x00005268       0xc0 c:/users/shahnaz/desktop/psoc creator/4.4/psoc creator/import/gnu/arm/5.4.1/bin/../lib/gcc/arm-none-eabi/5.4.1/../../../../arm-none-eabi/lib/armv6-m\libg_nano.a(lib_a-nano-mallocr.o)
                0x00005268                _malloc_r
 .text.__ssputs_r
                0x00005328       0xc4 c:/users/shahnaz/desktop/psoc creator/4.4/psoc creator/import/gnu/arm/5.4.1/bin/../lib/gcc/arm-none-eabi/5.4.1/../../../../arm-none-eabi/lib/armv6-m\libg_nano.a(lib_a-nano-svfprintf.o)
                0x00005328                __ssputs_r
 .text._svfprintf_r
                0x000053ec      0x1fc c:/users/shahnaz/desktop/psoc creator/4.4/psoc creator/import/gnu/arm/5.4.1/bin/../lib/gcc/arm-none-eabi/5.4.1/../../../../arm-none-eabi/lib/armv6-m\libg_nano.a(lib_a-nano-svfprintf.o)
                0x000053ec                _svfiprintf_r
                0x000053ec                _svfprintf_r
 .text._sbrk_r  0x000055e8       0x24 c:/users/shahnaz/desktop/psoc creator/4.4/psoc creator/import/gnu/arm/5.4.1/bin/../lib/gcc/arm-none-eabi/5.4.1/../../../../arm-none-eabi/lib/armv6-m\libg_nano.a(lib_a-sbrkr.o)
                0x000055e8                _sbrk_r
 .text.memmove  0x0000560c       0x2a c:/users/shahnaz/desktop/psoc creator/4.4/psoc creator/import/gnu/arm/5.4.1/bin/../lib/gcc/arm-none-eabi/5.4.1/../../../../arm-none-eabi/lib/armv6-m\libg_nano.a(lib_a-memmove.o)
                0x0000560c                memmove
 .text.__malloc_lock
                0x00005636        0x2 c:/users/shahnaz/desktop/psoc creator/4.4/psoc creator/import/gnu/arm/5.4.1/bin/../lib/gcc/arm-none-eabi/5.4.1/../../../../arm-none-eabi/lib/armv6-m\libg_nano.a(lib_a-mlock.o)
                0x00005636                __malloc_lock
 .text.__malloc_unlock
                0x00005638        0x2 c:/users/shahnaz/desktop/psoc creator/4.4/psoc creator/import/gnu/arm/5.4.1/bin/../lib/gcc/arm-none-eabi/5.4.1/../../../../arm-none-eabi/lib/armv6-m\libg_nano.a(lib_a-mlock.o)
                0x00005638                __malloc_unlock
 .text._realloc_r
                0x0000563a       0x4c c:/users/shahnaz/desktop/psoc creator/4.4/psoc creator/import/gnu/arm/5.4.1/bin/../lib/gcc/arm-none-eabi/5.4.1/../../../../arm-none-eabi/lib/armv6-m\libg_nano.a(lib_a-nano-reallocr.o)
                0x0000563a                _realloc_r
 .text._malloc_usable_size_r
                0x00005686       0x16 c:/users/shahnaz/desktop/psoc creator/4.4/psoc creator/import/gnu/arm/5.4.1/bin/../lib/gcc/arm-none-eabi/5.4.1/../../../../arm-none-eabi/lib/armv6-m\libg_nano.a(lib_a-nano-msizer.o)
                0x00005686                _malloc_usable_size_r
 .text          0x0000569c       0x14 c:/users/shahnaz/desktop/psoc creator/4.4/psoc creator/import/gnu/arm/5.4.1/bin/../lib/gcc/arm-none-eabi/5.4.1/armv6-m\libgcc.a(_thumb1_case_uqi.o)
                0x0000569c                __gnu_thumb1_case_uqi
 .text          0x000056b0      0x6a8 c:/users/shahnaz/desktop/psoc creator/4.4/psoc creator/import/gnu/arm/5.4.1/bin/../lib/gcc/arm-none-eabi/5.4.1/armv6-m\libgcc.a(subdf3.o)
                0x000056b0                __aeabi_dsub
 .text          0x00005d58       0x40 c:/users/shahnaz/desktop/psoc creator/4.4/psoc creator/import/gnu/arm/5.4.1/bin/../lib/gcc/arm-none-eabi/5.4.1/armv6-m\libgcc.a(unorddf2.o)
                0x00005d58                __aeabi_dcmpun
 .text          0x00005d98       0x6c c:/users/shahnaz/desktop/psoc creator/4.4/psoc creator/import/gnu/arm/5.4.1/bin/../lib/gcc/arm-none-eabi/5.4.1/armv6-m\libgcc.a(fixdfsi.o)
                0x00005d98                __aeabi_d2iz
 .text          0x00005e04       0x70 c:/users/shahnaz/desktop/psoc creator/4.4/psoc creator/import/gnu/arm/5.4.1/bin/../lib/gcc/arm-none-eabi/5.4.1/armv6-m\libgcc.a(floatunsidf.o)
                0x00005e04                __aeabi_ui2d
 *(.plt)
 *(.gnu.warning)
 *(.glue_7t)
 .glue_7t       0x00005e74        0x0 linker stubs
 *(.glue_7)
 .glue_7        0x00005e74        0x0 linker stubs
 *(.vfp11_veneer)
 .vfp11_veneer  0x00005e74        0x0 linker stubs
 *(.bootloader)
 *(.ARM.extab* .gnu.linkonce.armextab.*)
 *(.gcc_except_table)

.v4_bx          0x00005e74        0x0
 .v4_bx         0x00005e74        0x0 linker stubs

.iplt           0x00005e74        0x0
 .iplt          0x00005e74        0x0 c:/users/shahnaz/desktop/psoc creator/4.4/psoc creator/import/gnu/arm/5.4.1/bin/../lib/gcc/arm-none-eabi/5.4.1/armv6-m/crtbegin.o

.eh_frame_hdr
 *(.eh_frame_hdr)

.eh_frame       0x00005e74        0x4
 *(.eh_frame)
 .eh_frame      0x00005e74        0x0 c:/users/shahnaz/desktop/psoc creator/4.4/psoc creator/import/gnu/arm/5.4.1/bin/../lib/gcc/arm-none-eabi/5.4.1/armv6-m/crtbegin.o
 .eh_frame      0x00005e74        0x4 c:/users/shahnaz/desktop/psoc creator/4.4/psoc creator/import/gnu/arm/5.4.1/bin/../lib/gcc/arm-none-eabi/5.4.1/armv6-m/crtend.o
                [!provide]                PROVIDE (__exidx_start, .)

.ARM.exidx
 *(.ARM.exidx* .gnu.linkonce.armexidx.*)
                0x00005e78                __exidx_end = .

.rodata         0x00005e78      0x4b0
 *(.rodata .rodata.* .gnu.linkonce.r.*)
 .rodata.str1.4
                0x00005e78       0x83 .\CortexM0\ARM_GCC_541\Debug\main.o
 *fill*         0x00005efb        0x1 
 .rodata.str1.4
                0x00005efc      0x104 .\CortexM0\ARM_GCC_541\Debug\libraryCopied.o
                                0x101 (size before relaxing)
 .rodata        0x00006000       0x60 .\CortexM0\ARM_GCC_541\Debug\cyfitter_cfg.o
 .rodata        0x00006060       0x2e .\CortexM0\ARM_GCC_541\Debug\oxygen.a(CyLib.o)
                0x00006060                cyImoFreqMhz2Reg
 *fill*         0x0000608e        0x2 
 .rodata        0x00006090       0x80 c:/users/shahnaz/desktop/psoc creator/4.4/psoc creator/import/gnu/arm/5.4.1/bin/../lib/gcc/arm-none-eabi/5.4.1/armv6-m\libgcc.a(divsf3.o)
 .rodata        0x00006110       0x40 c:/users/shahnaz/desktop/psoc creator/4.4/psoc creator/import/gnu/arm/5.4.1/bin/../lib/gcc/arm-none-eabi/5.4.1/armv6-m\libgcc.a(divdf3.o)
 .rodata        0x00006150       0x40 c:/users/shahnaz/desktop/psoc creator/4.4/psoc creator/import/gnu/arm/5.4.1/bin/../lib/gcc/arm-none-eabi/5.4.1/armv6-m\libgcc.a(muldf3.o)
 .rodata.str1.1
                0x00006190        0x2 c:/users/shahnaz/desktop/psoc creator/4.4/psoc creator/import/gnu/arm/5.4.1/bin/../lib/gcc/arm-none-eabi/5.4.1/../../../../arm-none-eabi/lib/armv6-m\libg_nano.a(lib_a-impure.o)
 .rodata.str1.1
                0x00006192       0x12 c:/users/shahnaz/desktop/psoc creator/4.4/psoc creator/import/gnu/arm/5.4.1/bin/../lib/gcc/arm-none-eabi/5.4.1/../../../../arm-none-eabi/lib/armv6-m\libg_nano.a(lib_a-nano-vfprintf_float.o)
 .rodata.str1.1
                0x000061a4       0x22 c:/users/shahnaz/desktop/psoc creator/4.4/psoc creator/import/gnu/arm/5.4.1/bin/../lib/gcc/arm-none-eabi/5.4.1/../../../../arm-none-eabi/lib/armv6-m\libg_nano.a(lib_a-nano-vfprintf_i.o)
 .rodata.str1.1
                0x000061c6        0xd c:/users/shahnaz/desktop/psoc creator/4.4/psoc creator/import/gnu/arm/5.4.1/bin/../lib/gcc/arm-none-eabi/5.4.1/../../../../arm-none-eabi/lib/armv6-m\libg_nano.a(lib_a-dtoa.o)
                                  0xf (size before relaxing)
 .rodata.str1.1
                0x000061d3        0x8 c:/users/shahnaz/desktop/psoc creator/4.4/psoc creator/import/gnu/arm/5.4.1/bin/../lib/gcc/arm-none-eabi/5.4.1/../../../../arm-none-eabi/lib/armv6-m\libg_nano.a(lib_a-locale.o)
                                  0xb (size before relaxing)
 *fill*         0x000061db        0x5 
 .rodata.__mprec_tens
                0x000061e0       0xc8 c:/users/shahnaz/desktop/psoc creator/4.4/psoc creator/import/gnu/arm/5.4.1/bin/../lib/gcc/arm-none-eabi/5.4.1/../../../../arm-none-eabi/lib/armv6-m\libg_nano.a(lib_a-mprec.o)
                0x000061e0                __mprec_tens
 .rodata.p05.5408
                0x000062a8        0xc c:/users/shahnaz/desktop/psoc creator/4.4/psoc creator/import/gnu/arm/5.4.1/bin/../lib/gcc/arm-none-eabi/5.4.1/../../../../arm-none-eabi/lib/armv6-m\libg_nano.a(lib_a-mprec.o)
 *fill*         0x000062b4        0x4 
 .rodata.__mprec_bigtens
                0x000062b8       0x28 c:/users/shahnaz/desktop/psoc creator/4.4/psoc creator/import/gnu/arm/5.4.1/bin/../lib/gcc/arm-none-eabi/5.4.1/../../../../arm-none-eabi/lib/armv6-m\libg_nano.a(lib_a-mprec.o)
                0x000062b8                __mprec_bigtens
 .rodata.str1.1
                0x000062e0       0x11 c:/users/shahnaz/desktop/psoc creator/4.4/psoc creator/import/gnu/arm/5.4.1/bin/../lib/gcc/arm-none-eabi/5.4.1/../../../../arm-none-eabi/lib/armv6-m\libg_nano.a(lib_a-nano-svfprintf.o)
                0x000062f4                . = ALIGN (0x4)
 *fill*         0x000062f1        0x3 
 *(.init)
 .init          0x000062f4        0x4 c:/users/shahnaz/desktop/psoc creator/4.4/psoc creator/import/gnu/arm/5.4.1/bin/../lib/gcc/arm-none-eabi/5.4.1/armv6-m/crti.o
                0x000062f4                _init
 .init          0x000062f8        0x8 c:/users/shahnaz/desktop/psoc creator/4.4/psoc creator/import/gnu/arm/5.4.1/bin/../lib/gcc/arm-none-eabi/5.4.1/armv6-m/crtn.o
                0x00006300                . = ALIGN (0x4)
                0x00006300                __preinit_array_start = .
 *(.preinit_array)
                0x00006300                __preinit_array_end = .
                0x00006300                . = ALIGN (0x4)
                0x00006300                __init_array_start = .
 *(SORT(.init_array.*))
 *(.init_array)
 .init_array    0x00006300        0x4 c:/users/shahnaz/desktop/psoc creator/4.4/psoc creator/import/gnu/arm/5.4.1/bin/../lib/gcc/arm-none-eabi/5.4.1/armv6-m/crtbegin.o
 .init_array    0x00006304        0x4 .\CortexM0\ARM_GCC_541\Debug\Cm0Start.o
                0x00006308                __init_array_end = .
                0x00006308                . = ALIGN (0x4)
 *(.fini)
 .fini          0x00006308        0x4 c:/users/shahnaz/desktop/psoc creator/4.4/psoc creator/import/gnu/arm/5.4.1/bin/../lib/gcc/arm-none-eabi/5.4.1/armv6-m/crti.o
                0x00006308                _fini
 .fini          0x0000630c        0x8 c:/users/shahnaz/desktop/psoc creator/4.4/psoc creator/import/gnu/arm/5.4.1/bin/../lib/gcc/arm-none-eabi/5.4.1/armv6-m/crtn.o
                0x00006314                . = ALIGN (0x4)
                0x00006314                __fini_array_start = .
 *(.fini_array)
 .fini_array    0x00006314        0x4 c:/users/shahnaz/desktop/psoc creator/4.4/psoc creator/import/gnu/arm/5.4.1/bin/../lib/gcc/arm-none-eabi/5.4.1/armv6-m/crtbegin.o
 *(SORT(.fini_array.*))
                0x00006318                __fini_array_end = .
                0x00006318                . = ALIGN (0x4)
 *crtbegin.o(.ctors)
 *(EXCLUDE_FILE(*crtend.o) .ctors)
 *(SORT(.ctors.*))
 *crtend.o(.ctors)
                0x00006318                . = ALIGN (0x4)
 *crtbegin.o(.dtors)
 *(EXCLUDE_FILE(*crtend.o) .dtors)
 *(SORT(.dtors.*))
 *crtend.o(.dtors)
                0x00006318                . = ALIGN (0x4)
                0x00006318                __cy_regions = .
                0x00006318        0x4 LONG 0x6328 __cy_region_init_ram
                0x0000631c        0x4 LONG 0x200000c0 __cy_region_start_data
                0x00006320        0x4 LONG 0xc0 __cy_region_init_size_ram
                0x00006324        0x4 LONG 0xb8 __cy_region_zero_size_ram
                0x00006328                __cy_regions_end = .
                0x00006328                . = ALIGN (0x8)
                0x00006328                _etext = .

.cy_checksum_exclude
                0x00006328        0x0
 *(.cy_checksum_exclude)

.ramvectors     0x20000000       0xc0
                0x20000000                __cy_region_start_ram = .
 *(.ramvectors)
 .ramvectors    0x20000000       0xc0 .\CortexM0\ARM_GCC_541\Debug\Cm0Start.o
                0x20000000                CyRamVectors

.noinit
 *(.noinit)

.data           0x200000c0       0xc0 load address 0x00006328
                0x200000c0                __cy_region_start_data = .
 *(.jcr)
 .jcr           0x200000c0        0x0 c:/users/shahnaz/desktop/psoc creator/4.4/psoc creator/import/gnu/arm/5.4.1/bin/../lib/gcc/arm-none-eabi/5.4.1/armv6-m/crtbegin.o
 .jcr           0x200000c0        0x4 c:/users/shahnaz/desktop/psoc creator/4.4/psoc creator/import/gnu/arm/5.4.1/bin/../lib/gcc/arm-none-eabi/5.4.1/armv6-m/crtend.o
 *(.got.plt)
 *(.got)
 *(.shdata)
 *(.data .data.* .gnu.linkonce.d.*)
 .data          0x200000c4        0x4 .\CortexM0\ARM_GCC_541\Debug\Cm0Start.o
 .data          0x200000c8       0x14 .\CortexM0\ARM_GCC_541\Debug\oxygen.a(CyLib.o)
                0x200000c8                CySysClkPumpConfig
                0x200000cc                cydelay32kMs
                0x200000d0                cydelayFreqKhz
                0x200000d4                cydelayFreqMhz
                0x200000d8                cydelayFreqHz
 .data          0x200000dc        0x8 .\CortexM0\ARM_GCC_541\Debug\oxygen.a(CyLFClk.o)
 .data.impure_data
                0x200000e4       0x60 c:/users/shahnaz/desktop/psoc creator/4.4/psoc creator/import/gnu/arm/5.4.1/bin/../lib/gcc/arm-none-eabi/5.4.1/../../../../arm-none-eabi/lib/armv6-m\libg_nano.a(lib_a-impure.o)
 .data._impure_ptr
                0x20000144        0x4 c:/users/shahnaz/desktop/psoc creator/4.4/psoc creator/import/gnu/arm/5.4.1/bin/../lib/gcc/arm-none-eabi/5.4.1/../../../../arm-none-eabi/lib/armv6-m\libg_nano.a(lib_a-impure.o)
                0x20000144                _impure_ptr
 .data.lconv    0x20000148       0x38 c:/users/shahnaz/desktop/psoc creator/4.4/psoc creator/import/gnu/arm/5.4.1/bin/../lib/gcc/arm-none-eabi/5.4.1/../../../../arm-none-eabi/lib/armv6-m\libg_nano.a(lib_a-locale.o)
                0x20000180                . = ALIGN (0x8)
 *(.ram)
                0x20000180                _edata = .

.igot.plt       0x20000180        0x0 load address 0x000063e8
 .igot.plt      0x20000180        0x0 c:/users/shahnaz/desktop/psoc creator/4.4/psoc creator/import/gnu/arm/5.4.1/bin/../lib/gcc/arm-none-eabi/5.4.1/armv6-m/crtbegin.o

.bss            0x20000180       0xb8 load address 0x000063e8
                0x20000180                PROVIDE (__bss_start__, .)
 *(.shbss)
 *(.bss .bss.* .gnu.linkonce.b.*)
 .bss           0x20000180       0x1c c:/users/shahnaz/desktop/psoc creator/4.4/psoc creator/import/gnu/arm/5.4.1/bin/../lib/gcc/arm-none-eabi/5.4.1/armv6-m/crtbegin.o
 .bss           0x2000019c        0x1 .\CortexM0\ARM_GCC_541\Debug\libraryCopied.o
 *fill*         0x2000019d        0x1 
 .bss           0x2000019e        0x4 .\CortexM0\ARM_GCC_541\Debug\oxygen.a(UART.o)
                0x2000019e                UART_initVar
                0x200001a0                UART_IntrTxMask
 *fill*         0x200001a2        0x2 
 .bss           0x200001a4        0x8 .\CortexM0\ARM_GCC_541\Debug\oxygen.a(I2C.o)
                0x200001a4                I2C_initVar
                0x200001a8                I2C_customIntrHandler
 .bss           0x200001ac       0x28 .\CortexM0\ARM_GCC_541\Debug\oxygen.a(CyLFClk.o)
 .bss.__malloc_sbrk_start
                0x200001d4        0x4 c:/users/shahnaz/desktop/psoc creator/4.4/psoc creator/import/gnu/arm/5.4.1/bin/../lib/gcc/arm-none-eabi/5.4.1/../../../../arm-none-eabi/lib/armv6-m\libg_nano.a(lib_a-nano-mallocr.o)
                0x200001d4                __malloc_sbrk_start
 .bss.__malloc_free_list
                0x200001d8        0x4 c:/users/shahnaz/desktop/psoc creator/4.4/psoc creator/import/gnu/arm/5.4.1/bin/../lib/gcc/arm-none-eabi/5.4.1/../../../../arm-none-eabi/lib/armv6-m\libg_nano.a(lib_a-nano-mallocr.o)
                0x200001d8                __malloc_free_list
 *(COMMON)
 COMMON         0x200001dc       0x30 .\CortexM0\ARM_GCC_541\Debug\main.o
                0x200001dc                oxygenSensor
 COMMON         0x2000020c        0x1 .\CortexM0\ARM_GCC_541\Debug\oxygen.a(I2C_I2C.o)
                0x2000020c                I2C_state
 *fill*         0x2000020d        0x3 
 COMMON         0x20000210       0x24 .\CortexM0\ARM_GCC_541\Debug\oxygen.a(I2C_I2C_MASTER.o)
                0x20000210                I2C_mstrWrBufIndexTmp
                0x20000214                I2C_mstrWrBufIndex
                0x20000218                I2C_mstrWrBufSize
                0x2000021c                I2C_mstrStatus
                0x20000220                I2C_mstrRdBufPtr
                0x20000224                I2C_mstrControl
                0x20000228                I2C_mstrRdBufSize
                0x2000022c                I2C_mstrRdBufIndex
                0x20000230                I2C_mstrWrBufPtr
 COMMON         0x20000234        0x4 c:/users/shahnaz/desktop/psoc creator/4.4/psoc creator/import/gnu/arm/5.4.1/bin/../lib/gcc/arm-none-eabi/5.4.1/../../../../arm-none-eabi/lib/armv6-m\libg_nano.a(lib_a-reent.o)
                0x20000234                errno
                0x20000238                . = ALIGN (0x8)
 *(.ram.b)
                0x20000238                _end = .
                0x20000238                __end = .
                0x20000238                PROVIDE (end, .)
                0x20000238                PROVIDE (__bss_end__, .)
                0x00006328                __cy_region_init_ram = LOADADDR (.data)
                0x000000c0                __cy_region_init_size_ram = (_edata - ADDR (.data))
                0x000000b8                __cy_region_zero_size_ram = (_end - _edata)

.heap           0x20000238      0x800 load address 0x000063e8
                0x20000238                . = _end
                0x20000a38                . = (. + 0x800)
 *fill*         0x20000238      0x800 
                0x20000a38                __cy_heap_limit = .

.stack          0x20003800      0x800
                0x20003800                __cy_stack_limit = .
                0x20004000                . = (. + 0x800)
 *fill*         0x20003800      0x800 
                0x00000001                ASSERT ((__cy_stack_limit >= __cy_heap_limit), region RAM overflowed with stack)
                0x00000000                cy_checksum_exclude_size = (CY_APPL_LOADABLE == 0x1)?SIZEOF (.cy_checksum_exclude):0x0
                0x00000001                ASSERT ((cy_checksum_exclude_size <= CY_CHECKSUM_EXCLUDE_SIZE), CY_BOOT: Section .cy_checksum_exclude size exceedes specified limit.)
                0x0001ffc0                cyloadermeta_start = (cy_project_type_bootloader || cy_project_type_app_for_stack_and_copier)?(LENGTH (rom) - CY_METADATA_SIZE):0xf0000000

.cyloadermeta
 *(.cyloadermeta)
                0x0001ffc0                cyloadablemeta_start = cy_project_type_app_for_stack_and_copier?((LENGTH (rom) - CY_FLASH_ROW_SIZE) - CY_METADATA_SIZE):((LENGTH (rom) - (CY_FLASH_ROW_SIZE * (CY_APPL_NUM - 0x1))) - CY_METADATA_SIZE)

.cyloadablemeta
 *(.cyloadablemeta)

.cyflashprotect
                0x90400000       0x80
 *(.cyflashprotect)
 .cyflashprotect
                0x90400000       0x80 .\CortexM0\ARM_GCC_541\Debug\cymetadata.o
                0x90400000                cy_meta_flashprotect

.cymeta         0x90500000        0xc
 *(.cymeta)
 .cymeta        0x90500000        0xc .\CortexM0\ARM_GCC_541\Debug\cymetadata.o
                0x90500000                cy_metadata

.cychipprotect  0x90600000        0x1
 *(.cychipprotect)
 .cychipprotect
                0x90600000        0x1 .\CortexM0\ARM_GCC_541\Debug\cymetadata.o
                0x90600000                cy_meta_chipprotect

.rel.dyn        0x000063e8        0x0 load address 0x90600004
 .rel.iplt      0x000063e8        0x0 c:/users/shahnaz/desktop/psoc creator/4.4/psoc creator/import/gnu/arm/5.4.1/bin/../lib/gcc/arm-none-eabi/5.4.1/armv6-m/crtbegin.o

.stab
 *(.stab)

.stabstr
 *(.stabstr)

.debug
 *(.debug)

.line
 *(.line)

.debug_srcinfo
 *(.debug_srcinfo)

.debug_sfnames
 *(.debug_sfnames)

.debug_aranges  0x00000000      0x750
 *(.debug_aranges)
 .debug_aranges
                0x00000000       0x20 .\CortexM0\ARM_GCC_541\Debug\main.o
 .debug_aranges
                0x00000020       0x48 .\CortexM0\ARM_GCC_541\Debug\libraryCopied.o
 .debug_aranges
                0x00000068       0x48 .\CortexM0\ARM_GCC_541\Debug\cyfitter_cfg.o
 .debug_aranges
                0x000000b0       0x18 .\CortexM0\ARM_GCC_541\Debug\cymetadata.o
 .debug_aranges
                0x000000c8       0x48 .\CortexM0\ARM_GCC_541\Debug\Cm0Start.o
 .debug_aranges
                0x00000110       0x58 .\CortexM0\ARM_GCC_541\Debug\oxygen.a(UART.o)
 .debug_aranges
                0x00000168       0x90 .\CortexM0\ARM_GCC_541\Debug\oxygen.a(UART_UART.o)
 .debug_aranges
                0x000001f8       0x60 .\CortexM0\ARM_GCC_541\Debug\oxygen.a(I2C.o)
 .debug_aranges
                0x00000258       0x30 .\CortexM0\ARM_GCC_541\Debug\oxygen.a(I2C_I2C.o)
 .debug_aranges
                0x00000288       0x98 .\CortexM0\ARM_GCC_541\Debug\oxygen.a(I2C_I2C_MASTER.o)
 .debug_aranges
                0x00000320      0x1c8 .\CortexM0\ARM_GCC_541\Debug\oxygen.a(CyLib.o)
 .debug_aranges
                0x000004e8      0x188 .\CortexM0\ARM_GCC_541\Debug\oxygen.a(CyLFClk.o)
 .debug_aranges
                0x00000670       0x20 .\CortexM0\ARM_GCC_541\Debug\oxygen.a(CyBootAsmGnu.o)
 .debug_aranges
                0x00000690       0x60 .\CortexM0\ARM_GCC_541\Debug\oxygen.a(UART_SPI_UART.o)
 .debug_aranges
                0x000006f0       0x20 .\CortexM0\ARM_GCC_541\Debug\oxygen.a(I2C_I2C_INT.o)
 .debug_aranges
                0x00000710       0x40 .\CortexM0\ARM_GCC_541\Debug\oxygen.a(CyFlash.o)

.debug_pubnames
 *(.debug_pubnames)

.debug_info     0x00000000     0x4a1b
 *(.debug_info .gnu.linkonce.wi.*)
 .debug_info    0x00000000      0x284 .\CortexM0\ARM_GCC_541\Debug\main.o
 .debug_info    0x00000284      0x768 .\CortexM0\ARM_GCC_541\Debug\libraryCopied.o
 .debug_info    0x000009ec      0x405 .\CortexM0\ARM_GCC_541\Debug\cyfitter_cfg.o
 .debug_info    0x00000df1       0xf8 .\CortexM0\ARM_GCC_541\Debug\cymetadata.o
 .debug_info    0x00000ee9      0x3a2 .\CortexM0\ARM_GCC_541\Debug\Cm0Start.o
 .debug_info    0x0000128b      0x23a .\CortexM0\ARM_GCC_541\Debug\oxygen.a(UART.o)
 .debug_info    0x000014c5      0x3b5 .\CortexM0\ARM_GCC_541\Debug\oxygen.a(UART_UART.o)
 .debug_info    0x0000187a      0x298 .\CortexM0\ARM_GCC_541\Debug\oxygen.a(I2C.o)
 .debug_info    0x00001b12      0x195 .\CortexM0\ARM_GCC_541\Debug\oxygen.a(I2C_I2C.o)
 .debug_info    0x00001ca7      0x813 .\CortexM0\ARM_GCC_541\Debug\oxygen.a(I2C_I2C_MASTER.o)
 .debug_info    0x000024ba      0xd40 .\CortexM0\ARM_GCC_541\Debug\oxygen.a(CyLib.o)
 .debug_info    0x000031fa     0x1058 .\CortexM0\ARM_GCC_541\Debug\oxygen.a(CyLFClk.o)
 .debug_info    0x00004252       0xb1 .\CortexM0\ARM_GCC_541\Debug\oxygen.a(CyBootAsmGnu.o)
 .debug_info    0x00004303      0x220 .\CortexM0\ARM_GCC_541\Debug\oxygen.a(UART_SPI_UART.o)
 .debug_info    0x00004523      0x1a8 .\CortexM0\ARM_GCC_541\Debug\oxygen.a(I2C_I2C_INT.o)
 .debug_info    0x000046cb      0x350 .\CortexM0\ARM_GCC_541\Debug\oxygen.a(CyFlash.o)

.debug_abbrev   0x00000000     0x1431
 *(.debug_abbrev)
 .debug_abbrev  0x00000000      0x10f .\CortexM0\ARM_GCC_541\Debug\main.o
 .debug_abbrev  0x0000010f      0x19b .\CortexM0\ARM_GCC_541\Debug\libraryCopied.o
 .debug_abbrev  0x000002aa      0x1cf .\CortexM0\ARM_GCC_541\Debug\cyfitter_cfg.o
 .debug_abbrev  0x00000479       0x5d .\CortexM0\ARM_GCC_541\Debug\cymetadata.o
 .debug_abbrev  0x000004d6      0x1d7 .\CortexM0\ARM_GCC_541\Debug\Cm0Start.o
 .debug_abbrev  0x000006ad       0xd5 .\CortexM0\ARM_GCC_541\Debug\oxygen.a(UART.o)
 .debug_abbrev  0x00000782      0x132 .\CortexM0\ARM_GCC_541\Debug\oxygen.a(UART_UART.o)
 .debug_abbrev  0x000008b4      0x118 .\CortexM0\ARM_GCC_541\Debug\oxygen.a(I2C.o)
 .debug_abbrev  0x000009cc       0xc7 .\CortexM0\ARM_GCC_541\Debug\oxygen.a(I2C_I2C.o)
 .debug_abbrev  0x00000a93      0x1c2 .\CortexM0\ARM_GCC_541\Debug\oxygen.a(I2C_I2C_MASTER.o)
 .debug_abbrev  0x00000c55      0x20b .\CortexM0\ARM_GCC_541\Debug\oxygen.a(CyLib.o)
 .debug_abbrev  0x00000e60      0x248 .\CortexM0\ARM_GCC_541\Debug\oxygen.a(CyLFClk.o)
 .debug_abbrev  0x000010a8       0x14 .\CortexM0\ARM_GCC_541\Debug\oxygen.a(CyBootAsmGnu.o)
 .debug_abbrev  0x000010bc      0x14f .\CortexM0\ARM_GCC_541\Debug\oxygen.a(UART_SPI_UART.o)
 .debug_abbrev  0x0000120b       0xa4 .\CortexM0\ARM_GCC_541\Debug\oxygen.a(I2C_I2C_INT.o)
 .debug_abbrev  0x000012af      0x182 .\CortexM0\ARM_GCC_541\Debug\oxygen.a(CyFlash.o)

.debug_line     0x00000000     0x213c
 *(.debug_line)
 .debug_line    0x00000000      0x20d .\CortexM0\ARM_GCC_541\Debug\main.o
 .debug_line    0x0000020d      0x2d5 .\CortexM0\ARM_GCC_541\Debug\libraryCopied.o
 .debug_line    0x000004e2      0x1bd .\CortexM0\ARM_GCC_541\Debug\cyfitter_cfg.o
 .debug_line    0x0000069f      0x135 .\CortexM0\ARM_GCC_541\Debug\cymetadata.o
 .debug_line    0x000007d4      0x22a .\CortexM0\ARM_GCC_541\Debug\Cm0Start.o
 .debug_line    0x000009fe      0x108 .\CortexM0\ARM_GCC_541\Debug\oxygen.a(UART.o)
 .debug_line    0x00000b06      0x1cf .\CortexM0\ARM_GCC_541\Debug\oxygen.a(UART_UART.o)
 .debug_line    0x00000cd5      0x124 .\CortexM0\ARM_GCC_541\Debug\oxygen.a(I2C.o)
 .debug_line    0x00000df9       0xc2 .\CortexM0\ARM_GCC_541\Debug\oxygen.a(I2C_I2C.o)
 .debug_line    0x00000ebb      0x2fc .\CortexM0\ARM_GCC_541\Debug\oxygen.a(I2C_I2C_MASTER.o)
 .debug_line    0x000011b7      0x563 .\CortexM0\ARM_GCC_541\Debug\oxygen.a(CyLib.o)
 .debug_line    0x0000171a      0x5d1 .\CortexM0\ARM_GCC_541\Debug\oxygen.a(CyLFClk.o)
 .debug_line    0x00001ceb       0x68 .\CortexM0\ARM_GCC_541\Debug\oxygen.a(CyBootAsmGnu.o)
 .debug_line    0x00001d53      0x11a .\CortexM0\ARM_GCC_541\Debug\oxygen.a(UART_SPI_UART.o)
 .debug_line    0x00001e6d      0x15c .\CortexM0\ARM_GCC_541\Debug\oxygen.a(I2C_I2C_INT.o)
 .debug_line    0x00001fc9      0x173 .\CortexM0\ARM_GCC_541\Debug\oxygen.a(CyFlash.o)

.debug_frame    0x00000000     0x1e98
 *(.debug_frame)
 .debug_frame   0x00000000       0x2c .\CortexM0\ARM_GCC_541\Debug\main.o
 .debug_frame   0x0000002c       0xe4 .\CortexM0\ARM_GCC_541\Debug\libraryCopied.o
 .debug_frame   0x00000110       0xb4 .\CortexM0\ARM_GCC_541\Debug\cyfitter_cfg.o
 .debug_frame   0x000001c4       0xbc .\CortexM0\ARM_GCC_541\Debug\Cm0Start.o
 .debug_frame   0x00000280       0xd8 .\CortexM0\ARM_GCC_541\Debug\oxygen.a(UART.o)
 .debug_frame   0x00000358      0x144 .\CortexM0\ARM_GCC_541\Debug\oxygen.a(UART_UART.o)
 .debug_frame   0x0000049c       0xe8 .\CortexM0\ARM_GCC_541\Debug\oxygen.a(I2C.o)
 .debug_frame   0x00000584       0x58 .\CortexM0\ARM_GCC_541\Debug\oxygen.a(I2C_I2C.o)
 .debug_frame   0x000005dc      0x1d8 .\CortexM0\ARM_GCC_541\Debug\oxygen.a(I2C_I2C_MASTER.o)
 .debug_frame   0x000007b4      0x48c .\CortexM0\ARM_GCC_541\Debug\oxygen.a(CyLib.o)
 .debug_frame   0x00000c40      0x4a4 .\CortexM0\ARM_GCC_541\Debug\oxygen.a(CyLFClk.o)
 .debug_frame   0x000010e4       0xb0 .\CortexM0\ARM_GCC_541\Debug\oxygen.a(UART_SPI_UART.o)
 .debug_frame   0x00001194       0x2c .\CortexM0\ARM_GCC_541\Debug\oxygen.a(I2C_I2C_INT.o)
 .debug_frame   0x000011c0       0x90 .\CortexM0\ARM_GCC_541\Debug\oxygen.a(CyFlash.o)
 .debug_frame   0x00001250       0x20 c:/users/shahnaz/desktop/psoc creator/4.4/psoc creator/import/gnu/arm/5.4.1/bin/../lib/gcc/arm-none-eabi/5.4.1/armv6-m\libgcc.a(_udivsi3.o)
 .debug_frame   0x00001270       0x20 c:/users/shahnaz/desktop/psoc creator/4.4/psoc creator/import/gnu/arm/5.4.1/bin/../lib/gcc/arm-none-eabi/5.4.1/armv6-m\libgcc.a(_divsi3.o)
 .debug_frame   0x00001290       0x28 c:/users/shahnaz/desktop/psoc creator/4.4/psoc creator/import/gnu/arm/5.4.1/bin/../lib/gcc/arm-none-eabi/5.4.1/armv6-m\libgcc.a(_fixunssfsi.o)
 .debug_frame   0x000012b8       0x30 c:/users/shahnaz/desktop/psoc creator/4.4/psoc creator/import/gnu/arm/5.4.1/bin/../lib/gcc/arm-none-eabi/5.4.1/armv6-m\libgcc.a(addsf3.o)
 .debug_frame   0x000012e8       0x3c c:/users/shahnaz/desktop/psoc creator/4.4/psoc creator/import/gnu/arm/5.4.1/bin/../lib/gcc/arm-none-eabi/5.4.1/armv6-m\libgcc.a(divsf3.o)
 .debug_frame   0x00001324       0x38 c:/users/shahnaz/desktop/psoc creator/4.4/psoc creator/import/gnu/arm/5.4.1/bin/../lib/gcc/arm-none-eabi/5.4.1/armv6-m\libgcc.a(mulsf3.o)
 .debug_frame   0x0000135c       0x30 c:/users/shahnaz/desktop/psoc creator/4.4/psoc creator/import/gnu/arm/5.4.1/bin/../lib/gcc/arm-none-eabi/5.4.1/armv6-m\libgcc.a(subsf3.o)
 .debug_frame   0x0000138c       0x20 c:/users/shahnaz/desktop/psoc creator/4.4/psoc creator/import/gnu/arm/5.4.1/bin/../lib/gcc/arm-none-eabi/5.4.1/armv6-m\libgcc.a(fixsfsi.o)
 .debug_frame   0x000013ac       0x2c c:/users/shahnaz/desktop/psoc creator/4.4/psoc creator/import/gnu/arm/5.4.1/bin/../lib/gcc/arm-none-eabi/5.4.1/armv6-m\libgcc.a(floatunsisf.o)
 .debug_frame   0x000013d8       0x3c c:/users/shahnaz/desktop/psoc creator/4.4/psoc creator/import/gnu/arm/5.4.1/bin/../lib/gcc/arm-none-eabi/5.4.1/armv6-m\libgcc.a(adddf3.o)
 .debug_frame   0x00001414       0x3c c:/users/shahnaz/desktop/psoc creator/4.4/psoc creator/import/gnu/arm/5.4.1/bin/../lib/gcc/arm-none-eabi/5.4.1/armv6-m\libgcc.a(divdf3.o)
 .debug_frame   0x00001450       0x38 c:/users/shahnaz/desktop/psoc creator/4.4/psoc creator/import/gnu/arm/5.4.1/bin/../lib/gcc/arm-none-eabi/5.4.1/armv6-m\libgcc.a(eqdf2.o)
 .debug_frame   0x00001488       0x38 c:/users/shahnaz/desktop/psoc creator/4.4/psoc creator/import/gnu/arm/5.4.1/bin/../lib/gcc/arm-none-eabi/5.4.1/armv6-m\libgcc.a(gedf2.o)
 .debug_frame   0x000014c0       0x38 c:/users/shahnaz/desktop/psoc creator/4.4/psoc creator/import/gnu/arm/5.4.1/bin/../lib/gcc/arm-none-eabi/5.4.1/armv6-m\libgcc.a(ledf2.o)
 .debug_frame   0x000014f8       0x3c c:/users/shahnaz/desktop/psoc creator/4.4/psoc creator/import/gnu/arm/5.4.1/bin/../lib/gcc/arm-none-eabi/5.4.1/armv6-m\libgcc.a(muldf3.o)
 .debug_frame   0x00001534       0x2c c:/users/shahnaz/desktop/psoc creator/4.4/psoc creator/import/gnu/arm/5.4.1/bin/../lib/gcc/arm-none-eabi/5.4.1/armv6-m\libgcc.a(floatsidf.o)
 .debug_frame   0x00001560       0x2c c:/users/shahnaz/desktop/psoc creator/4.4/psoc creator/import/gnu/arm/5.4.1/bin/../lib/gcc/arm-none-eabi/5.4.1/armv6-m\libgcc.a(extendsfdf2.o)
 .debug_frame   0x0000158c       0x2c c:/users/shahnaz/desktop/psoc creator/4.4/psoc creator/import/gnu/arm/5.4.1/bin/../lib/gcc/arm-none-eabi/5.4.1/armv6-m\libgcc.a(truncdfsf2.o)
 .debug_frame   0x000015b8       0x2c c:/users/shahnaz/desktop/psoc creator/4.4/psoc creator/import/gnu/arm/5.4.1/bin/../lib/gcc/arm-none-eabi/5.4.1/armv6-m\libgcc.a(eqsf2.o)
 .debug_frame   0x000015e4       0x30 c:/users/shahnaz/desktop/psoc creator/4.4/psoc creator/import/gnu/arm/5.4.1/bin/../lib/gcc/arm-none-eabi/5.4.1/armv6-m\libgcc.a(gesf2.o)
 .debug_frame   0x00001614       0x30 c:/users/shahnaz/desktop/psoc creator/4.4/psoc creator/import/gnu/arm/5.4.1/bin/../lib/gcc/arm-none-eabi/5.4.1/armv6-m\libgcc.a(lesf2.o)
 .debug_frame   0x00001644       0x20 c:/users/shahnaz/desktop/psoc creator/4.4/psoc creator/import/gnu/arm/5.4.1/bin/../lib/gcc/arm-none-eabi/5.4.1/../../../../arm-none-eabi/lib/armv6-m\libg_nano.a(lib_a-errno.o)
 .debug_frame   0x00001664       0x28 c:/users/shahnaz/desktop/psoc creator/4.4/psoc creator/import/gnu/arm/5.4.1/bin/../lib/gcc/arm-none-eabi/5.4.1/../../../../arm-none-eabi/lib/armv6-m\libg_nano.a(lib_a-exit.o)
 .debug_frame   0x0000168c       0x2c c:/users/shahnaz/desktop/psoc creator/4.4/psoc creator/import/gnu/arm/5.4.1/bin/../lib/gcc/arm-none-eabi/5.4.1/../../../../arm-none-eabi/lib/armv6-m\libg_nano.a(lib_a-init.o)
 .debug_frame   0x000016b8       0x28 c:/users/shahnaz/desktop/psoc creator/4.4/psoc creator/import/gnu/arm/5.4.1/bin/../lib/gcc/arm-none-eabi/5.4.1/../../../../arm-none-eabi/lib/armv6-m\libg_nano.a(lib_a-memcpy-stub.o)
 .debug_frame   0x000016e0       0x20 c:/users/shahnaz/desktop/psoc creator/4.4/psoc creator/import/gnu/arm/5.4.1/bin/../lib/gcc/arm-none-eabi/5.4.1/../../../../arm-none-eabi/lib/armv6-m\libg_nano.a(lib_a-memset.o)
 .debug_frame   0x00001700       0x74 c:/users/shahnaz/desktop/psoc creator/4.4/psoc creator/import/gnu/arm/5.4.1/bin/../lib/gcc/arm-none-eabi/5.4.1/../../../../arm-none-eabi/lib/armv6-m\libg_nano.a(lib_a-nano-vfprintf_float.o)
 .debug_frame   0x00001774       0x54 c:/users/shahnaz/desktop/psoc creator/4.4/psoc creator/import/gnu/arm/5.4.1/bin/../lib/gcc/arm-none-eabi/5.4.1/../../../../arm-none-eabi/lib/armv6-m\libg_nano.a(lib_a-nano-vfprintf_i.o)
 .debug_frame   0x000017c8       0x50 c:/users/shahnaz/desktop/psoc creator/4.4/psoc creator/import/gnu/arm/5.4.1/bin/../lib/gcc/arm-none-eabi/5.4.1/../../../../arm-none-eabi/lib/armv6-m\libg_nano.a(lib_a-sprintf.o)
 .debug_frame   0x00001818       0x54 c:/users/shahnaz/desktop/psoc creator/4.4/psoc creator/import/gnu/arm/5.4.1/bin/../lib/gcc/arm-none-eabi/5.4.1/../../../../arm-none-eabi/lib/armv6-m\libg_nano.a(lib_a-dtoa.o)
 .debug_frame   0x0000186c       0xa4 c:/users/shahnaz/desktop/psoc creator/4.4/psoc creator/import/gnu/arm/5.4.1/bin/../lib/gcc/arm-none-eabi/5.4.1/../../../../arm-none-eabi/lib/armv6-m\libg_nano.a(lib_a-locale.o)
 .debug_frame   0x00001910       0x40 c:/users/shahnaz/desktop/psoc creator/4.4/psoc creator/import/gnu/arm/5.4.1/bin/../lib/gcc/arm-none-eabi/5.4.1/../../../../arm-none-eabi/lib/armv6-m\libg_nano.a(lib_a-malloc.o)
 .debug_frame   0x00001950       0x20 c:/users/shahnaz/desktop/psoc creator/4.4/psoc creator/import/gnu/arm/5.4.1/bin/../lib/gcc/arm-none-eabi/5.4.1/../../../../arm-none-eabi/lib/armv6-m\libg_nano.a(lib_a-memchr-stub.o)
 .debug_frame   0x00001970      0x238 c:/users/shahnaz/desktop/psoc creator/4.4/psoc creator/import/gnu/arm/5.4.1/bin/../lib/gcc/arm-none-eabi/5.4.1/../../../../arm-none-eabi/lib/armv6-m\libg_nano.a(lib_a-mprec.o)
 .debug_frame   0x00001ba8       0x2c c:/users/shahnaz/desktop/psoc creator/4.4/psoc creator/import/gnu/arm/5.4.1/bin/../lib/gcc/arm-none-eabi/5.4.1/../../../../arm-none-eabi/lib/armv6-m\libg_nano.a(lib_a-nano-callocr.o)
 .debug_frame   0x00001bd4       0x2c c:/users/shahnaz/desktop/psoc creator/4.4/psoc creator/import/gnu/arm/5.4.1/bin/../lib/gcc/arm-none-eabi/5.4.1/../../../../arm-none-eabi/lib/armv6-m\libg_nano.a(lib_a-nano-freer.o)
 .debug_frame   0x00001c00       0x2c c:/users/shahnaz/desktop/psoc creator/4.4/psoc creator/import/gnu/arm/5.4.1/bin/../lib/gcc/arm-none-eabi/5.4.1/../../../../arm-none-eabi/lib/armv6-m\libg_nano.a(lib_a-nano-mallocr.o)
 .debug_frame   0x00001c2c       0x74 c:/users/shahnaz/desktop/psoc creator/4.4/psoc creator/import/gnu/arm/5.4.1/bin/../lib/gcc/arm-none-eabi/5.4.1/../../../../arm-none-eabi/lib/armv6-m\libg_nano.a(lib_a-nano-svfprintf.o)
 .debug_frame   0x00001ca0       0x2c c:/users/shahnaz/desktop/psoc creator/4.4/psoc creator/import/gnu/arm/5.4.1/bin/../lib/gcc/arm-none-eabi/5.4.1/../../../../arm-none-eabi/lib/armv6-m\libg_nano.a(lib_a-sbrkr.o)
 .debug_frame   0x00001ccc       0x20 c:/users/shahnaz/desktop/psoc creator/4.4/psoc creator/import/gnu/arm/5.4.1/bin/../lib/gcc/arm-none-eabi/5.4.1/../../../../arm-none-eabi/lib/armv6-m\libg_nano.a(lib_a-strcmp.o)
 .debug_frame   0x00001cec       0x28 c:/users/shahnaz/desktop/psoc creator/4.4/psoc creator/import/gnu/arm/5.4.1/bin/../lib/gcc/arm-none-eabi/5.4.1/../../../../arm-none-eabi/lib/armv6-m\libg_nano.a(lib_a-memmove.o)
 .debug_frame   0x00001d14       0x30 c:/users/shahnaz/desktop/psoc creator/4.4/psoc creator/import/gnu/arm/5.4.1/bin/../lib/gcc/arm-none-eabi/5.4.1/../../../../arm-none-eabi/lib/armv6-m\libg_nano.a(lib_a-mlock.o)
 .debug_frame   0x00001d44       0x30 c:/users/shahnaz/desktop/psoc creator/4.4/psoc creator/import/gnu/arm/5.4.1/bin/../lib/gcc/arm-none-eabi/5.4.1/../../../../arm-none-eabi/lib/armv6-m\libg_nano.a(lib_a-nano-reallocr.o)
 .debug_frame   0x00001d74       0x48 c:/users/shahnaz/desktop/psoc creator/4.4/psoc creator/import/gnu/arm/5.4.1/bin/../lib/gcc/arm-none-eabi/5.4.1/../../../../arm-none-eabi/lib/armv6-m\libg_nano.a(lib_a-reent.o)
 .debug_frame   0x00001dbc       0x20 c:/users/shahnaz/desktop/psoc creator/4.4/psoc creator/import/gnu/arm/5.4.1/bin/../lib/gcc/arm-none-eabi/5.4.1/../../../../arm-none-eabi/lib/armv6-m\libg_nano.a(lib_a-nano-msizer.o)
 .debug_frame   0x00001ddc       0x38 c:/users/shahnaz/desktop/psoc creator/4.4/psoc creator/import/gnu/arm/5.4.1/bin/../lib/gcc/arm-none-eabi/5.4.1/armv6-m\libgcc.a(subdf3.o)
 .debug_frame   0x00001e14       0x2c c:/users/shahnaz/desktop/psoc creator/4.4/psoc creator/import/gnu/arm/5.4.1/bin/../lib/gcc/arm-none-eabi/5.4.1/armv6-m\libgcc.a(unorddf2.o)
 .debug_frame   0x00001e40       0x2c c:/users/shahnaz/desktop/psoc creator/4.4/psoc creator/import/gnu/arm/5.4.1/bin/../lib/gcc/arm-none-eabi/5.4.1/armv6-m\libgcc.a(fixdfsi.o)
 .debug_frame   0x00001e6c       0x2c c:/users/shahnaz/desktop/psoc creator/4.4/psoc creator/import/gnu/arm/5.4.1/bin/../lib/gcc/arm-none-eabi/5.4.1/armv6-m\libgcc.a(floatunsidf.o)

.debug_str      0x00000000     0x1b31
 *(.debug_str)
 .debug_str     0x00000000      0x217 .\CortexM0\ARM_GCC_541\Debug\main.o
                                0x25f (size before relaxing)
 .debug_str     0x00000217      0x14c .\CortexM0\ARM_GCC_541\Debug\libraryCopied.o
                                0x37f (size before relaxing)
 .debug_str     0x00000363      0x145 .\CortexM0\ARM_GCC_541\Debug\cyfitter_cfg.o
                                0x31e (size before relaxing)
 .debug_str     0x000004a8       0x59 .\CortexM0\ARM_GCC_541\Debug\cymetadata.o
                                0x1e9 (size before relaxing)
 .debug_str     0x00000501      0x13a .\CortexM0\ARM_GCC_541\Debug\Cm0Start.o
                                0x322 (size before relaxing)
 .debug_str     0x0000063b       0xf7 .\CortexM0\ARM_GCC_541\Debug\oxygen.a(UART.o)
                                0x2b8 (size before relaxing)
 .debug_str     0x00000732      0x1d8 .\CortexM0\ARM_GCC_541\Debug\oxygen.a(UART_UART.o)
                                0x3e9 (size before relaxing)
 .debug_str     0x0000090a       0xfe .\CortexM0\ARM_GCC_541\Debug\oxygen.a(I2C.o)
                                0x2df (size before relaxing)
 .debug_str     0x00000a08       0x85 .\CortexM0\ARM_GCC_541\Debug\oxygen.a(I2C_I2C.o)
                                0x26f (size before relaxing)
 .debug_str     0x00000a8d      0x222 .\CortexM0\ARM_GCC_541\Debug\oxygen.a(I2C_I2C_MASTER.o)
                                0x4d7 (size before relaxing)
 .debug_str     0x00000caf      0x5cf .\CortexM0\ARM_GCC_541\Debug\oxygen.a(CyLib.o)
                                0x81e (size before relaxing)
 .debug_str     0x0000127e      0x6e2 .\CortexM0\ARM_GCC_541\Debug\oxygen.a(CyLFClk.o)
                                0x93e (size before relaxing)
 .debug_str     0x00001960       0xe3 .\CortexM0\ARM_GCC_541\Debug\oxygen.a(UART_SPI_UART.o)
                                0x2ef (size before relaxing)
 .debug_str     0x00001a43       0x47 .\CortexM0\ARM_GCC_541\Debug\oxygen.a(I2C_I2C_INT.o)
                                0x2df (size before relaxing)
 .debug_str     0x00001a8a       0xa7 .\CortexM0\ARM_GCC_541\Debug\oxygen.a(CyFlash.o)
                                0x2d1 (size before relaxing)

.debug_loc      0x00000000     0x2c63
 *(.debug_loc)
 .debug_loc     0x00000000       0x13 .\CortexM0\ARM_GCC_541\Debug\main.o
 .debug_loc     0x00000013      0x38e .\CortexM0\ARM_GCC_541\Debug\libraryCopied.o
 .debug_loc     0x000003a1      0x136 .\CortexM0\ARM_GCC_541\Debug\cyfitter_cfg.o
 .debug_loc     0x000004d7      0x14f .\CortexM0\ARM_GCC_541\Debug\Cm0Start.o
 .debug_loc     0x00000626       0x7e .\CortexM0\ARM_GCC_541\Debug\oxygen.a(UART.o)
 .debug_loc     0x000006a4      0x223 .\CortexM0\ARM_GCC_541\Debug\oxygen.a(UART_UART.o)
 .debug_loc     0x000008c7       0x7e .\CortexM0\ARM_GCC_541\Debug\oxygen.a(I2C.o)
 .debug_loc     0x00000945      0xa49 .\CortexM0\ARM_GCC_541\Debug\oxygen.a(I2C_I2C_MASTER.o)
 .debug_loc     0x0000138e      0x81c .\CortexM0\ARM_GCC_541\Debug\oxygen.a(CyLib.o)
 .debug_loc     0x00001baa      0xdb7 .\CortexM0\ARM_GCC_541\Debug\oxygen.a(CyLFClk.o)
 .debug_loc     0x00002961       0x96 .\CortexM0\ARM_GCC_541\Debug\oxygen.a(UART_SPI_UART.o)
 .debug_loc     0x000029f7      0x10c .\CortexM0\ARM_GCC_541\Debug\oxygen.a(I2C_I2C_INT.o)
 .debug_loc     0x00002b03      0x160 .\CortexM0\ARM_GCC_541\Debug\oxygen.a(CyFlash.o)

.debug_macinfo
 *(.debug_macinfo)

.debug_ranges   0x00000000      0x638
 *(.debug_ranges)
 .debug_ranges  0x00000000       0x10 .\CortexM0\ARM_GCC_541\Debug\main.o
 .debug_ranges  0x00000010       0x38 .\CortexM0\ARM_GCC_541\Debug\libraryCopied.o
 .debug_ranges  0x00000048       0x38 .\CortexM0\ARM_GCC_541\Debug\cyfitter_cfg.o
 .debug_ranges  0x00000080       0x38 .\CortexM0\ARM_GCC_541\Debug\Cm0Start.o
 .debug_ranges  0x000000b8       0x48 .\CortexM0\ARM_GCC_541\Debug\oxygen.a(UART.o)
 .debug_ranges  0x00000100       0x80 .\CortexM0\ARM_GCC_541\Debug\oxygen.a(UART_UART.o)
 .debug_ranges  0x00000180       0x50 .\CortexM0\ARM_GCC_541\Debug\oxygen.a(I2C.o)
 .debug_ranges  0x000001d0       0x20 .\CortexM0\ARM_GCC_541\Debug\oxygen.a(I2C_I2C.o)
 .debug_ranges  0x000001f0       0x88 .\CortexM0\ARM_GCC_541\Debug\oxygen.a(I2C_I2C_MASTER.o)
 .debug_ranges  0x00000278      0x1b8 .\CortexM0\ARM_GCC_541\Debug\oxygen.a(CyLib.o)
 .debug_ranges  0x00000430      0x178 .\CortexM0\ARM_GCC_541\Debug\oxygen.a(CyLFClk.o)
 .debug_ranges  0x000005a8       0x50 .\CortexM0\ARM_GCC_541\Debug\oxygen.a(UART_SPI_UART.o)
 .debug_ranges  0x000005f8       0x10 .\CortexM0\ARM_GCC_541\Debug\oxygen.a(I2C_I2C_INT.o)
 .debug_ranges  0x00000608       0x30 .\CortexM0\ARM_GCC_541\Debug\oxygen.a(CyFlash.o)

.comment        0x00000000       0x6e
 .comment       0x00000000       0x6e .\CortexM0\ARM_GCC_541\Debug\main.o
                                 0x6f (size before relaxing)
 .comment       0x0000006e       0x6f .\CortexM0\ARM_GCC_541\Debug\libraryCopied.o
 .comment       0x0000006e       0x6f .\CortexM0\ARM_GCC_541\Debug\cyfitter_cfg.o
 .comment       0x0000006e       0x6f .\CortexM0\ARM_GCC_541\Debug\cymetadata.o
 .comment       0x0000006e       0x6f .\CortexM0\ARM_GCC_541\Debug\Cm0Start.o
 .comment       0x0000006e       0x6f .\CortexM0\ARM_GCC_541\Debug\oxygen.a(UART.o)
 .comment       0x0000006e       0x6f .\CortexM0\ARM_GCC_541\Debug\oxygen.a(UART_UART.o)
 .comment       0x0000006e       0x6f .\CortexM0\ARM_GCC_541\Debug\oxygen.a(I2C.o)
 .comment       0x0000006e       0x6f .\CortexM0\ARM_GCC_541\Debug\oxygen.a(I2C_I2C.o)
 .comment       0x0000006e       0x6f .\CortexM0\ARM_GCC_541\Debug\oxygen.a(I2C_I2C_MASTER.o)
 .comment       0x0000006e       0x6f .\CortexM0\ARM_GCC_541\Debug\oxygen.a(CyLib.o)
 .comment       0x0000006e       0x6f .\CortexM0\ARM_GCC_541\Debug\oxygen.a(CyLFClk.o)
 .comment       0x0000006e       0x6f .\CortexM0\ARM_GCC_541\Debug\oxygen.a(UART_SPI_UART.o)
 .comment       0x0000006e       0x6f .\CortexM0\ARM_GCC_541\Debug\oxygen.a(I2C_I2C_INT.o)
 .comment       0x0000006e       0x6f .\CortexM0\ARM_GCC_541\Debug\oxygen.a(CyFlash.o)

.debug_weaknames
 *(.debug_weaknames)

.debug_funcnames
 *(.debug_funcnames)

.debug_typenames
 *(.debug_typenames)

.debug_varnames
 *(.debug_varnames)

.note.gnu.arm.ident
 *(.note.gnu.arm.ident)

.ARM.attributes
                0x00000000       0x28
 *(.ARM.attributes)
 .ARM.attributes
                0x00000000       0x1e c:/users/shahnaz/desktop/psoc creator/4.4/psoc creator/import/gnu/arm/5.4.1/bin/../lib/gcc/arm-none-eabi/5.4.1/armv6-m/crti.o
 .ARM.attributes
                0x0000001e       0x2c c:/users/shahnaz/desktop/psoc creator/4.4/psoc creator/import/gnu/arm/5.4.1/bin/../lib/gcc/arm-none-eabi/5.4.1/armv6-m/crtbegin.o
 .ARM.attributes
                0x0000004a       0x1b c:/users/shahnaz/desktop/psoc creator/4.4/psoc creator/import/gnu/arm/5.4.1/bin/../lib/gcc/arm-none-eabi/5.4.1/../../../../arm-none-eabi/lib/armv6-m/crt0.o
 .ARM.attributes
                0x00000065       0x31 .\CortexM0\ARM_GCC_541\Debug\main.o
 .ARM.attributes
                0x00000096       0x31 .\CortexM0\ARM_GCC_541\Debug\libraryCopied.o
 .ARM.attributes
                0x000000c7       0x31 .\CortexM0\ARM_GCC_541\Debug\cyfitter_cfg.o
 .ARM.attributes
                0x000000f8       0x31 .\CortexM0\ARM_GCC_541\Debug\cymetadata.o
 .ARM.attributes
                0x00000129       0x31 .\CortexM0\ARM_GCC_541\Debug\Cm0Start.o
 .ARM.attributes
                0x0000015a       0x31 .\CortexM0\ARM_GCC_541\Debug\oxygen.a(UART.o)
 .ARM.attributes
                0x0000018b       0x31 .\CortexM0\ARM_GCC_541\Debug\oxygen.a(UART_UART.o)
 .ARM.attributes
                0x000001bc       0x31 .\CortexM0\ARM_GCC_541\Debug\oxygen.a(I2C.o)
 .ARM.attributes
                0x000001ed       0x31 .\CortexM0\ARM_GCC_541\Debug\oxygen.a(I2C_I2C.o)
 .ARM.attributes
                0x0000021e       0x31 .\CortexM0\ARM_GCC_541\Debug\oxygen.a(I2C_I2C_MASTER.o)
 .ARM.attributes
                0x0000024f       0x31 .\CortexM0\ARM_GCC_541\Debug\oxygen.a(CyLib.o)
 .ARM.attributes
                0x00000280       0x31 .\CortexM0\ARM_GCC_541\Debug\oxygen.a(CyLFClk.o)
 .ARM.attributes
                0x000002b1       0x21 .\CortexM0\ARM_GCC_541\Debug\oxygen.a(CyBootAsmGnu.o)
 .ARM.attributes
                0x000002d2       0x31 .\CortexM0\ARM_GCC_541\Debug\oxygen.a(UART_SPI_UART.o)
 .ARM.attributes
                0x00000303       0x31 .\CortexM0\ARM_GCC_541\Debug\oxygen.a(I2C_I2C_INT.o)
 .ARM.attributes
                0x00000334       0x31 .\CortexM0\ARM_GCC_541\Debug\oxygen.a(CyFlash.o)
 .ARM.attributes
                0x00000365       0x1e c:/users/shahnaz/desktop/psoc creator/4.4/psoc creator/import/gnu/arm/5.4.1/bin/../lib/gcc/arm-none-eabi/5.4.1/armv6-m\libgcc.a(_udivsi3.o)
 .ARM.attributes
                0x00000383       0x1e c:/users/shahnaz/desktop/psoc creator/4.4/psoc creator/import/gnu/arm/5.4.1/bin/../lib/gcc/arm-none-eabi/5.4.1/armv6-m\libgcc.a(_divsi3.o)
 .ARM.attributes
                0x000003a1       0x1e c:/users/shahnaz/desktop/psoc creator/4.4/psoc creator/import/gnu/arm/5.4.1/bin/../lib/gcc/arm-none-eabi/5.4.1/armv6-m\libgcc.a(_dvmd_tls.o)
 .ARM.attributes
                0x000003bf       0x1e c:/users/shahnaz/desktop/psoc creator/4.4/psoc creator/import/gnu/arm/5.4.1/bin/../lib/gcc/arm-none-eabi/5.4.1/armv6-m\libgcc.a(_arm_cmpdf2.o)
 .ARM.attributes
                0x000003dd       0x2c c:/users/shahnaz/desktop/psoc creator/4.4/psoc creator/import/gnu/arm/5.4.1/bin/../lib/gcc/arm-none-eabi/5.4.1/armv6-m\libgcc.a(_fixunssfsi.o)
 .ARM.attributes
                0x00000409       0x2c c:/users/shahnaz/desktop/psoc creator/4.4/psoc creator/import/gnu/arm/5.4.1/bin/../lib/gcc/arm-none-eabi/5.4.1/armv6-m\libgcc.a(addsf3.o)
 .ARM.attributes
                0x00000435       0x2c c:/users/shahnaz/desktop/psoc creator/4.4/psoc creator/import/gnu/arm/5.4.1/bin/../lib/gcc/arm-none-eabi/5.4.1/armv6-m\libgcc.a(divsf3.o)
 .ARM.attributes
                0x00000461       0x2c c:/users/shahnaz/desktop/psoc creator/4.4/psoc creator/import/gnu/arm/5.4.1/bin/../lib/gcc/arm-none-eabi/5.4.1/armv6-m\libgcc.a(mulsf3.o)
 .ARM.attributes
                0x0000048d       0x2c c:/users/shahnaz/desktop/psoc creator/4.4/psoc creator/import/gnu/arm/5.4.1/bin/../lib/gcc/arm-none-eabi/5.4.1/armv6-m\libgcc.a(subsf3.o)
 .ARM.attributes
                0x000004b9       0x2c c:/users/shahnaz/desktop/psoc creator/4.4/psoc creator/import/gnu/arm/5.4.1/bin/../lib/gcc/arm-none-eabi/5.4.1/armv6-m\libgcc.a(fixsfsi.o)
 .ARM.attributes
                0x000004e5       0x2c c:/users/shahnaz/desktop/psoc creator/4.4/psoc creator/import/gnu/arm/5.4.1/bin/../lib/gcc/arm-none-eabi/5.4.1/armv6-m\libgcc.a(floatunsisf.o)
 .ARM.attributes
                0x00000511       0x2c c:/users/shahnaz/desktop/psoc creator/4.4/psoc creator/import/gnu/arm/5.4.1/bin/../lib/gcc/arm-none-eabi/5.4.1/armv6-m\libgcc.a(adddf3.o)
 .ARM.attributes
                0x0000053d       0x2c c:/users/shahnaz/desktop/psoc creator/4.4/psoc creator/import/gnu/arm/5.4.1/bin/../lib/gcc/arm-none-eabi/5.4.1/armv6-m\libgcc.a(divdf3.o)
 .ARM.attributes
                0x00000569       0x2c c:/users/shahnaz/desktop/psoc creator/4.4/psoc creator/import/gnu/arm/5.4.1/bin/../lib/gcc/arm-none-eabi/5.4.1/armv6-m\libgcc.a(eqdf2.o)
 .ARM.attributes
                0x00000595       0x2c c:/users/shahnaz/desktop/psoc creator/4.4/psoc creator/import/gnu/arm/5.4.1/bin/../lib/gcc/arm-none-eabi/5.4.1/armv6-m\libgcc.a(gedf2.o)
 .ARM.attributes
                0x000005c1       0x2c c:/users/shahnaz/desktop/psoc creator/4.4/psoc creator/import/gnu/arm/5.4.1/bin/../lib/gcc/arm-none-eabi/5.4.1/armv6-m\libgcc.a(ledf2.o)
 .ARM.attributes
                0x000005ed       0x2c c:/users/shahnaz/desktop/psoc creator/4.4/psoc creator/import/gnu/arm/5.4.1/bin/../lib/gcc/arm-none-eabi/5.4.1/armv6-m\libgcc.a(muldf3.o)
 .ARM.attributes
                0x00000619       0x2c c:/users/shahnaz/desktop/psoc creator/4.4/psoc creator/import/gnu/arm/5.4.1/bin/../lib/gcc/arm-none-eabi/5.4.1/armv6-m\libgcc.a(floatsidf.o)
 .ARM.attributes
                0x00000645       0x2c c:/users/shahnaz/desktop/psoc creator/4.4/psoc creator/import/gnu/arm/5.4.1/bin/../lib/gcc/arm-none-eabi/5.4.1/armv6-m\libgcc.a(extendsfdf2.o)
 .ARM.attributes
                0x00000671       0x2c c:/users/shahnaz/desktop/psoc creator/4.4/psoc creator/import/gnu/arm/5.4.1/bin/../lib/gcc/arm-none-eabi/5.4.1/armv6-m\libgcc.a(truncdfsf2.o)
 .ARM.attributes
                0x0000069d       0x1e c:/users/shahnaz/desktop/psoc creator/4.4/psoc creator/import/gnu/arm/5.4.1/bin/../lib/gcc/arm-none-eabi/5.4.1/armv6-m\libgcc.a(_arm_cmpsf2.o)
 .ARM.attributes
                0x000006bb       0x1e c:/users/shahnaz/desktop/psoc creator/4.4/psoc creator/import/gnu/arm/5.4.1/bin/../lib/gcc/arm-none-eabi/5.4.1/armv6-m\libgcc.a(_clzsi2.o)
 .ARM.attributes
                0x000006d9       0x2c c:/users/shahnaz/desktop/psoc creator/4.4/psoc creator/import/gnu/arm/5.4.1/bin/../lib/gcc/arm-none-eabi/5.4.1/armv6-m\libgcc.a(eqsf2.o)
 .ARM.attributes
                0x00000705       0x2c c:/users/shahnaz/desktop/psoc creator/4.4/psoc creator/import/gnu/arm/5.4.1/bin/../lib/gcc/arm-none-eabi/5.4.1/armv6-m\libgcc.a(gesf2.o)
 .ARM.attributes
                0x00000731       0x2c c:/users/shahnaz/desktop/psoc creator/4.4/psoc creator/import/gnu/arm/5.4.1/bin/../lib/gcc/arm-none-eabi/5.4.1/armv6-m\libgcc.a(lesf2.o)
 .ARM.attributes
                0x0000075d       0x2c c:/users/shahnaz/desktop/psoc creator/4.4/psoc creator/import/gnu/arm/5.4.1/bin/../lib/gcc/arm-none-eabi/5.4.1/../../../../arm-none-eabi/lib/armv6-m\libg_nano.a(lib_a-errno.o)
 .ARM.attributes
                0x00000789       0x2c c:/users/shahnaz/desktop/psoc creator/4.4/psoc creator/import/gnu/arm/5.4.1/bin/../lib/gcc/arm-none-eabi/5.4.1/../../../../arm-none-eabi/lib/armv6-m\libg_nano.a(lib_a-exit.o)
 .ARM.attributes
                0x000007b5       0x2c c:/users/shahnaz/desktop/psoc creator/4.4/psoc creator/import/gnu/arm/5.4.1/bin/../lib/gcc/arm-none-eabi/5.4.1/../../../../arm-none-eabi/lib/armv6-m\libg_nano.a(lib_a-impure.o)
 .ARM.attributes
                0x000007e1       0x2c c:/users/shahnaz/desktop/psoc creator/4.4/psoc creator/import/gnu/arm/5.4.1/bin/../lib/gcc/arm-none-eabi/5.4.1/../../../../arm-none-eabi/lib/armv6-m\libg_nano.a(lib_a-init.o)
 .ARM.attributes
                0x0000080d       0x2c c:/users/shahnaz/desktop/psoc creator/4.4/psoc creator/import/gnu/arm/5.4.1/bin/../lib/gcc/arm-none-eabi/5.4.1/../../../../arm-none-eabi/lib/armv6-m\libg_nano.a(lib_a-memcpy-stub.o)
 .ARM.attributes
                0x00000839       0x2c c:/users/shahnaz/desktop/psoc creator/4.4/psoc creator/import/gnu/arm/5.4.1/bin/../lib/gcc/arm-none-eabi/5.4.1/../../../../arm-none-eabi/lib/armv6-m\libg_nano.a(lib_a-memset.o)
 .ARM.attributes
                0x00000865       0x2c c:/users/shahnaz/desktop/psoc creator/4.4/psoc creator/import/gnu/arm/5.4.1/bin/../lib/gcc/arm-none-eabi/5.4.1/../../../../arm-none-eabi/lib/armv6-m\libg_nano.a(lib_a-nano-vfprintf_float.o)
 .ARM.attributes
                0x00000891       0x2c c:/users/shahnaz/desktop/psoc creator/4.4/psoc creator/import/gnu/arm/5.4.1/bin/../lib/gcc/arm-none-eabi/5.4.1/../../../../arm-none-eabi/lib/armv6-m\libg_nano.a(lib_a-nano-vfprintf_i.o)
 .ARM.attributes
                0x000008bd       0x2c c:/users/shahnaz/desktop/psoc creator/4.4/psoc creator/import/gnu/arm/5.4.1/bin/../lib/gcc/arm-none-eabi/5.4.1/../../../../arm-none-eabi/lib/armv6-m\libg_nano.a(lib_a-sprintf.o)
 .ARM.attributes
                0x000008e9       0x1c c:/users/shahnaz/desktop/psoc creator/4.4/psoc creator/import/gnu/arm/5.4.1/bin/../lib/gcc/arm-none-eabi/5.4.1/../../../../arm-none-eabi/lib/armv6-m\libg_nano.a(lib_a-strlen.o)
 .ARM.attributes
                0x00000905       0x2c c:/users/shahnaz/desktop/psoc creator/4.4/psoc creator/import/gnu/arm/5.4.1/bin/../lib/gcc/arm-none-eabi/5.4.1/../../../../arm-none-eabi/lib/armv6-m\libg_nano.a(lib_a-dtoa.o)
 .ARM.attributes
                0x00000931       0x2c c:/users/shahnaz/desktop/psoc creator/4.4/psoc creator/import/gnu/arm/5.4.1/bin/../lib/gcc/arm-none-eabi/5.4.1/../../../../arm-none-eabi/lib/armv6-m\libg_nano.a(lib_a-locale.o)
 .ARM.attributes
                0x0000095d       0x2c c:/users/shahnaz/desktop/psoc creator/4.4/psoc creator/import/gnu/arm/5.4.1/bin/../lib/gcc/arm-none-eabi/5.4.1/../../../../arm-none-eabi/lib/armv6-m\libg_nano.a(lib_a-malloc.o)
 .ARM.attributes
                0x00000989       0x2c c:/users/shahnaz/desktop/psoc creator/4.4/psoc creator/import/gnu/arm/5.4.1/bin/../lib/gcc/arm-none-eabi/5.4.1/../../../../arm-none-eabi/lib/armv6-m\libg_nano.a(lib_a-memchr-stub.o)
 .ARM.attributes
                0x000009b5       0x2c c:/users/shahnaz/desktop/psoc creator/4.4/psoc creator/import/gnu/arm/5.4.1/bin/../lib/gcc/arm-none-eabi/5.4.1/../../../../arm-none-eabi/lib/armv6-m\libg_nano.a(lib_a-mprec.o)
 .ARM.attributes
                0x000009e1       0x2c c:/users/shahnaz/desktop/psoc creator/4.4/psoc creator/import/gnu/arm/5.4.1/bin/../lib/gcc/arm-none-eabi/5.4.1/../../../../arm-none-eabi/lib/armv6-m\libg_nano.a(lib_a-nano-callocr.o)
 .ARM.attributes
                0x00000a0d       0x2c c:/users/shahnaz/desktop/psoc creator/4.4/psoc creator/import/gnu/arm/5.4.1/bin/../lib/gcc/arm-none-eabi/5.4.1/../../../../arm-none-eabi/lib/armv6-m\libg_nano.a(lib_a-nano-freer.o)
 .ARM.attributes
                0x00000a39       0x2c c:/users/shahnaz/desktop/psoc creator/4.4/psoc creator/import/gnu/arm/5.4.1/bin/../lib/gcc/arm-none-eabi/5.4.1/../../../../arm-none-eabi/lib/armv6-m\libg_nano.a(lib_a-nano-mallocr.o)
 .ARM.attributes
                0x00000a65       0x2c c:/users/shahnaz/desktop/psoc creator/4.4/psoc creator/import/gnu/arm/5.4.1/bin/../lib/gcc/arm-none-eabi/5.4.1/../../../../arm-none-eabi/lib/armv6-m\libg_nano.a(lib_a-nano-svfprintf.o)
 .ARM.attributes
                0x00000a91       0x2c c:/users/shahnaz/desktop/psoc creator/4.4/psoc creator/import/gnu/arm/5.4.1/bin/../lib/gcc/arm-none-eabi/5.4.1/../../../../arm-none-eabi/lib/armv6-m\libg_nano.a(lib_a-sbrkr.o)
 .ARM.attributes
                0x00000abd       0x1c c:/users/shahnaz/desktop/psoc creator/4.4/psoc creator/import/gnu/arm/5.4.1/bin/../lib/gcc/arm-none-eabi/5.4.1/../../../../arm-none-eabi/lib/armv6-m\libg_nano.a(lib_a-strcmp.o)
 .ARM.attributes
                0x00000ad9       0x2c c:/users/shahnaz/desktop/psoc creator/4.4/psoc creator/import/gnu/arm/5.4.1/bin/../lib/gcc/arm-none-eabi/5.4.1/../../../../arm-none-eabi/lib/armv6-m\libg_nano.a(lib_a-memmove.o)
 .ARM.attributes
                0x00000b05       0x2c c:/users/shahnaz/desktop/psoc creator/4.4/psoc creator/import/gnu/arm/5.4.1/bin/../lib/gcc/arm-none-eabi/5.4.1/../../../../arm-none-eabi/lib/armv6-m\libg_nano.a(lib_a-mlock.o)
 .ARM.attributes
                0x00000b31       0x2c c:/users/shahnaz/desktop/psoc creator/4.4/psoc creator/import/gnu/arm/5.4.1/bin/../lib/gcc/arm-none-eabi/5.4.1/../../../../arm-none-eabi/lib/armv6-m\libg_nano.a(lib_a-nano-reallocr.o)
 .ARM.attributes
                0x00000b5d       0x2c c:/users/shahnaz/desktop/psoc creator/4.4/psoc creator/import/gnu/arm/5.4.1/bin/../lib/gcc/arm-none-eabi/5.4.1/../../../../arm-none-eabi/lib/armv6-m\libg_nano.a(lib_a-reent.o)
 .ARM.attributes
                0x00000b89       0x2c c:/users/shahnaz/desktop/psoc creator/4.4/psoc creator/import/gnu/arm/5.4.1/bin/../lib/gcc/arm-none-eabi/5.4.1/../../../../arm-none-eabi/lib/armv6-m\libg_nano.a(lib_a-nano-msizer.o)
 .ARM.attributes
                0x00000bb5       0x1e c:/users/shahnaz/desktop/psoc creator/4.4/psoc creator/import/gnu/arm/5.4.1/bin/../lib/gcc/arm-none-eabi/5.4.1/armv6-m\libgcc.a(_thumb1_case_uqi.o)
 .ARM.attributes
                0x00000bd3       0x2c c:/users/shahnaz/desktop/psoc creator/4.4/psoc creator/import/gnu/arm/5.4.1/bin/../lib/gcc/arm-none-eabi/5.4.1/armv6-m\libgcc.a(subdf3.o)
 .ARM.attributes
                0x00000bff       0x2c c:/users/shahnaz/desktop/psoc creator/4.4/psoc creator/import/gnu/arm/5.4.1/bin/../lib/gcc/arm-none-eabi/5.4.1/armv6-m\libgcc.a(unorddf2.o)
 .ARM.attributes
                0x00000c2b       0x2c c:/users/shahnaz/desktop/psoc creator/4.4/psoc creator/import/gnu/arm/5.4.1/bin/../lib/gcc/arm-none-eabi/5.4.1/armv6-m\libgcc.a(fixdfsi.o)
 .ARM.attributes
                0x00000c57       0x2c c:/users/shahnaz/desktop/psoc creator/4.4/psoc creator/import/gnu/arm/5.4.1/bin/../lib/gcc/arm-none-eabi/5.4.1/armv6-m\libgcc.a(floatunsidf.o)
 .ARM.attributes
                0x00000c83       0x2c c:/users/shahnaz/desktop/psoc creator/4.4/psoc creator/import/gnu/arm/5.4.1/bin/../lib/gcc/arm-none-eabi/5.4.1/armv6-m/crtend.o
 .ARM.attributes
                0x00000caf       0x1e c:/users/shahnaz/desktop/psoc creator/4.4/psoc creator/import/gnu/arm/5.4.1/bin/../lib/gcc/arm-none-eabi/5.4.1/armv6-m/crtn.o

/DISCARD/
 *(.note.GNU-stack)
OUTPUT(C:\Users\shahnaz\Documents\GitHub\Science_Sensor_Board\testing_sensors\oxygen testing\oxygen.cydsn\CortexM0\ARM_GCC_541\Debug\oxygen.elf elf32-littlearm)
