Archive member included to satisfy reference by file (symbol)

.\CortexM0\ARM_GCC_541\Debug\Humidity PSoC.a(UART.o)
                              .\CortexM0\ARM_GCC_541\Debug\main.o (UART_Start)
.\CortexM0\ARM_GCC_541\Debug\Humidity PSoC.a(UART_UART.o)
                              .\CortexM0\ARM_GCC_541\Debug\Humidity PSoC.a(UART.o) (UART_UartInit)
.\CortexM0\ARM_GCC_541\Debug\Humidity PSoC.a(I2C.o)
                              .\CortexM0\ARM_GCC_541\Debug\library.o (I2C_Start)
.\CortexM0\ARM_GCC_541\Debug\Humidity PSoC.a(I2C_I2C.o)
                              .\CortexM0\ARM_GCC_541\Debug\Humidity PSoC.a(I2C.o) (I2C_I2CInit)
.\CortexM0\ARM_GCC_541\Debug\Humidity PSoC.a(I2C_I2C_MASTER.o)
                              .\CortexM0\ARM_GCC_541\Debug\library.o (I2C_I2CMasterSendStart)
.\CortexM0\ARM_GCC_541\Debug\Humidity PSoC.a(CyLib.o)
                              .\CortexM0\ARM_GCC_541\Debug\cyfitter_cfg.o (CyIntEnable)
.\CortexM0\ARM_GCC_541\Debug\Humidity PSoC.a(CyLFClk.o)
                              .\CortexM0\ARM_GCC_541\Debug\Humidity PSoC.a(CyLib.o) (CySysClkWcoEnabled)
.\CortexM0\ARM_GCC_541\Debug\Humidity PSoC.a(CyBootAsmGnu.o)
                              .\CortexM0\ARM_GCC_541\Debug\Humidity PSoC.a(CyLib.o) (CyDelayCycles)
.\CortexM0\ARM_GCC_541\Debug\Humidity PSoC.a(UART_SPI_UART.o)
                              .\CortexM0\ARM_GCC_541\Debug\Humidity PSoC.a(UART_UART.o) (UART_SpiUartReadRxData)
.\CortexM0\ARM_GCC_541\Debug\Humidity PSoC.a(I2C_I2C_INT.o)
                              .\CortexM0\ARM_GCC_541\Debug\Humidity PSoC.a(I2C_I2C.o) (I2C_I2C_ISR)
.\CortexM0\ARM_GCC_541\Debug\Humidity PSoC.a(CyFlash.o)
                              .\CortexM0\ARM_GCC_541\Debug\Humidity PSoC.a(CyLib.o) (CySysFlashSetWaitCycles)
c:/program files (x86)/cypress/psoc creator/4.4/psoc creator/import/gnu/arm/5.4.1/bin/../lib/gcc/arm-none-eabi/5.4.1/armv6-m\libgcc.a(_udivsi3.o)
                              .\CortexM0\ARM_GCC_541\Debug\Humidity PSoC.a(CyLib.o) (__aeabi_uidiv)
c:/program files (x86)/cypress/psoc creator/4.4/psoc creator/import/gnu/arm/5.4.1/bin/../lib/gcc/arm-none-eabi/5.4.1/armv6-m\libgcc.a(_divsi3.o)
                              .\CortexM0\ARM_GCC_541\Debug\Humidity PSoC.a(CyLib.o) (__aeabi_idiv)
c:/program files (x86)/cypress/psoc creator/4.4/psoc creator/import/gnu/arm/5.4.1/bin/../lib/gcc/arm-none-eabi/5.4.1/armv6-m\libgcc.a(_dvmd_tls.o)
                              c:/program files (x86)/cypress/psoc creator/4.4/psoc creator/import/gnu/arm/5.4.1/bin/../lib/gcc/arm-none-eabi/5.4.1/armv6-m\libgcc.a(_udivsi3.o) (__aeabi_idiv0)
c:/program files (x86)/cypress/psoc creator/4.4/psoc creator/import/gnu/arm/5.4.1/bin/../lib/gcc/arm-none-eabi/5.4.1/armv6-m\libgcc.a(divsf3.o)
                              .\CortexM0\ARM_GCC_541\Debug\library.o (__aeabi_fdiv)
c:/program files (x86)/cypress/psoc creator/4.4/psoc creator/import/gnu/arm/5.4.1/bin/../lib/gcc/arm-none-eabi/5.4.1/armv6-m\libgcc.a(unordsf2.o)
                              .\CortexM0\ARM_GCC_541\Debug\main.o (__aeabi_fcmpun)
c:/program files (x86)/cypress/psoc creator/4.4/psoc creator/import/gnu/arm/5.4.1/bin/../lib/gcc/arm-none-eabi/5.4.1/armv6-m\libgcc.a(fixsfsi.o)
                              .\CortexM0\ARM_GCC_541\Debug\main.o (__aeabi_f2iz)
c:/program files (x86)/cypress/psoc creator/4.4/psoc creator/import/gnu/arm/5.4.1/bin/../lib/gcc/arm-none-eabi/5.4.1/armv6-m\libgcc.a(floatsisf.o)
                              .\CortexM0\ARM_GCC_541\Debug\library.o (__aeabi_i2f)
c:/program files (x86)/cypress/psoc creator/4.4/psoc creator/import/gnu/arm/5.4.1/bin/../lib/gcc/arm-none-eabi/5.4.1/armv6-m\libgcc.a(floatunsisf.o)
                              .\CortexM0\ARM_GCC_541\Debug\library.o (__aeabi_ui2f)
c:/program files (x86)/cypress/psoc creator/4.4/psoc creator/import/gnu/arm/5.4.1/bin/../lib/gcc/arm-none-eabi/5.4.1/armv6-m\libgcc.a(_clzsi2.o)
                              c:/program files (x86)/cypress/psoc creator/4.4/psoc creator/import/gnu/arm/5.4.1/bin/../lib/gcc/arm-none-eabi/5.4.1/armv6-m\libgcc.a(divsf3.o) (__clzsi2)
c:/program files (x86)/cypress/psoc creator/4.4/psoc creator/import/gnu/arm/5.4.1/bin/../lib/gcc/arm-none-eabi/5.4.1/../../../../arm-none-eabi/lib/armv6-m\libg_nano.a(lib_a-errno.o)
                              .\CortexM0\ARM_GCC_541\Debug\Cm0Start.o (__errno)
c:/program files (x86)/cypress/psoc creator/4.4/psoc creator/import/gnu/arm/5.4.1/bin/../lib/gcc/arm-none-eabi/5.4.1/../../../../arm-none-eabi/lib/armv6-m\libg_nano.a(lib_a-exit.o)
                              c:/program files (x86)/cypress/psoc creator/4.4/psoc creator/import/gnu/arm/5.4.1/bin/../lib/gcc/arm-none-eabi/5.4.1/../../../../arm-none-eabi/lib/armv6-m/crt0.o (exit)
c:/program files (x86)/cypress/psoc creator/4.4/psoc creator/import/gnu/arm/5.4.1/bin/../lib/gcc/arm-none-eabi/5.4.1/../../../../arm-none-eabi/lib/armv6-m\libg_nano.a(lib_a-impure.o)
[...]
Memory Configuration

Name             Origin             Length             Attributes
rom              0x00000000         0x00040000         xr
ram              0x20000000         0x00008000         xrw
*default*        0x00000000         0xffffffff

Linker script and memory map

LOAD c:/program files (x86)/cypress/psoc creator/4.4/psoc creator/import/gnu/arm/5.4.1/bin/../lib/gcc/arm-none-eabi/5.4.1/armv6-m/crti.o
LOAD c:/program files (x86)/cypress/psoc creator/4.4/psoc creator/import/gnu/arm/5.4.1/bin/../lib/gcc/arm-none-eabi/5.4.1/armv6-m/crtbegin.o
LOAD c:/program files (x86)/cypress/psoc creator/4.4/psoc creator/import/gnu/arm/5.4.1/bin/../lib/gcc/arm-none-eabi/5.4.1/../../../../arm-none-eabi/lib/armv6-m/crt0.o
START GROUP
LOAD .\CortexM0\ARM_GCC_541\Debug\library.o
LOAD .\CortexM0\ARM_GCC_541\Debug\main.o
LOAD .\CortexM0\ARM_GCC_541\Debug\cyfitter_cfg.o
LOAD .\CortexM0\ARM_GCC_541\Debug\cymetadata.o
LOAD .\CortexM0\ARM_GCC_541\Debug\Cm0Start.o
LOAD .\CortexM0\ARM_GCC_541\Debug\Humidity PSoC.a
LOAD C:\Program Files (x86)\Cypress\PSoC Creator\4.4\PSoC Creator\psoc\content\CyComponentLibrary\CyComponentLibrary.cylib\CapSense_CSD_P4_v2_60\PSoC4\Library\CapsenseP4Library_GCC.a
LOAD c:/program files (x86)/cypress/psoc creator/4.4/psoc creator/import/gnu/arm/5.4.1/bin/../lib/gcc/arm-none-eabi/5.4.1/../../../../arm-none-eabi/lib/armv6-m\libm.a
END GROUP
START GROUP
LOAD c:/program files (x86)/cypress/psoc creator/4.4/psoc creator/import/gnu/arm/5.4.1/bin/../lib/gcc/arm-none-eabi/5.4.1/armv6-m\libgcc.a
LOAD c:/program files (x86)/cypress/psoc creator/4.4/psoc creator/import/gnu/arm/5.4.1/bin/../lib/gcc/arm-none-eabi/5.4.1/../../../../arm-none-eabi/lib/armv6-m\libg_nano.a
LOAD c:/program files (x86)/cypress/psoc creator/4.4/psoc creator/import/gnu/arm/5.4.1/bin/../lib/gcc/arm-none-eabi/5.4.1/../../../../arm-none-eabi/lib/armv6-m\libc_nano.a
END GROUP
START GROUP
LOAD c:/program files (x86)/cypress/psoc creator/4.4/psoc creator/import/gnu/arm/5.4.1/bin/../lib/gcc/arm-none-eabi/5.4.1/armv6-m\libgcc.a
LOAD c:/program files (x86)/cypress/psoc creator/4.4/psoc creator/import/gnu/arm/5.4.1/bin/../lib/gcc/arm-none-eabi/5.4.1/../../../../arm-none-eabi/lib/armv6-m\libc_nano.a
END GROUP
LOAD c:/program files (x86)/cypress/psoc creator/4.4/psoc creator/import/gnu/arm/5.4.1/bin/../lib/gcc/arm-none-eabi/5.4.1/armv6-m/crtend.o
LOAD c:/program files (x86)/cypress/psoc creator/4.4/psoc creator/import/gnu/arm/5.4.1/bin/../lib/gcc/arm-none-eabi/5.4.1/armv6-m/crtn.o
START GROUP
LOAD c:/program files (x86)/cypress/psoc creator/4.4/psoc creator/import/gnu/arm/5.4.1/bin/../lib/gcc/arm-none-eabi/5.4.1/armv6-m\libgcc.a
LOAD c:/program files (x86)/cypress/psoc creator/4.4/psoc creator/import/gnu/arm/5.4.1/bin/../lib/gcc/arm-none-eabi/5.4.1/../../../../arm-none-eabi/lib/armv6-m\libc.a
LOAD c:/program files (x86)/cypress/psoc creator/4.4/psoc creator/import/gnu/arm/5.4.1/bin/../lib/gcc/arm-none-eabi/5.4.1/../../../../arm-none-eabi/lib/armv6-m\libnosys.a
END GROUP
                0x00000000                CY_APPL_ORIGIN = 0x0
                0x00000100                CY_FLASH_ROW_SIZE = 0x100
                0x00000001                CY_APPL_NUM = 0x1
                0x00000001                CY_APPL_MAX = 0x1
                0x00000040                CY_METADATA_SIZE = 0x40
                0x00000000                CY_APPL_LOADABLE = 0x0
                0x00000000                CY_CHECKSUM_EXCLUDE_SIZE = ALIGN (0x0, CY_FLASH_ROW_SIZE)
                0x00000000                CY_APP_FOR_STACK_AND_COPIER = 0x0
                [!provide]                PROVIDE (__cy_heap_start, _end)
                0x00000001                PROVIDE (__cy_region_num, ((__cy_regions_end - __cy_regions) / 0x10))
                0x20008000                PROVIDE (__cy_stack, (ORIGIN (ram) + LENGTH (ram)))
                [!provide]                PROVIDE (__cy_heap_end, (__cy_stack - 0x800))

.cybootloader   0x00000000        0x0
 *(.cybootloader)
                0x00000000                appl1_start = CY_APPL_ORIGIN?CY_APPL_ORIGIN:ALIGN (CY_FLASH_ROW_SIZE)
                0x0001ff00                appl2_start = (appl1_start + ALIGN ((((LENGTH (rom) - appl1_start) - (0x2 * CY_FLASH_ROW_SIZE)) / 0x2), CY_FLASH_ROW_SIZE))
                0x00000000                appl_start = (CY_APPL_NUM == 0x1)?appl1_start:appl2_start
                0x00000001                cy_project_type_bootloader = (appl_start == 0x0)?0x1:0x0
                0x00000000                cy_project_type_app_for_stack_and_copier = (CY_APP_FOR_STACK_AND_COPIER == 0x1)?0x1:0x0

.text           0x00000000     0x5e68
 CREATE_OBJECT_SYMBOLS
                0x00000000                PROVIDE (__cy_interrupt_vector, RomVectors)
 *(.romvectors)
 .romvectors    0x00000000       0x10 .\CortexM0\ARM_GCC_541\Debug\Cm0Start.o
                0x00000000                RomVectors
                0x00000001                ASSERT ((. != __cy_interrupt_vector), No interrupt vector)
                0x00000001                ASSERT (CY_APPL_ORIGIN?(SIZEOF (.cybootloader) <= CY_APPL_ORIGIN):0x1, Wrong image location)
                0x00000010                PROVIDE (__cy_reset, Reset)
 *(.text.Reset)
 .text.Reset    0x00000010        0x8 .\CortexM0\ARM_GCC_541\Debug\Cm0Start.o
                0x00000010                Reset
                0x00000001                ASSERT ((. != __cy_reset), No reset code)
 *(.psocinit)
 .psocinit      0x00000018      0x324 .\CortexM0\ARM_GCC_541\Debug\cyfitter_cfg.o
                0x00000158                cyfitter_cfg
                0x0000033c                . = MAX (., 0x100)
 *(.text .text.* .gnu.linkonce.t.*)
 .text          0x0000033c       0x60 c:/program files (x86)/cypress/psoc creator/4.4/psoc creator/import/gnu/arm/5.4.1/bin/../lib/gcc/arm-none-eabi/5.4.1/armv6-m/crtbegin.o
 .text.crc8     0x0000039c       0x34 .\CortexM0\ARM_GCC_541\Debug\library.o
 .text.writeCommand
                0x000003d0       0xa8 .\CortexM0\ARM_GCC_541\Debug\library.o
 .text.SHT31_ReadStatus
                0x00000478       0x9c .\CortexM0\ARM_GCC_541\Debug\library.o
                0x00000478                SHT31_ReadStatus
 .text.SHT31_Init
                0x00000514       0x2c .\CortexM0\ARM_GCC_541\Debug\library.o
                0x00000514                SHT31_Init
 .text.SHT31_IsHeaterEnabled
                0x00000540       0x20 .\CortexM0\ARM_GCC_541\Debug\library.o
                0x00000540                SHT31_IsHeaterEnabled
 .text.SHT31_ReadTempHum
                0x00000560      0x13c .\CortexM0\ARM_GCC_541\Debug\library.o
                0x00000560                SHT31_ReadTempHum
 .text.main     0x0000069c       0xcc .\CortexM0\ARM_GCC_541\Debug\main.o
                0x0000069c                main
 .text.cfg_write_bytes32
                0x00000768       0x34 .\CortexM0\ARM_GCC_541\Debug\cyfitter_cfg.o
 .text.CYMEMZERO
                0x0000079c        0xc .\CortexM0\ARM_GCC_541\Debug\cyfitter_cfg.o
 .text.SetAnalogRoutingPumps
                0x000007a8       0x20 .\CortexM0\ARM_GCC_541\Debug\cyfitter_cfg.o
                0x000007a8                SetAnalogRoutingPumps
 .text.AnalogSetDefault
                0x000007c8       0x7c .\CortexM0\ARM_GCC_541\Debug\cyfitter_cfg.o
 .text.IntDefaultHandler
                0x00000844       0x10 .\CortexM0\ARM_GCC_541\Debug\Cm0Start.o
                0x00000844                IntDefaultHandler
 .text._sbrk    0x00000854       0x30 .\CortexM0\ARM_GCC_541\Debug\Cm0Start.o
                0x00000854                _sbrk
 .text.Start_c  0x00000884       0x48 .\CortexM0\ARM_GCC_541\Debug\Cm0Start.o
                0x00000884                Start_c
 .text.initialize_psoc
                0x000008cc       0x4c .\CortexM0\ARM_GCC_541\Debug\Cm0Start.o
                0x000008cc                initialize_psoc
 .text.UART_ScbModePostEnable
                0x00000918        0x8 .\CortexM0\ARM_GCC_541\Debug\Humidity PSoC.a(UART.o)
 .text.UART_Init
                0x00000920        0x8 .\CortexM0\ARM_GCC_541\Debug\Humidity PSoC.a(UART.o)
                0x00000920                UART_Init
 .text.UART_Enable
                0x00000928       0x18 .\CortexM0\ARM_GCC_541\Debug\Humidity PSoC.a(UART.o)
                0x00000928                UART_Enable
 .text.UART_Start
                0x00000940       0x20 .\CortexM0\ARM_GCC_541\Debug\Humidity PSoC.a(UART.o)
                0x00000940                UART_Start
 .text.UART_UartInit
                0x00000960       0xa8 .\CortexM0\ARM_GCC_541\Debug\Humidity PSoC.a(UART_UART.o)
                0x00000960                UART_UartInit
 .text.UART_UartPostEnable
                0x00000a08       0x24 .\CortexM0\ARM_GCC_541\Debug\Humidity PSoC.a(UART_UART.o)
                0x00000a08                UART_UartPostEnable
 .text.UART_UartPutString
                0x00000a2c       0x18 .\CortexM0\ARM_GCC_541\Debug\Humidity PSoC.a(UART_UART.o)
                0x00000a2c                UART_UartPutString
 .text.I2C_ScbEnableIntr
                0x00000a44        0xc .\CortexM0\ARM_GCC_541\Debug\Humidity PSoC.a(I2C.o)
 .text.I2C_Init
                0x00000a50        0x8 .\CortexM0\ARM_GCC_541\Debug\Humidity PSoC.a(I2C.o)
                0x00000a50                I2C_Init
 .text.I2C_Enable
                0x00000a58       0x18 .\CortexM0\ARM_GCC_541\Debug\Humidity PSoC.a(I2C.o)
                0x00000a58                I2C_Enable
 .text.I2C_Start
                0x00000a70       0x20 .\CortexM0\ARM_GCC_541\Debug\Humidity PSoC.a(I2C.o)
                0x00000a70                I2C_Start
 .text.I2C_I2CInit
                0x00000a90       0xb8 .\CortexM0\ARM_GCC_541\Debug\Humidity PSoC.a(I2C_I2C.o)
                0x00000a90                I2C_I2CInit
 .text.I2C_I2CFwBlockReset
                0x00000b48       0x5c .\CortexM0\ARM_GCC_541\Debug\Humidity PSoC.a(I2C_I2C.o)
                0x00000b48                I2C_I2CFwBlockReset
 .text.I2C_I2CMasterWaitOneUnit
                0x00000ba4       0x28 .\CortexM0\ARM_GCC_541\Debug\Humidity PSoC.a(I2C_I2C_MASTER.o)
 .text.I2C_I2CMasterHandleStatus
                0x00000bcc       0xc4 .\CortexM0\ARM_GCC_541\Debug\Humidity PSoC.a(I2C_I2C_MASTER.o)
 .text.I2C_I2CMasterSendStart
                0x00000c90       0xc4 .\CortexM0\ARM_GCC_541\Debug\Humidity PSoC.a(I2C_I2C_MASTER.o)
                0x00000c90                I2C_I2CMasterSendStart
 .text.I2C_I2CMasterSendStop
                0x00000d54       0x58 .\CortexM0\ARM_GCC_541\Debug\Humidity PSoC.a(I2C_I2C_MASTER.o)
                0x00000d54                I2C_I2CMasterSendStop
 .text.I2C_I2CMasterWriteByte
                0x00000dac       0x48 .\CortexM0\ARM_GCC_541\Debug\Humidity PSoC.a(I2C_I2C_MASTER.o)
                0x00000dac                I2C_I2CMasterWriteByte
 .text.I2C_I2CMasterReadByte
                0x00000df4       0x7c .\CortexM0\ARM_GCC_541\Debug\Humidity PSoC.a(I2C_I2C_MASTER.o)
                0x00000df4                I2C_I2CMasterReadByte
 .text.I2C_I2CMasterClearStatus
                0x00000e70       0x20 .\CortexM0\ARM_GCC_541\Debug\Humidity PSoC.a(I2C_I2C_MASTER.o)
                0x00000e70                I2C_I2CMasterClearStatus
 .text.CySysClkImoSetPwrBgTrim5
                0x00000e90       0x30 .\CortexM0\ARM_GCC_541\Debug\Humidity PSoC.a(CyLib.o)
 .text.CySysClkImoSetImoTrims
                0x00000ec0       0xb0 .\CortexM0\ARM_GCC_541\Debug\Humidity PSoC.a(CyLib.o)
 .text.CySysClkImoDisableWcoLock
                0x00000f70       0x54 .\CortexM0\ARM_GCC_541\Debug\Humidity PSoC.a(CyLib.o)
                0x00000f70                CySysClkImoDisableWcoLock
 .text.CySysClkImoGetWcoLock
                0x00000fc4       0x14 .\CortexM0\ARM_GCC_541\Debug\Humidity PSoC.a(CyLib.o)
                0x00000fc4                CySysClkImoGetWcoLock
 .text.CySysClkImoEnableUsbLock
                0x00000fd8       0x44 .\CortexM0\ARM_GCC_541\Debug\Humidity PSoC.a(CyLib.o)
                0x00000fd8                CySysClkImoEnableUsbLock
 .text.CySysClkImoDisableUsbLock
                0x0000101c       0x74 .\CortexM0\ARM_GCC_541\Debug\Humidity PSoC.a(CyLib.o)
                0x0000101c                CySysClkImoDisableUsbLock
 .text.CySysClkImoGetUsbLock
                0x00001090       0x14 .\CortexM0\ARM_GCC_541\Debug\Humidity PSoC.a(CyLib.o)
                0x00001090                CySysClkImoGetUsbLock
 .text.CyIntEnable
                0x000010a4       0x14 .\CortexM0\ARM_GCC_541\Debug\Humidity PSoC.a(CyLib.o)
                0x000010a4                CyIntEnable
 .text.CyIntDisable
                0x000010b8       0x14 .\CortexM0\ARM_GCC_541\Debug\Humidity PSoC.a(CyLib.o)
                0x000010b8                CyIntDisable
 .text.CyHalt   0x000010cc        0x4 .\CortexM0\ARM_GCC_541\Debug\Humidity PSoC.a(CyLib.o)
                0x000010cc                CyHalt
 .text.CyIntSetVector
                0x000010d0       0x24 .\CortexM0\ARM_GCC_541\Debug\Humidity PSoC.a(CyLib.o)
                0x000010d0                CyIntSetVector
 .text.CyIntSetPriority
                0x000010f4       0x4c .\CortexM0\ARM_GCC_541\Debug\Humidity PSoC.a(CyLib.o)
                0x000010f4                CyIntSetPriority
 .text.CyDelay  0x00001140       0x30 .\CortexM0\ARM_GCC_541\Debug\Humidity PSoC.a(CyLib.o)
                0x00001140                CyDelay
 .text.CySysClkImoEnableWcoLock
                0x00001170      0x104 .\CortexM0\ARM_GCC_541\Debug\Humidity PSoC.a(CyLib.o)
                0x00001170                CySysClkImoEnableWcoLock
 .text.CyDelayUs
                0x00001274       0x14 .\CortexM0\ARM_GCC_541\Debug\Humidity PSoC.a(CyLib.o)
                0x00001274                CyDelayUs
 .text.CySysClkWriteImoFreq
                0x00001288      0x1bc .\CortexM0\ARM_GCC_541\Debug\Humidity PSoC.a(CyLib.o)
                0x00001288                CySysClkWriteImoFreq
 .text.CySysWdtLocked
                0x00001444       0x14 .\CortexM0\ARM_GCC_541\Debug\Humidity PSoC.a(CyLFClk.o)
 .text.CySysClkWcoEnabled
                0x00001458       0x14 .\CortexM0\ARM_GCC_541\Debug\Humidity PSoC.a(CyLFClk.o)
                0x00001458                CySysClkWcoEnabled
 .text.CySysWdtLock
                0x0000146c       0x1c .\CortexM0\ARM_GCC_541\Debug\Humidity PSoC.a(CyLFClk.o)
                0x0000146c                CySysWdtLock
 .text.CySysWdtUnlock
                0x00001488       0x30 .\CortexM0\ARM_GCC_541\Debug\Humidity PSoC.a(CyLFClk.o)
                0x00001488                CySysWdtUnlock
 .text.CySysWdtClearInterrupt
                0x000014b8       0x4c .\CortexM0\ARM_GCC_541\Debug\Humidity PSoC.a(CyLFClk.o)
                0x000014b8                CySysWdtClearInterrupt
 .text.CySysWdtIsr
                0x00001504       0xa4 .\CortexM0\ARM_GCC_541\Debug\Humidity PSoC.a(CyLFClk.o)
                0x00001504                CySysWdtIsr
 .text          0x000015a8       0x20 .\CortexM0\ARM_GCC_541\Debug\Humidity PSoC.a(CyBootAsmGnu.o)
                0x000015a8                CyDelayCycles
                0x000015ba                CyEnterCriticalSection
                0x000015c2                CyExitCriticalSection
 .text.UART_SpiUartWriteTxData
                0x000015c8       0x1c .\CortexM0\ARM_GCC_541\Debug\Humidity PSoC.a(UART_SPI_UART.o)
                0x000015c8                UART_SpiUartWriteTxData
 .text.I2C_I2C_ISR
                0x000015e4      0x340 .\CortexM0\ARM_GCC_541\Debug\Humidity PSoC.a(I2C_I2C_INT.o)
                0x000015e4                I2C_I2C_ISR
 .text.CySysFlashSetWaitCycles
                0x00001924       0x54 .\CortexM0\ARM_GCC_541\Debug\Humidity PSoC.a(CyFlash.o)
                0x00001924                CySysFlashSetWaitCycles
 .text          0x00001978      0x114 c:/program files (x86)/cypress/psoc creator/4.4/psoc creator/import/gnu/arm/5.4.1/bin/../lib/gcc/arm-none-eabi/5.4.1/armv6-m\libgcc.a(_udivsi3.o)
                0x00001978                __aeabi_uidiv
                0x00001978                __udivsi3
                0x00001a84                __aeabi_uidivmod
 .text          0x00001a8c      0x1d4 c:/program files (x86)/cypress/psoc creator/4.4/psoc creator/import/gnu/arm/5.4.1/bin/../lib/gcc/arm-none-eabi/5.4.1/armv6-m\libgcc.a(_divsi3.o)
                0x00001a8c                __divsi3
                0x00001a8c                __aeabi_idiv
                0x00001c58                __aeabi_idivmod
 .text          0x00001c60        0x4 c:/program files (x86)/cypress/psoc creator/4.4/psoc creator/import/gnu/arm/5.4.1/bin/../lib/gcc/arm-none-eabi/5.4.1/armv6-m\libgcc.a(_dvmd_tls.o)
                0x00001c60                __aeabi_idiv0
                0x00001c60                __aeabi_ldiv0
 .text          0x00001c64      0x234 c:/program files (x86)/cypress/psoc creator/4.4/psoc creator/import/gnu/arm/5.4.1/bin/../lib/gcc/arm-none-eabi/5.4.1/armv6-m\libgcc.a(divsf3.o)
                0x00001c64                __aeabi_fdiv
 .text          0x00001e98       0x30 c:/program files (x86)/cypress/psoc creator/4.4/psoc creator/import/gnu/arm/5.4.1/bin/../lib/gcc/arm-none-eabi/5.4.1/armv6-m\libgcc.a(unordsf2.o)
                0x00001e98                __aeabi_fcmpun
 .text          0x00001ec8       0x44 c:/program files (x86)/cypress/psoc creator/4.4/psoc creator/import/gnu/arm/5.4.1/bin/../lib/gcc/arm-none-eabi/5.4.1/armv6-m\libgcc.a(fixsfsi.o)
                0x00001ec8                __aeabi_f2iz
 .text          0x00001f0c       0x90 c:/program files (x86)/cypress/psoc creator/4.4/psoc creator/import/gnu/arm/5.4.1/bin/../lib/gcc/arm-none-eabi/5.4.1/armv6-m\libgcc.a(floatsisf.o)
                0x00001f0c                __aeabi_i2f
 .text          0x00001f9c       0x7c c:/program files (x86)/cypress/psoc creator/4.4/psoc creator/import/gnu/arm/5.4.1/bin/../lib/gcc/arm-none-eabi/5.4.1/armv6-m\libgcc.a(floatunsisf.o)
                0x00001f9c                __aeabi_ui2f
 .text          0x00002018       0x3c c:/program files (x86)/cypress/psoc creator/4.4/psoc creator/import/gnu/arm/5.4.1/bin/../lib/gcc/arm-none-eabi/5.4.1/armv6-m\libgcc.a(_clzsi2.o)
                0x00002018                __clzsi2
 .text.__errno  0x00002054        0xc c:/program files (x86)/cypress/psoc creator/4.4/psoc creator/import/gnu/arm/5.4.1/bin/../lib/gcc/arm-none-eabi/5.4.1/../../../../arm-none-eabi/lib/armv6-m\libg_nano.a(lib_a-errno.o)
                0x00002054                __errno
 .text.__libc_init_array
                0x00002060       0x4c c:/program files (x86)/cypress/psoc creator/4.4/psoc creator/import/gnu/arm/5.4.1/bin/../lib/gcc/arm-none-eabi/5.4.1/../../../../arm-none-eabi/lib/armv6-m\libg_nano.a(lib_a-init.o)
                0x00002060                __libc_init_array
 .text.memcpy   0x000020ac       0x12 c:/program files (x86)/cypress/psoc creator/4.4/psoc creator/import/gnu/arm/5.4.1/bin/../lib/gcc/arm-none-eabi/5.4.1/../../../../arm-none-eabi/lib/armv6-m\libg_nano.a(lib_a-memcpy-stub.o)
                0x000020ac                memcpy
 .text.memset   0x000020be       0x10 c:/program files (x86)/cypress/psoc creator/4.4/psoc creator/import/gnu/arm/5.4.1/bin/../lib/gcc/arm-none-eabi/5.4.1/../../../../arm-none-eabi/lib/armv6-m\libg_nano.a(lib_a-memset.o)
                0x000020be                memset
 .text.__cvt    0x000020ce       0xca c:/program files (x86)/cypress/psoc creator/4.4/psoc creator/import/gnu/arm/5.4.1/bin/../lib/gcc/arm-none-eabi/5.4.1/../../../../arm-none-eabi/lib/armv6-m\libg_nano.a(lib_a-nano-vfprintf_float.o)
                0x000020ce                __cvt
 .text.__exponent
                0x00002198       0x62 c:/program files (x86)/cypress/psoc creator/4.4/psoc creator/import/gnu/arm/5.4.1/bin/../lib/gcc/arm-none-eabi/5.4.1/../../../../arm-none-eabi/lib/armv6-m\libg_nano.a(lib_a-nano-vfprintf_float.o)
                0x00002198                __exponent
 *fill*         0x000021fa        0x2 
 .text._printf_float
                0x000021fc      0x4a0 c:/program files (x86)/cypress/psoc creator/4.4/psoc creator/import/gnu/arm/5.4.1/bin/../lib/gcc/arm-none-eabi/5.4.1/../../../../arm-none-eabi/lib/armv6-m\libg_nano.a(lib_a-nano-vfprintf_float.o)
                0x000021fc                _printf_float
 .text._printf_common
                0x0000269c       0xdc c:/program files (x86)/cypress/psoc creator/4.4/psoc creator/import/gnu/arm/5.4.1/bin/../lib/gcc/arm-none-eabi/5.4.1/../../../../arm-none-eabi/lib/armv6-m\libg_nano.a(lib_a-nano-vfprintf_i.o)
                0x0000269c                _printf_common
 .text._printf_i
                0x00002778      0x244 c:/program files (x86)/cypress/psoc creator/4.4/psoc creator/import/gnu/arm/5.4.1/bin/../lib/gcc/arm-none-eabi/5.4.1/../../../../arm-none-eabi/lib/armv6-m\libg_nano.a(lib_a-nano-vfprintf_i.o)
                0x00002778                _printf_i
 .text.snprintf
                0x000029bc       0x64 c:/program files (x86)/cypress/psoc creator/4.4/psoc creator/import/gnu/arm/5.4.1/bin/../lib/gcc/arm-none-eabi/5.4.1/../../../../arm-none-eabi/lib/armv6-m\libg_nano.a(lib_a-snprintf.o)
                0x000029bc                sniprintf
                0x000029bc                snprintf
 .text.sprintf  0x00002a20       0x44 c:/program files (x86)/cypress/psoc creator/4.4/psoc creator/import/gnu/arm/5.4.1/bin/../lib/gcc/arm-none-eabi/5.4.1/../../../../arm-none-eabi/lib/armv6-m\libg_nano.a(lib_a-sprintf.o)
                0x00002a20                siprintf
                0x00002a20                sprintf
 .text          0x00002a64        0xe c:/program files (x86)/cypress/psoc creator/4.4/psoc creator/import/gnu/arm/5.4.1/bin/../lib/gcc/arm-none-eabi/5.4.1/../../../../arm-none-eabi/lib/armv6-m\libg_nano.a(lib_a-strlen.o)
                0x00002a64                strlen
 .text.quorem   0x00002a72      0x10c c:/program files (x86)/cypress/psoc creator/4.4/psoc creator/import/gnu/arm/5.4.1/bin/../lib/gcc/arm-none-eabi/5.4.1/../../../../arm-none-eabi/lib/armv6-m\libg_nano.a(lib_a-dtoa.o)
 *fill*         0x00002b7e        0x2 
 .text._dtoa_r  0x00002b80      0xb8c c:/program files (x86)/cypress/psoc creator/4.4/psoc creator/import/gnu/arm/5.4.1/bin/../lib/gcc/arm-none-eabi/5.4.1/../../../../arm-none-eabi/lib/armv6-m\libg_nano.a(lib_a-dtoa.o)
                0x00002b80                _dtoa_r
 .text._localeconv_r
                0x0000370c        0x8 c:/program files (x86)/cypress/psoc creator/4.4/psoc creator/import/gnu/arm/5.4.1/bin/../lib/gcc/arm-none-eabi/5.4.1/../../../../arm-none-eabi/lib/armv6-m\libg_nano.a(lib_a-locale.o)
                0x0000370c                _localeconv_r
 .text.malloc   0x00003714       0x14 c:/program files (x86)/cypress/psoc creator/4.4/psoc creator/import/gnu/arm/5.4.1/bin/../lib/gcc/arm-none-eabi/5.4.1/../../../../arm-none-eabi/lib/armv6-m\libg_nano.a(lib_a-malloc.o)
                0x00003714                malloc
 .text.memchr   0x00003728       0x16 c:/program files (x86)/cypress/psoc creator/4.4/psoc creator/import/gnu/arm/5.4.1/bin/../lib/gcc/arm-none-eabi/5.4.1/../../../../arm-none-eabi/lib/armv6-m\libg_nano.a(lib_a-memchr-stub.o)
                0x00003728                memchr
 .text._Balloc  0x0000373e       0x70 c:/program files (x86)/cypress/psoc creator/4.4/psoc creator/import/gnu/arm/5.4.1/bin/../lib/gcc/arm-none-eabi/5.4.1/../../../../arm-none-eabi/lib/armv6-m\libg_nano.a(lib_a-mprec.o)
                0x0000373e                _Balloc
 .text._Bfree   0x000037ae       0x32 c:/program files (x86)/cypress/psoc creator/4.4/psoc creator/import/gnu/arm/5.4.1/bin/../lib/gcc/arm-none-eabi/5.4.1/../../../../arm-none-eabi/lib/armv6-m\libg_nano.a(lib_a-mprec.o)
                0x000037ae                _Bfree
 .text.__multadd
                0x000037e0       0x7a c:/program files (x86)/cypress/psoc creator/4.4/psoc creator/import/gnu/arm/5.4.1/bin/../lib/gcc/arm-none-eabi/5.4.1/../../../../arm-none-eabi/lib/armv6-m\libg_nano.a(lib_a-mprec.o)
                0x000037e0                __multadd
 .text.__hi0bits
                0x0000385a       0x36 c:/program files (x86)/cypress/psoc creator/4.4/psoc creator/import/gnu/arm/5.4.1/bin/../lib/gcc/arm-none-eabi/5.4.1/../../../../arm-none-eabi/lib/armv6-m\libg_nano.a(lib_a-mprec.o)
                0x0000385a                __hi0bits
 .text.__lo0bits
                0x00003890       0x5e c:/program files (x86)/cypress/psoc creator/4.4/psoc creator/import/gnu/arm/5.4.1/bin/../lib/gcc/arm-none-eabi/5.4.1/../../../../arm-none-eabi/lib/armv6-m\libg_nano.a(lib_a-mprec.o)
                0x00003890                __lo0bits
 .text.__i2b    0x000038ee       0x12 c:/program files (x86)/cypress/psoc creator/4.4/psoc creator/import/gnu/arm/5.4.1/bin/../lib/gcc/arm-none-eabi/5.4.1/../../../../arm-none-eabi/lib/armv6-m\libg_nano.a(lib_a-mprec.o)
                0x000038ee                __i2b
 .text.__multiply
                0x00003900      0x112 c:/program files (x86)/cypress/psoc creator/4.4/psoc creator/import/gnu/arm/5.4.1/bin/../lib/gcc/arm-none-eabi/5.4.1/../../../../arm-none-eabi/lib/armv6-m\libg_nano.a(lib_a-mprec.o)
                0x00003900                __multiply
 *fill*         0x00003a12        0x2 
 .text.__pow5mult
                0x00003a14       0xa8 c:/program files (x86)/cypress/psoc creator/4.4/psoc creator/import/gnu/arm/5.4.1/bin/../lib/gcc/arm-none-eabi/5.4.1/../../../../arm-none-eabi/lib/armv6-m\libg_nano.a(lib_a-mprec.o)
                0x00003a14                __pow5mult
 .text.__lshift
                0x00003abc       0xa4 c:/program files (x86)/cypress/psoc creator/4.4/psoc creator/import/gnu/arm/5.4.1/bin/../lib/gcc/arm-none-eabi/5.4.1/../../../../arm-none-eabi/lib/armv6-m\libg_nano.a(lib_a-mprec.o)
                0x00003abc                __lshift
 .text.__mcmp   0x00003b60       0x36 c:/program files (x86)/cypress/psoc creator/4.4/psoc creator/import/gnu/arm/5.4.1/bin/../lib/gcc/arm-none-eabi/5.4.1/../../../../arm-none-eabi/lib/armv6-m\libg_nano.a(lib_a-mprec.o)
                0x00003b60                __mcmp
 .text.__mdiff  0x00003b96       0xd6 c:/program files (x86)/cypress/psoc creator/4.4/psoc creator/import/gnu/arm/5.4.1/bin/../lib/gcc/arm-none-eabi/5.4.1/../../../../arm-none-eabi/lib/armv6-m\libg_nano.a(lib_a-mprec.o)
                0x00003b96                __mdiff
 .text.__d2b    0x00003c6c       0xa8 c:/program files (x86)/cypress/psoc creator/4.4/psoc creator/import/gnu/arm/5.4.1/bin/../lib/gcc/arm-none-eabi/5.4.1/../../../../arm-none-eabi/lib/armv6-m\libg_nano.a(lib_a-mprec.o)
                0x00003c6c                __d2b
 .text._calloc_r
                0x00003d14       0x1c c:/program files (x86)/cypress/psoc creator/4.4/psoc creator/import/gnu/arm/5.4.1/bin/../lib/gcc/arm-none-eabi/5.4.1/../../../../arm-none-eabi/lib/armv6-m\libg_nano.a(lib_a-nano-callocr.o)
                0x00003d14                _calloc_r
 .text._free_r  0x00003d30       0x98 c:/program files (x86)/cypress/psoc creator/4.4/psoc creator/import/gnu/arm/5.4.1/bin/../lib/gcc/arm-none-eabi/5.4.1/../../../../arm-none-eabi/lib/armv6-m\libg_nano.a(lib_a-nano-freer.o)
                0x00003d30                _free_r
 .text._malloc_r
                0x00003dc8       0xc0 c:/program files (x86)/cypress/psoc creator/4.4/psoc creator/import/gnu/arm/5.4.1/bin/../lib/gcc/arm-none-eabi/5.4.1/../../../../arm-none-eabi/lib/armv6-m\libg_nano.a(lib_a-nano-mallocr.o)
                0x00003dc8                _malloc_r
 .text.__ssputs_r
                0x00003e88       0xc4 c:/program files (x86)/cypress/psoc creator/4.4/psoc creator/import/gnu/arm/5.4.1/bin/../lib/gcc/arm-none-eabi/5.4.1/../../../../arm-none-eabi/lib/armv6-m\libg_nano.a(lib_a-nano-svfprintf.o)
                0x00003e88                __ssputs_r
 .text._svfprintf_r
                0x00003f4c      0x1fc c:/program files (x86)/cypress/psoc creator/4.4/psoc creator/import/gnu/arm/5.4.1/bin/../lib/gcc/arm-none-eabi/5.4.1/../../../../arm-none-eabi/lib/armv6-m\libg_nano.a(lib_a-nano-svfprintf.o)
                0x00003f4c                _svfiprintf_r
                0x00003f4c                _svfprintf_r
 .text._sbrk_r  0x00004148       0x24 c:/program files (x86)/cypress/psoc creator/4.4/psoc creator/import/gnu/arm/5.4.1/bin/../lib/gcc/arm-none-eabi/5.4.1/../../../../arm-none-eabi/lib/armv6-m\libg_nano.a(lib_a-sbrkr.o)
                0x00004148                _sbrk_r
 .text.memmove  0x0000416c       0x2a c:/program files (x86)/cypress/psoc creator/4.4/psoc creator/import/gnu/arm/5.4.1/bin/../lib/gcc/arm-none-eabi/5.4.1/../../../../arm-none-eabi/lib/armv6-m\libg_nano.a(lib_a-memmove.o)
                0x0000416c                memmove
 .text.__malloc_lock
                0x00004196        0x2 c:/program files (x86)/cypress/psoc creator/4.4/psoc creator/import/gnu/arm/5.4.1/bin/../lib/gcc/arm-none-eabi/5.4.1/../../../../arm-none-eabi/lib/armv6-m\libg_nano.a(lib_a-mlock.o)
                0x00004196                __malloc_lock
 .text.__malloc_unlock
                0x00004198        0x2 c:/program files (x86)/cypress/psoc creator/4.4/psoc creator/import/gnu/arm/5.4.1/bin/../lib/gcc/arm-none-eabi/5.4.1/../../../../arm-none-eabi/lib/armv6-m\libg_nano.a(lib_a-mlock.o)
                0x00004198                __malloc_unlock
 .text._realloc_r
                0x0000419a       0x4c c:/program files (x86)/cypress/psoc creator/4.4/psoc creator/import/gnu/arm/5.4.1/bin/../lib/gcc/arm-none-eabi/5.4.1/../../../../arm-none-eabi/lib/armv6-m\libg_nano.a(lib_a-nano-reallocr.o)
                0x0000419a                _realloc_r
 .text._malloc_usable_size_r
                0x000041e6       0x16 c:/program files (x86)/cypress/psoc creator/4.4/psoc creator/import/gnu/arm/5.4.1/bin/../lib/gcc/arm-none-eabi/5.4.1/../../../../arm-none-eabi/lib/armv6-m\libg_nano.a(lib_a-nano-msizer.o)
                0x000041e6                _malloc_usable_size_r
 .text          0x000041fc       0x14 c:/program files (x86)/cypress/psoc creator/4.4/psoc creator/import/gnu/arm/5.4.1/bin/../lib/gcc/arm-none-eabi/5.4.1/armv6-m\libgcc.a(_thumb1_case_uqi.o)
                0x000041fc                __gnu_thumb1_case_uqi
 .text          0x00004210       0x7c c:/program files (x86)/cypress/psoc creator/4.4/psoc creator/import/gnu/arm/5.4.1/bin/../lib/gcc/arm-none-eabi/5.4.1/armv6-m\libgcc.a(_arm_cmpdf2.o)
                0x00004210                __aeabi_cdrcmple
                0x00004220                __aeabi_cdcmple
                0x00004220                __aeabi_cdcmpeq
                0x00004230                __aeabi_dcmpeq
                0x0000423c                __aeabi_dcmplt
                0x00004250                __aeabi_dcmple
                0x00004264                __aeabi_dcmpgt
                0x00004278                __aeabi_dcmpge
 .text          0x0000428c      0x658 c:/program files (x86)/cypress/psoc creator/4.4/psoc creator/import/gnu/arm/5.4.1/bin/../lib/gcc/arm-none-eabi/5.4.1/armv6-m\libgcc.a(adddf3.o)
                0x0000428c                __aeabi_dadd
 .text          0x000048e4      0x62c c:/program files (x86)/cypress/psoc creator/4.4/psoc creator/import/gnu/arm/5.4.1/bin/../lib/gcc/arm-none-eabi/5.4.1/armv6-m\libgcc.a(divdf3.o)
                0x000048e4                __aeabi_ddiv
 .text          0x00004f10       0x80 c:/program files (x86)/cypress/psoc creator/4.4/psoc creator/import/gnu/arm/5.4.1/bin/../lib/gcc/arm-none-eabi/5.4.1/armv6-m\libgcc.a(eqdf2.o)
                0x00004f10                __nedf2
                0x00004f10                __eqdf2
 .text          0x00004f90       0xc8 c:/program files (x86)/cypress/psoc creator/4.4/psoc creator/import/gnu/arm/5.4.1/bin/../lib/gcc/arm-none-eabi/5.4.1/armv6-m\libgcc.a(gedf2.o)
                0x00004f90                __gedf2
                0x00004f90                __gtdf2
 .text          0x00005058       0xd4 c:/program files (x86)/cypress/psoc creator/4.4/psoc creator/import/gnu/arm/5.4.1/bin/../lib/gcc/arm-none-eabi/5.4.1/armv6-m\libgcc.a(ledf2.o)
                0x00005058                __ledf2
                0x00005058                __ltdf2
 .text          0x0000512c      0x4f4 c:/program files (x86)/cypress/psoc creator/4.4/psoc creator/import/gnu/arm/5.4.1/bin/../lib/gcc/arm-none-eabi/5.4.1/armv6-m\libgcc.a(muldf3.o)
                0x0000512c                __aeabi_dmul
 .text          0x00005620      0x6a8 c:/program files (x86)/cypress/psoc creator/4.4/psoc creator/import/gnu/arm/5.4.1/bin/../lib/gcc/arm-none-eabi/5.4.1/armv6-m\libgcc.a(subdf3.o)
                0x00005620                __aeabi_dsub
 .text          0x00005cc8       0x40 c:/program files (x86)/cypress/psoc creator/4.4/psoc creator/import/gnu/arm/5.4.1/bin/../lib/gcc/arm-none-eabi/5.4.1/armv6-m\libgcc.a(unorddf2.o)
                0x00005cc8                __aeabi_dcmpun
 .text          0x00005d08       0x6c c:/program files (x86)/cypress/psoc creator/4.4/psoc creator/import/gnu/arm/5.4.1/bin/../lib/gcc/arm-none-eabi/5.4.1/armv6-m\libgcc.a(fixdfsi.o)
                0x00005d08                __aeabi_d2iz
 .text          0x00005d74       0x84 c:/program files (x86)/cypress/psoc creator/4.4/psoc creator/import/gnu/arm/5.4.1/bin/../lib/gcc/arm-none-eabi/5.4.1/armv6-m\libgcc.a(floatsidf.o)
                0x00005d74                __aeabi_i2d
 .text          0x00005df8       0x70 c:/program files (x86)/cypress/psoc creator/4.4/psoc creator/import/gnu/arm/5.4.1/bin/../lib/gcc/arm-none-eabi/5.4.1/armv6-m\libgcc.a(floatunsidf.o)
                0x00005df8                __aeabi_ui2d
 *(.plt)
 *(.gnu.warning)
 *(.glue_7t)
 .glue_7t       0x00005e68        0x0 linker stubs
 *(.glue_7)
 .glue_7        0x00005e68        0x0 linker stubs
 *(.vfp11_veneer)
 .vfp11_veneer  0x00005e68        0x0 linker stubs
 *(.bootloader)
 *(.ARM.extab* .gnu.linkonce.armextab.*)
 *(.gcc_except_table)

.v4_bx          0x00005e68        0x0
 .v4_bx         0x00005e68        0x0 linker stubs

.iplt           0x00005e68        0x0
 .iplt          0x00005e68        0x0 c:/program files (x86)/cypress/psoc creator/4.4/psoc creator/import/gnu/arm/5.4.1/bin/../lib/gcc/arm-none-eabi/5.4.1/armv6-m/crtbegin.o

.eh_frame_hdr
 *(.eh_frame_hdr)

.eh_frame       0x00005e68        0x4
 *(.eh_frame)
 .eh_frame      0x00005e68        0x0 c:/program files (x86)/cypress/psoc creator/4.4/psoc creator/import/gnu/arm/5.4.1/bin/../lib/gcc/arm-none-eabi/5.4.1/armv6-m/crtbegin.o
 .eh_frame      0x00005e68        0x4 c:/program files (x86)/cypress/psoc creator/4.4/psoc creator/import/gnu/arm/5.4.1/bin/../lib/gcc/arm-none-eabi/5.4.1/armv6-m/crtend.o
                [!provide]                PROVIDE (__exidx_start, .)

.ARM.exidx
 *(.ARM.exidx* .gnu.linkonce.armexidx.*)
                0x00005e6c                __exidx_end = .

.rodata         0x00005e70      0x580
 *(.rodata .rodata.* .gnu.linkonce.r.*)
 .rodata.str1.4
                0x00005e70      0x178 .\CortexM0\ARM_GCC_541\Debug\library.o
 .rodata.str1.4
                0x00005fe8       0xbc .\CortexM0\ARM_GCC_541\Debug\main.o
                                 0xba (size before relaxing)
 .rodata        0x000060a4       0x88 .\CortexM0\ARM_GCC_541\Debug\cyfitter_cfg.o
 .rodata        0x0000612c       0x2e .\CortexM0\ARM_GCC_541\Debug\Humidity PSoC.a(CyLib.o)
                0x0000612c                cyImoFreqMhz2Reg
 *fill*         0x0000615a        0x2 
 .rodata        0x0000615c       0x80 c:/program files (x86)/cypress/psoc creator/4.4/psoc creator/import/gnu/arm/5.4.1/bin/../lib/gcc/arm-none-eabi/5.4.1/armv6-m\libgcc.a(divsf3.o)
 .rodata.str1.1
                0x000061dc        0x2 c:/program files (x86)/cypress/psoc creator/4.4/psoc creator/import/gnu/arm/5.4.1/bin/../lib/gcc/arm-none-eabi/5.4.1/../../../../arm-none-eabi/lib/armv6-m\libg_nano.a(lib_a-impure.o)
 .rodata.str1.1
                0x000061de       0x12 c:/program files (x86)/cypress/psoc creator/4.4/psoc creator/import/gnu/arm/5.4.1/bin/../lib/gcc/arm-none-eabi/5.4.1/../../../../arm-none-eabi/lib/armv6-m\libg_nano.a(lib_a-nano-vfprintf_float.o)
 .rodata.str1.1
                0x000061f0       0x22 c:/program files (x86)/cypress/psoc creator/4.4/psoc creator/import/gnu/arm/5.4.1/bin/../lib/gcc/arm-none-eabi/5.4.1/../../../../arm-none-eabi/lib/armv6-m\libg_nano.a(lib_a-nano-vfprintf_i.o)
 .rodata.str1.1
                0x00006212        0xd c:/program files (x86)/cypress/psoc creator/4.4/psoc creator/import/gnu/arm/5.4.1/bin/../lib/gcc/arm-none-eabi/5.4.1/../../../../arm-none-eabi/lib/armv6-m\libg_nano.a(lib_a-dtoa.o)
                                  0xf (size before relaxing)
 .rodata.str1.1
                0x0000621f        0x8 c:/program files (x86)/cypress/psoc creator/4.4/psoc creator/import/gnu/arm/5.4.1/bin/../lib/gcc/arm-none-eabi/5.4.1/../../../../arm-none-eabi/lib/armv6-m\libg_nano.a(lib_a-locale.o)
                                  0xb (size before relaxing)
 *fill*         0x00006227        0x1 
 .rodata.__mprec_tens
                0x00006228       0xc8 c:/program files (x86)/cypress/psoc creator/4.4/psoc creator/import/gnu/arm/5.4.1/bin/../lib/gcc/arm-none-eabi/5.4.1/../../../../arm-none-eabi/lib/armv6-m\libg_nano.a(lib_a-mprec.o)
                0x00006228                __mprec_tens
 .rodata.p05.5408
                0x000062f0        0xc c:/program files (x86)/cypress/psoc creator/4.4/psoc creator/import/gnu/arm/5.4.1/bin/../lib/gcc/arm-none-eabi/5.4.1/../../../../arm-none-eabi/lib/armv6-m\libg_nano.a(lib_a-mprec.o)
 *fill*         0x000062fc        0x4 
 .rodata.__mprec_bigtens
                0x00006300       0x28 c:/program files (x86)/cypress/psoc creator/4.4/psoc creator/import/gnu/arm/5.4.1/bin/../lib/gcc/arm-none-eabi/5.4.1/../../../../arm-none-eabi/lib/armv6-m\libg_nano.a(lib_a-mprec.o)
                0x00006300                __mprec_bigtens
 .rodata.str1.1
                0x00006328       0x11 c:/program files (x86)/cypress/psoc creator/4.4/psoc creator/import/gnu/arm/5.4.1/bin/../lib/gcc/arm-none-eabi/5.4.1/../../../../arm-none-eabi/lib/armv6-m\libg_nano.a(lib_a-nano-svfprintf.o)
 *fill*         0x00006339        0x3 
 .rodata        0x0000633c       0x40 c:/program files (x86)/cypress/psoc creator/4.4/psoc creator/import/gnu/arm/5.4.1/bin/../lib/gcc/arm-none-eabi/5.4.1/armv6-m\libgcc.a(divdf3.o)
 .rodata        0x0000637c       0x40 c:/program files (x86)/cypress/psoc creator/4.4/psoc creator/import/gnu/arm/5.4.1/bin/../lib/gcc/arm-none-eabi/5.4.1/armv6-m\libgcc.a(muldf3.o)
                0x000063bc                . = ALIGN (0x4)
 *(.init)
 .init          0x000063bc        0x4 c:/program files (x86)/cypress/psoc creator/4.4/psoc creator/import/gnu/arm/5.4.1/bin/../lib/gcc/arm-none-eabi/5.4.1/armv6-m/crti.o
                0x000063bc                _init
 .init          0x000063c0        0x8 c:/program files (x86)/cypress/psoc creator/4.4/psoc creator/import/gnu/arm/5.4.1/bin/../lib/gcc/arm-none-eabi/5.4.1/armv6-m/crtn.o
                0x000063c8                . = ALIGN (0x4)
                0x000063c8                __preinit_array_start = .
 *(.preinit_array)
                0x000063c8                __preinit_array_end = .
                0x000063c8                . = ALIGN (0x4)
                0x000063c8                __init_array_start = .
 *(SORT(.init_array.*))
 *(.init_array)
 .init_array    0x000063c8        0x4 c:/program files (x86)/cypress/psoc creator/4.4/psoc creator/import/gnu/arm/5.4.1/bin/../lib/gcc/arm-none-eabi/5.4.1/armv6-m/crtbegin.o
 .init_array    0x000063cc        0x4 .\CortexM0\ARM_GCC_541\Debug\Cm0Start.o
                0x000063d0                __init_array_end = .
                0x000063d0                . = ALIGN (0x4)
 *(.fini)
 .fini          0x000063d0        0x4 c:/program files (x86)/cypress/psoc creator/4.4/psoc creator/import/gnu/arm/5.4.1/bin/../lib/gcc/arm-none-eabi/5.4.1/armv6-m/crti.o
                0x000063d0                _fini
 .fini          0x000063d4        0x8 c:/program files (x86)/cypress/psoc creator/4.4/psoc creator/import/gnu/arm/5.4.1/bin/../lib/gcc/arm-none-eabi/5.4.1/armv6-m/crtn.o
                0x000063dc                . = ALIGN (0x4)
                0x000063dc                __fini_array_start = .
 *(.fini_array)
 .fini_array    0x000063dc        0x4 c:/program files (x86)/cypress/psoc creator/4.4/psoc creator/import/gnu/arm/5.4.1/bin/../lib/gcc/arm-none-eabi/5.4.1/armv6-m/crtbegin.o
 *(SORT(.fini_array.*))
                0x000063e0                __fini_array_end = .
                0x000063e0                . = ALIGN (0x4)
 *crtbegin.o(.ctors)
 *(EXCLUDE_FILE(*crtend.o) .ctors)
 *(SORT(.ctors.*))
 *crtend.o(.ctors)
                0x000063e0                . = ALIGN (0x4)
 *crtbegin.o(.dtors)
 *(EXCLUDE_FILE(*crtend.o) .dtors)
 *(SORT(.dtors.*))
 *crtend.o(.dtors)
                0x000063e0                . = ALIGN (0x4)
                0x000063e0                __cy_regions = .
                0x000063e0        0x4 LONG 0x63f0 __cy_region_init_ram
                0x000063e4        0x4 LONG 0x200000c0 __cy_region_start_data
                0x000063e8        0x4 LONG 0xc0 __cy_region_init_size_ram
                0x000063ec        0x4 LONG 0xa8 __cy_region_zero_size_ram
                0x000063f0                __cy_regions_end = .
                0x000063f0                . = ALIGN (0x8)
                0x000063f0                _etext = .

.cy_checksum_exclude
                0x000063f0        0x0
 *(.cy_checksum_exclude)

.ramvectors     0x20000000       0xc0
                0x20000000                __cy_region_start_ram = .
 *(.ramvectors)
 .ramvectors    0x20000000       0xc0 .\CortexM0\ARM_GCC_541\Debug\Cm0Start.o
                0x20000000                CyRamVectors

.noinit
 *(.noinit)

.data           0x200000c0       0xc0 load address 0x000063f0
                0x200000c0                __cy_region_start_data = .
 *(.jcr)
 .jcr           0x200000c0        0x0 c:/program files (x86)/cypress/psoc creator/4.4/psoc creator/import/gnu/arm/5.4.1/bin/../lib/gcc/arm-none-eabi/5.4.1/armv6-m/crtbegin.o
 .jcr           0x200000c0        0x4 c:/program files (x86)/cypress/psoc creator/4.4/psoc creator/import/gnu/arm/5.4.1/bin/../lib/gcc/arm-none-eabi/5.4.1/armv6-m/crtend.o
 *(.got.plt)
 *(.got)
 *(.shdata)
 *(.data .data.* .gnu.linkonce.d.*)
 .data          0x200000c4        0x4 .\CortexM0\ARM_GCC_541\Debug\Cm0Start.o
 .data          0x200000c8       0x14 .\CortexM0\ARM_GCC_541\Debug\Humidity PSoC.a(CyLib.o)
                0x200000c8                CySysClkPumpConfig
                0x200000cc                cydelay32kMs
                0x200000d0                cydelayFreqKhz
                0x200000d4                cydelayFreqMhz
                0x200000d8                cydelayFreqHz
 .data          0x200000dc        0x8 .\CortexM0\ARM_GCC_541\Debug\Humidity PSoC.a(CyLFClk.o)
 .data.impure_data
                0x200000e4       0x60 c:/program files (x86)/cypress/psoc creator/4.4/psoc creator/import/gnu/arm/5.4.1/bin/../lib/gcc/arm-none-eabi/5.4.1/../../../../arm-none-eabi/lib/armv6-m\libg_nano.a(lib_a-impure.o)
 .data._impure_ptr
                0x20000144        0x4 c:/program files (x86)/cypress/psoc creator/4.4/psoc creator/import/gnu/arm/5.4.1/bin/../lib/gcc/arm-none-eabi/5.4.1/../../../../arm-none-eabi/lib/armv6-m\libg_nano.a(lib_a-impure.o)
                0x20000144                _impure_ptr
 .data.lconv    0x20000148       0x38 c:/program files (x86)/cypress/psoc creator/4.4/psoc creator/import/gnu/arm/5.4.1/bin/../lib/gcc/arm-none-eabi/5.4.1/../../../../arm-none-eabi/lib/armv6-m\libg_nano.a(lib_a-locale.o)
                0x20000180                . = ALIGN (0x8)
 *(.ram)
                0x20000180                _edata = .

.igot.plt       0x20000180        0x0 load address 0x000064b0
 .igot.plt      0x20000180        0x0 c:/program files (x86)/cypress/psoc creator/4.4/psoc creator/import/gnu/arm/5.4.1/bin/../lib/gcc/arm-none-eabi/5.4.1/armv6-m/crtbegin.o

.bss            0x20000180       0xa8 load address 0x000064b0
                0x20000180                PROVIDE (__bss_start__, .)
 *(.shbss)
 *(.bss .bss.* .gnu.linkonce.b.*)
 .bss           0x20000180       0x1c c:/program files (x86)/cypress/psoc creator/4.4/psoc creator/import/gnu/arm/5.4.1/bin/../lib/gcc/arm-none-eabi/5.4.1/armv6-m/crtbegin.o
 .bss           0x2000019c        0x4 .\CortexM0\ARM_GCC_541\Debug\Humidity PSoC.a(UART.o)
                0x2000019c                UART_initVar
                0x2000019e                UART_IntrTxMask
 .bss           0x200001a0        0x8 .\CortexM0\ARM_GCC_541\Debug\Humidity PSoC.a(I2C.o)
                0x200001a0                I2C_initVar
                0x200001a4                I2C_customIntrHandler
 .bss           0x200001a8       0x20 .\CortexM0\ARM_GCC_541\Debug\Humidity PSoC.a(CyLib.o)
                0x200001a8                CySysClkImoTrim4
                0x200001ac                CySysClkImoTrim5
                0x200001c4                CySysTickInitVar
 .bss           0x200001c8       0x28 .\CortexM0\ARM_GCC_541\Debug\Humidity PSoC.a(CyLFClk.o)
 .bss.__malloc_sbrk_start
                0x200001f0        0x4 c:/program files (x86)/cypress/psoc creator/4.4/psoc creator/import/gnu/arm/5.4.1/bin/../lib/gcc/arm-none-eabi/5.4.1/../../../../arm-none-eabi/lib/armv6-m\libg_nano.a(lib_a-nano-mallocr.o)
                0x200001f0                __malloc_sbrk_start
 .bss.__malloc_free_list
                0x200001f4        0x4 c:/program files (x86)/cypress/psoc creator/4.4/psoc creator/import/gnu/arm/5.4.1/bin/../lib/gcc/arm-none-eabi/5.4.1/../../../../arm-none-eabi/lib/armv6-m\libg_nano.a(lib_a-nano-mallocr.o)
                0x200001f4                __malloc_free_list
 *(COMMON)
 COMMON         0x200001f8        0x1 .\CortexM0\ARM_GCC_541\Debug\Humidity PSoC.a(I2C_I2C.o)
                0x200001f8                I2C_state
 *fill*         0x200001f9        0x3 
 COMMON         0x200001fc       0x24 .\CortexM0\ARM_GCC_541\Debug\Humidity PSoC.a(I2C_I2C_MASTER.o)
                0x200001fc                I2C_mstrWrBufIndexTmp
                0x20000200                I2C_mstrWrBufIndex
                0x20000204                I2C_mstrWrBufSize
                0x20000208                I2C_mstrStatus
                0x2000020c                I2C_mstrRdBufPtr
                0x20000210                I2C_mstrControl
                0x20000214                I2C_mstrRdBufSize
                0x20000218                I2C_mstrRdBufIndex
                0x2000021c                I2C_mstrWrBufPtr
 COMMON         0x20000220        0x4 c:/program files (x86)/cypress/psoc creator/4.4/psoc creator/import/gnu/arm/5.4.1/bin/../lib/gcc/arm-none-eabi/5.4.1/../../../../arm-none-eabi/lib/armv6-m\libg_nano.a(lib_a-reent.o)
                0x20000220                errno
                0x20000228                . = ALIGN (0x8)
 *fill*         0x20000224        0x4 
 *(.ram.b)
                0x20000228                _end = .
                0x20000228                __end = .
                0x20000228                PROVIDE (end, .)
                0x20000228                PROVIDE (__bss_end__, .)
                0x000063f0                __cy_region_init_ram = LOADADDR (.data)
                0x000000c0                __cy_region_init_size_ram = (_edata - ADDR (.data))
                0x000000a8                __cy_region_zero_size_ram = (_end - _edata)

.heap           0x20000228       0x80 load address 0x000064b0
                0x20000228                . = _end
                0x200002a8                . = (. + 0x80)
 *fill*         0x20000228       0x80 
                0x200002a8                __cy_heap_limit = .

.stack          0x20007800      0x800
                0x20007800                __cy_stack_limit = .
                0x20008000                . = (. + 0x800)
 *fill*         0x20007800      0x800 
                0x00000001                ASSERT ((__cy_stack_limit >= __cy_heap_limit), region RAM overflowed with stack)
                0x00000000                cy_checksum_exclude_size = (CY_APPL_LOADABLE == 0x1)?SIZEOF (.cy_checksum_exclude):0x0
                0x00000001                ASSERT ((cy_checksum_exclude_size <= CY_CHECKSUM_EXCLUDE_SIZE), CY_BOOT: Section .cy_checksum_exclude size exceedes specified limit.)
                0x0003ffc0                cyloadermeta_start = (cy_project_type_bootloader || cy_project_type_app_for_stack_and_copier)?(LENGTH (rom) - CY_METADATA_SIZE):0xf0000000

.cyloadermeta
 *(.cyloadermeta)
                0x0003ffc0                cyloadablemeta_start = cy_project_type_app_for_stack_and_copier?((LENGTH (rom) - CY_FLASH_ROW_SIZE) - CY_METADATA_SIZE):((LENGTH (rom) - (CY_FLASH_ROW_SIZE * (CY_APPL_NUM - 0x1))) - CY_METADATA_SIZE)

.cyloadablemeta
 *(.cyloadablemeta)

.cyflashprotect
                0x90400000       0x80
 *(.cyflashprotect)
 .cyflashprotect
                0x90400000       0x80 .\CortexM0\ARM_GCC_541\Debug\cymetadata.o
                0x90400000                cy_meta_flashprotect

.cymeta         0x90500000        0xc
 *(.cymeta)
 .cymeta        0x90500000        0xc .\CortexM0\ARM_GCC_541\Debug\cymetadata.o
                0x90500000                cy_metadata

.cychipprotect  0x90600000        0x1
 *(.cychipprotect)
 .cychipprotect
                0x90600000        0x1 .\CortexM0\ARM_GCC_541\Debug\cymetadata.o
                0x90600000                cy_meta_chipprotect

.rel.dyn        0x000064b0        0x0 load address 0x90600004
 .rel.iplt      0x000064b0        0x0 c:/program files (x86)/cypress/psoc creator/4.4/psoc creator/import/gnu/arm/5.4.1/bin/../lib/gcc/arm-none-eabi/5.4.1/armv6-m/crtbegin.o

.stab
 *(.stab)

.stabstr
 *(.stabstr)

.debug
 *(.debug)

.line
 *(.line)

.debug_srcinfo
 *(.debug_srcinfo)

.debug_sfnames
 *(.debug_sfnames)

.debug_aranges  0x00000000      0x808
 *(.debug_aranges)
 .debug_aranges
                0x00000000       0x58 .\CortexM0\ARM_GCC_541\Debug\library.o
 .debug_aranges
                0x00000058       0x20 .\CortexM0\ARM_GCC_541\Debug\main.o
 .debug_aranges
                0x00000078       0x48 .\CortexM0\ARM_GCC_541\Debug\cyfitter_cfg.o
 .debug_aranges
                0x000000c0       0x18 .\CortexM0\ARM_GCC_541\Debug\cymetadata.o
 .debug_aranges
                0x000000d8       0x48 .\CortexM0\ARM_GCC_541\Debug\Cm0Start.o
 .debug_aranges
                0x00000120       0x58 .\CortexM0\ARM_GCC_541\Debug\Humidity PSoC.a(UART.o)
 .debug_aranges
                0x00000178       0x90 .\CortexM0\ARM_GCC_541\Debug\Humidity PSoC.a(UART_UART.o)
 .debug_aranges
                0x00000208       0x60 .\CortexM0\ARM_GCC_541\Debug\Humidity PSoC.a(I2C.o)
 .debug_aranges
                0x00000268       0x30 .\CortexM0\ARM_GCC_541\Debug\Humidity PSoC.a(I2C_I2C.o)
 .debug_aranges
                0x00000298       0x98 .\CortexM0\ARM_GCC_541\Debug\Humidity PSoC.a(I2C_I2C_MASTER.o)
 .debug_aranges
                0x00000330      0x270 .\CortexM0\ARM_GCC_541\Debug\Humidity PSoC.a(CyLib.o)
 .debug_aranges
                0x000005a0      0x188 .\CortexM0\ARM_GCC_541\Debug\Humidity PSoC.a(CyLFClk.o)
 .debug_aranges
                0x00000728       0x20 .\CortexM0\ARM_GCC_541\Debug\Humidity PSoC.a(CyBootAsmGnu.o)
 .debug_aranges
                0x00000748       0x60 .\CortexM0\ARM_GCC_541\Debug\Humidity PSoC.a(UART_SPI_UART.o)
 .debug_aranges
                0x000007a8       0x20 .\CortexM0\ARM_GCC_541\Debug\Humidity PSoC.a(I2C_I2C_INT.o)
 .debug_aranges
                0x000007c8       0x40 .\CortexM0\ARM_GCC_541\Debug\Humidity PSoC.a(CyFlash.o)

.debug_pubnames
 *(.debug_pubnames)

.debug_info     0x00000000     0x5754
 *(.debug_info .gnu.linkonce.wi.*)
 .debug_info    0x00000000      0x982 .\CortexM0\ARM_GCC_541\Debug\library.o
 .debug_info    0x00000982      0x2e0 .\CortexM0\ARM_GCC_541\Debug\main.o
 .debug_info    0x00000c62      0x405 .\CortexM0\ARM_GCC_541\Debug\cyfitter_cfg.o
 .debug_info    0x00001067       0xf8 .\CortexM0\ARM_GCC_541\Debug\cymetadata.o
 .debug_info    0x0000115f      0x3a2 .\CortexM0\ARM_GCC_541\Debug\Cm0Start.o
 .debug_info    0x00001501      0x23a .\CortexM0\ARM_GCC_541\Debug\Humidity PSoC.a(UART.o)
 .debug_info    0x0000173b      0x3b5 .\CortexM0\ARM_GCC_541\Debug\Humidity PSoC.a(UART_UART.o)
 .debug_info    0x00001af0      0x298 .\CortexM0\ARM_GCC_541\Debug\Humidity PSoC.a(I2C.o)
 .debug_info    0x00001d88      0x195 .\CortexM0\ARM_GCC_541\Debug\Humidity PSoC.a(I2C_I2C.o)
 .debug_info    0x00001f1d      0x813 .\CortexM0\ARM_GCC_541\Debug\Humidity PSoC.a(I2C_I2C_MASTER.o)
 .debug_info    0x00002730     0x17e4 .\CortexM0\ARM_GCC_541\Debug\Humidity PSoC.a(CyLib.o)
 .debug_info    0x00003f14     0x1058 .\CortexM0\ARM_GCC_541\Debug\Humidity PSoC.a(CyLFClk.o)
 .debug_info    0x00004f6c       0xce .\CortexM0\ARM_GCC_541\Debug\Humidity PSoC.a(CyBootAsmGnu.o)
 .debug_info    0x0000503a      0x220 .\CortexM0\ARM_GCC_541\Debug\Humidity PSoC.a(UART_SPI_UART.o)
 .debug_info    0x0000525a      0x1a8 .\CortexM0\ARM_GCC_541\Debug\Humidity PSoC.a(I2C_I2C_INT.o)
 .debug_info    0x00005402      0x352 .\CortexM0\ARM_GCC_541\Debug\Humidity PSoC.a(CyFlash.o)

.debug_abbrev   0x00000000     0x14ca
 *(.debug_abbrev)
 .debug_abbrev  0x00000000      0x1c6 .\CortexM0\ARM_GCC_541\Debug\library.o
 .debug_abbrev  0x000001c6       0xf5 .\CortexM0\ARM_GCC_541\Debug\main.o
 .debug_abbrev  0x000002bb      0x1cf .\CortexM0\ARM_GCC_541\Debug\cyfitter_cfg.o
 .debug_abbrev  0x0000048a       0x5d .\CortexM0\ARM_GCC_541\Debug\cymetadata.o
 .debug_abbrev  0x000004e7      0x1d7 .\CortexM0\ARM_GCC_541\Debug\Cm0Start.o
 .debug_abbrev  0x000006be       0xd5 .\CortexM0\ARM_GCC_541\Debug\Humidity PSoC.a(UART.o)
 .debug_abbrev  0x00000793      0x132 .\CortexM0\ARM_GCC_541\Debug\Humidity PSoC.a(UART_UART.o)
 .debug_abbrev  0x000008c5      0x118 .\CortexM0\ARM_GCC_541\Debug\Humidity PSoC.a(I2C.o)
 .debug_abbrev  0x000009dd       0xc7 .\CortexM0\ARM_GCC_541\Debug\Humidity PSoC.a(I2C_I2C.o)
 .debug_abbrev  0x00000aa4      0x1c2 .\CortexM0\ARM_GCC_541\Debug\Humidity PSoC.a(I2C_I2C_MASTER.o)
 .debug_abbrev  0x00000c66      0x293 .\CortexM0\ARM_GCC_541\Debug\Humidity PSoC.a(CyLib.o)
 .debug_abbrev  0x00000ef9      0x248 .\CortexM0\ARM_GCC_541\Debug\Humidity PSoC.a(CyLFClk.o)
 .debug_abbrev  0x00001141       0x14 .\CortexM0\ARM_GCC_541\Debug\Humidity PSoC.a(CyBootAsmGnu.o)
 .debug_abbrev  0x00001155      0x14f .\CortexM0\ARM_GCC_541\Debug\Humidity PSoC.a(UART_SPI_UART.o)
 .debug_abbrev  0x000012a4       0xa4 .\CortexM0\ARM_GCC_541\Debug\Humidity PSoC.a(I2C_I2C_INT.o)
 .debug_abbrev  0x00001348      0x182 .\CortexM0\ARM_GCC_541\Debug\Humidity PSoC.a(CyFlash.o)

.debug_line     0x00000000     0x23e0
 *(.debug_line)
 .debug_line    0x00000000      0x2bd .\CortexM0\ARM_GCC_541\Debug\library.o
 .debug_line    0x000002bd      0x11f .\CortexM0\ARM_GCC_541\Debug\main.o
 .debug_line    0x000003dc      0x1c3 .\CortexM0\ARM_GCC_541\Debug\cyfitter_cfg.o
 .debug_line    0x0000059f      0x141 .\CortexM0\ARM_GCC_541\Debug\cymetadata.o
 .debug_line    0x000006e0      0x236 .\CortexM0\ARM_GCC_541\Debug\Cm0Start.o
 .debug_line    0x00000916      0x108 .\CortexM0\ARM_GCC_541\Debug\Humidity PSoC.a(UART.o)
 .debug_line    0x00000a1e      0x1cf .\CortexM0\ARM_GCC_541\Debug\Humidity PSoC.a(UART_UART.o)
 .debug_line    0x00000bed      0x124 .\CortexM0\ARM_GCC_541\Debug\Humidity PSoC.a(I2C.o)
 .debug_line    0x00000d11       0xc2 .\CortexM0\ARM_GCC_541\Debug\Humidity PSoC.a(I2C_I2C.o)
 .debug_line    0x00000dd3      0x2fc .\CortexM0\ARM_GCC_541\Debug\Humidity PSoC.a(I2C_I2C_MASTER.o)
 .debug_line    0x000010cf      0x8ef .\CortexM0\ARM_GCC_541\Debug\Humidity PSoC.a(CyLib.o)
 .debug_line    0x000019be      0x5d1 .\CortexM0\ARM_GCC_541\Debug\Humidity PSoC.a(CyLFClk.o)
 .debug_line    0x00001f8f       0x68 .\CortexM0\ARM_GCC_541\Debug\Humidity PSoC.a(CyBootAsmGnu.o)
 .debug_line    0x00001ff7      0x11a .\CortexM0\ARM_GCC_541\Debug\Humidity PSoC.a(UART_SPI_UART.o)
 .debug_line    0x00002111      0x15c .\CortexM0\ARM_GCC_541\Debug\Humidity PSoC.a(I2C_I2C_INT.o)
 .debug_line    0x0000226d      0x173 .\CortexM0\ARM_GCC_541\Debug\Humidity PSoC.a(CyFlash.o)

.debug_frame    0x00000000     0x204c
 *(.debug_frame)
 .debug_frame   0x00000000      0x108 .\CortexM0\ARM_GCC_541\Debug\library.o
 .debug_frame   0x00000108       0x38 .\CortexM0\ARM_GCC_541\Debug\main.o
 .debug_frame   0x00000140       0xb4 .\CortexM0\ARM_GCC_541\Debug\cyfitter_cfg.o
 .debug_frame   0x000001f4       0xbc .\CortexM0\ARM_GCC_541\Debug\Cm0Start.o
 .debug_frame   0x000002b0       0xd8 .\CortexM0\ARM_GCC_541\Debug\Humidity PSoC.a(UART.o)
 .debug_frame   0x00000388      0x144 .\CortexM0\ARM_GCC_541\Debug\Humidity PSoC.a(UART_UART.o)
 .debug_frame   0x000004cc       0xe8 .\CortexM0\ARM_GCC_541\Debug\Humidity PSoC.a(I2C.o)
 .debug_frame   0x000005b4       0x58 .\CortexM0\ARM_GCC_541\Debug\Humidity PSoC.a(I2C_I2C.o)
 .debug_frame   0x0000060c      0x1d8 .\CortexM0\ARM_GCC_541\Debug\Humidity PSoC.a(I2C_I2C_MASTER.o)
 .debug_frame   0x000007e4      0x718 .\CortexM0\ARM_GCC_541\Debug\Humidity PSoC.a(CyLib.o)
 .debug_frame   0x00000efc      0x4a4 .\CortexM0\ARM_GCC_541\Debug\Humidity PSoC.a(CyLFClk.o)
 .debug_frame   0x000013a0       0xb0 .\CortexM0\ARM_GCC_541\Debug\Humidity PSoC.a(UART_SPI_UART.o)
 .debug_frame   0x00001450       0x2c .\CortexM0\ARM_GCC_541\Debug\Humidity PSoC.a(I2C_I2C_INT.o)
 .debug_frame   0x0000147c       0x90 .\CortexM0\ARM_GCC_541\Debug\Humidity PSoC.a(CyFlash.o)
 .debug_frame   0x0000150c       0x20 c:/program files (x86)/cypress/psoc creator/4.4/psoc creator/import/gnu/arm/5.4.1/bin/../lib/gcc/arm-none-eabi/5.4.1/armv6-m\libgcc.a(_udivsi3.o)
 .debug_frame   0x0000152c       0x20 c:/program files (x86)/cypress/psoc creator/4.4/psoc creator/import/gnu/arm/5.4.1/bin/../lib/gcc/arm-none-eabi/5.4.1/armv6-m\libgcc.a(_divsi3.o)
 .debug_frame   0x0000154c       0x3c c:/program files (x86)/cypress/psoc creator/4.4/psoc creator/import/gnu/arm/5.4.1/bin/../lib/gcc/arm-none-eabi/5.4.1/armv6-m\libgcc.a(divsf3.o)
 .debug_frame   0x00001588       0x20 c:/program files (x86)/cypress/psoc creator/4.4/psoc creator/import/gnu/arm/5.4.1/bin/../lib/gcc/arm-none-eabi/5.4.1/armv6-m\libgcc.a(unordsf2.o)
 .debug_frame   0x000015a8       0x20 c:/program files (x86)/cypress/psoc creator/4.4/psoc creator/import/gnu/arm/5.4.1/bin/../lib/gcc/arm-none-eabi/5.4.1/armv6-m\libgcc.a(fixsfsi.o)
 .debug_frame   0x000015c8       0x2c c:/program files (x86)/cypress/psoc creator/4.4/psoc creator/import/gnu/arm/5.4.1/bin/../lib/gcc/arm-none-eabi/5.4.1/armv6-m\libgcc.a(floatsisf.o)
 .debug_frame   0x000015f4       0x2c c:/program files (x86)/cypress/psoc creator/4.4/psoc creator/import/gnu/arm/5.4.1/bin/../lib/gcc/arm-none-eabi/5.4.1/armv6-m\libgcc.a(floatunsisf.o)
 .debug_frame   0x00001620       0x20 c:/program files (x86)/cypress/psoc creator/4.4/psoc creator/import/gnu/arm/5.4.1/bin/../lib/gcc/arm-none-eabi/5.4.1/../../../../arm-none-eabi/lib/armv6-m\libg_nano.a(lib_a-errno.o)
 .debug_frame   0x00001640       0x28 c:/program files (x86)/cypress/psoc creator/4.4/psoc creator/import/gnu/arm/5.4.1/bin/../lib/gcc/arm-none-eabi/5.4.1/../../../../arm-none-eabi/lib/armv6-m\libg_nano.a(lib_a-exit.o)
 .debug_frame   0x00001668       0x2c c:/program files (x86)/cypress/psoc creator/4.4/psoc creator/import/gnu/arm/5.4.1/bin/../lib/gcc/arm-none-eabi/5.4.1/../../../../arm-none-eabi/lib/armv6-m\libg_nano.a(lib_a-init.o)
 .debug_frame   0x00001694       0x28 c:/program files (x86)/cypress/psoc creator/4.4/psoc creator/import/gnu/arm/5.4.1/bin/../lib/gcc/arm-none-eabi/5.4.1/../../../../arm-none-eabi/lib/armv6-m\libg_nano.a(lib_a-memcpy-stub.o)
 .debug_frame   0x000016bc       0x20 c:/program files (x86)/cypress/psoc creator/4.4/psoc creator/import/gnu/arm/5.4.1/bin/../lib/gcc/arm-none-eabi/5.4.1/../../../../arm-none-eabi/lib/armv6-m\libg_nano.a(lib_a-memset.o)
 .debug_frame   0x000016dc       0x74 c:/program files (x86)/cypress/psoc creator/4.4/psoc creator/import/gnu/arm/5.4.1/bin/../lib/gcc/arm-none-eabi/5.4.1/../../../../arm-none-eabi/lib/armv6-m\libg_nano.a(lib_a-nano-vfprintf_float.o)
 .debug_frame   0x00001750       0x54 c:/program files (x86)/cypress/psoc creator/4.4/psoc creator/import/gnu/arm/5.4.1/bin/../lib/gcc/arm-none-eabi/5.4.1/../../../../arm-none-eabi/lib/armv6-m\libg_nano.a(lib_a-nano-vfprintf_i.o)
 .debug_frame   0x000017a4       0x50 c:/program files (x86)/cypress/psoc creator/4.4/psoc creator/import/gnu/arm/5.4.1/bin/../lib/gcc/arm-none-eabi/5.4.1/../../../../arm-none-eabi/lib/armv6-m\libg_nano.a(lib_a-snprintf.o)
 .debug_frame   0x000017f4       0x50 c:/program files (x86)/cypress/psoc creator/4.4/psoc creator/import/gnu/arm/5.4.1/bin/../lib/gcc/arm-none-eabi/5.4.1/../../../../arm-none-eabi/lib/armv6-m\libg_nano.a(lib_a-sprintf.o)
 .debug_frame   0x00001844       0x54 c:/program files (x86)/cypress/psoc creator/4.4/psoc creator/import/gnu/arm/5.4.1/bin/../lib/gcc/arm-none-eabi/5.4.1/../../../../arm-none-eabi/lib/armv6-m\libg_nano.a(lib_a-dtoa.o)
 .debug_frame   0x00001898       0xa4 c:/program files (x86)/cypress/psoc creator/4.4/psoc creator/import/gnu/arm/5.4.1/bin/../lib/gcc/arm-none-eabi/5.4.1/../../../../arm-none-eabi/lib/armv6-m\libg_nano.a(lib_a-locale.o)
 .debug_frame   0x0000193c       0x40 c:/program files (x86)/cypress/psoc creator/4.4/psoc creator/import/gnu/arm/5.4.1/bin/../lib/gcc/arm-none-eabi/5.4.1/../../../../arm-none-eabi/lib/armv6-m\libg_nano.a(lib_a-malloc.o)
 .debug_frame   0x0000197c       0x20 c:/program files (x86)/cypress/psoc creator/4.4/psoc creator/import/gnu/arm/5.4.1/bin/../lib/gcc/arm-none-eabi/5.4.1/../../../../arm-none-eabi/lib/armv6-m\libg_nano.a(lib_a-memchr-stub.o)
 .debug_frame   0x0000199c      0x238 c:/program files (x86)/cypress/psoc creator/4.4/psoc creator/import/gnu/arm/5.4.1/bin/../lib/gcc/arm-none-eabi/5.4.1/../../../../arm-none-eabi/lib/armv6-m\libg_nano.a(lib_a-mprec.o)
 .debug_frame   0x00001bd4       0x2c c:/program files (x86)/cypress/psoc creator/4.4/psoc creator/import/gnu/arm/5.4.1/bin/../lib/gcc/arm-none-eabi/5.4.1/../../../../arm-none-eabi/lib/armv6-m\libg_nano.a(lib_a-nano-callocr.o)
 .debug_frame   0x00001c00       0x2c c:/program files (x86)/cypress/psoc creator/4.4/psoc creator/import/gnu/arm/5.4.1/bin/../lib/gcc/arm-none-eabi/5.4.1/../../../../arm-none-eabi/lib/armv6-m\libg_nano.a(lib_a-nano-freer.o)
 .debug_frame   0x00001c2c       0x2c c:/program files (x86)/cypress/psoc creator/4.4/psoc creator/import/gnu/arm/5.4.1/bin/../lib/gcc/arm-none-eabi/5.4.1/../../../../arm-none-eabi/lib/armv6-m\libg_nano.a(lib_a-nano-mallocr.o)
 .debug_frame   0x00001c58       0x74 c:/program files (x86)/cypress/psoc creator/4.4/psoc creator/import/gnu/arm/5.4.1/bin/../lib/gcc/arm-none-eabi/5.4.1/../../../../arm-none-eabi/lib/armv6-m\libg_nano.a(lib_a-nano-svfprintf.o)
 .debug_frame   0x00001ccc       0x2c c:/program files (x86)/cypress/psoc creator/4.4/psoc creator/import/gnu/arm/5.4.1/bin/../lib/gcc/arm-none-eabi/5.4.1/../../../../arm-none-eabi/lib/armv6-m\libg_nano.a(lib_a-sbrkr.o)
 .debug_frame   0x00001cf8       0x20 c:/program files (x86)/cypress/psoc creator/4.4/psoc creator/import/gnu/arm/5.4.1/bin/../lib/gcc/arm-none-eabi/5.4.1/../../../../arm-none-eabi/lib/armv6-m\libg_nano.a(lib_a-strcmp.o)
 .debug_frame   0x00001d18       0x28 c:/program files (x86)/cypress/psoc creator/4.4/psoc creator/import/gnu/arm/5.4.1/bin/../lib/gcc/arm-none-eabi/5.4.1/../../../../arm-none-eabi/lib/armv6-m\libg_nano.a(lib_a-memmove.o)
 .debug_frame   0x00001d40       0x30 c:/program files (x86)/cypress/psoc creator/4.4/psoc creator/import/gnu/arm/5.4.1/bin/../lib/gcc/arm-none-eabi/5.4.1/../../../../arm-none-eabi/lib/armv6-m\libg_nano.a(lib_a-mlock.o)
 .debug_frame   0x00001d70       0x30 c:/program files (x86)/cypress/psoc creator/4.4/psoc creator/import/gnu/arm/5.4.1/bin/../lib/gcc/arm-none-eabi/5.4.1/../../../../arm-none-eabi/lib/armv6-m\libg_nano.a(lib_a-nano-reallocr.o)
 .debug_frame   0x00001da0       0x48 c:/program files (x86)/cypress/psoc creator/4.4/psoc creator/import/gnu/arm/5.4.1/bin/../lib/gcc/arm-none-eabi/5.4.1/../../../../arm-none-eabi/lib/armv6-m\libg_nano.a(lib_a-reent.o)
 .debug_frame   0x00001de8       0x20 c:/program files (x86)/cypress/psoc creator/4.4/psoc creator/import/gnu/arm/5.4.1/bin/../lib/gcc/arm-none-eabi/5.4.1/../../../../arm-none-eabi/lib/armv6-m\libg_nano.a(lib_a-nano-msizer.o)
 .debug_frame   0x00001e08       0x3c c:/program files (x86)/cypress/psoc creator/4.4/psoc creator/import/gnu/arm/5.4.1/bin/../lib/gcc/arm-none-eabi/5.4.1/armv6-m\libgcc.a(adddf3.o)
 .debug_frame   0x00001e44       0x3c c:/program files (x86)/cypress/psoc creator/4.4/psoc creator/import/gnu/arm/5.4.1/bin/../lib/gcc/arm-none-eabi/5.4.1/armv6-m\libgcc.a(divdf3.o)
 .debug_frame   0x00001e80       0x38 c:/program files (x86)/cypress/psoc creator/4.4/psoc creator/import/gnu/arm/5.4.1/bin/../lib/gcc/arm-none-eabi/5.4.1/armv6-m\libgcc.a(eqdf2.o)
 .debug_frame   0x00001eb8       0x38 c:/program files (x86)/cypress/psoc creator/4.4/psoc creator/import/gnu/arm/5.4.1/bin/../lib/gcc/arm-none-eabi/5.4.1/armv6-m\libgcc.a(gedf2.o)
 .debug_frame   0x00001ef0       0x38 c:/program files (x86)/cypress/psoc creator/4.4/psoc creator/import/gnu/arm/5.4.1/bin/../lib/gcc/arm-none-eabi/5.4.1/armv6-m\libgcc.a(ledf2.o)
 .debug_frame   0x00001f28       0x3c c:/program files (x86)/cypress/psoc creator/4.4/psoc creator/import/gnu/arm/5.4.1/bin/../lib/gcc/arm-none-eabi/5.4.1/armv6-m\libgcc.a(muldf3.o)
 .debug_frame   0x00001f64       0x38 c:/program files (x86)/cypress/psoc creator/4.4/psoc creator/import/gnu/arm/5.4.1/bin/../lib/gcc/arm-none-eabi/5.4.1/armv6-m\libgcc.a(subdf3.o)
 .debug_frame   0x00001f9c       0x2c c:/program files (x86)/cypress/psoc creator/4.4/psoc creator/import/gnu/arm/5.4.1/bin/../lib/gcc/arm-none-eabi/5.4.1/armv6-m\libgcc.a(unorddf2.o)
 .debug_frame   0x00001fc8       0x2c c:/program files (x86)/cypress/psoc creator/4.4/psoc creator/import/gnu/arm/5.4.1/bin/../lib/gcc/arm-none-eabi/5.4.1/armv6-m\libgcc.a(fixdfsi.o)
 .debug_frame   0x00001ff4       0x2c c:/program files (x86)/cypress/psoc creator/4.4/psoc creator/import/gnu/arm/5.4.1/bin/../lib/gcc/arm-none-eabi/5.4.1/armv6-m\libgcc.a(floatsidf.o)
 .debug_frame   0x00002020       0x2c c:/program files (x86)/cypress/psoc creator/4.4/psoc creator/import/gnu/arm/5.4.1/bin/../lib/gcc/arm-none-eabi/5.4.1/armv6-m\libgcc.a(floatunsidf.o)

.debug_str      0x00000000     0x1e76
 *(.debug_str)
 .debug_str     0x00000000      0x316 .\CortexM0\ARM_GCC_541\Debug\library.o
                                0x390 (size before relaxing)
 .debug_str     0x00000316       0x39 .\CortexM0\ARM_GCC_541\Debug\main.o
                                0x262 (size before relaxing)
 .debug_str     0x0000034f      0x158 .\CortexM0\ARM_GCC_541\Debug\cyfitter_cfg.o
                                0x33b (size before relaxing)
 .debug_str     0x000004a7       0x59 .\CortexM0\ARM_GCC_541\Debug\cymetadata.o
                                0x206 (size before relaxing)
 .debug_str     0x00000500      0x13a .\CortexM0\ARM_GCC_541\Debug\Cm0Start.o
                                0x33f (size before relaxing)
 .debug_str     0x0000063a       0xf7 .\CortexM0\ARM_GCC_541\Debug\Humidity PSoC.a(UART.o)
                                0x2d5 (size before relaxing)
 .debug_str     0x00000731      0x1d8 .\CortexM0\ARM_GCC_541\Debug\Humidity PSoC.a(UART_UART.o)
                                0x406 (size before relaxing)
 .debug_str     0x00000909       0xfe .\CortexM0\ARM_GCC_541\Debug\Humidity PSoC.a(I2C.o)
                                0x2fc (size before relaxing)
 .debug_str     0x00000a07       0x85 .\CortexM0\ARM_GCC_541\Debug\Humidity PSoC.a(I2C_I2C.o)
                                0x28c (size before relaxing)
 .debug_str     0x00000a8c      0x23b .\CortexM0\ARM_GCC_541\Debug\Humidity PSoC.a(I2C_I2C_MASTER.o)
                                0x4f4 (size before relaxing)
 .debug_str     0x00000cc7      0x8fa .\CortexM0\ARM_GCC_541\Debug\Humidity PSoC.a(CyLib.o)
                                0xb86 (size before relaxing)
 .debug_str     0x000015c1      0x6d9 .\CortexM0\ARM_GCC_541\Debug\Humidity PSoC.a(CyLFClk.o)
                                0x95b (size before relaxing)
 .debug_str     0x00001c9a       0xe3 .\CortexM0\ARM_GCC_541\Debug\Humidity PSoC.a(UART_SPI_UART.o)
                                0x30c (size before relaxing)
 .debug_str     0x00001d7d       0x47 .\CortexM0\ARM_GCC_541\Debug\Humidity PSoC.a(I2C_I2C_INT.o)
                                0x2fc (size before relaxing)
 .debug_str     0x00001dc4       0xb2 .\CortexM0\ARM_GCC_541\Debug\Humidity PSoC.a(CyFlash.o)
                                0x2ee (size before relaxing)

.debug_loc      0x00000000     0x3cdc
 *(.debug_loc)
 .debug_loc     0x00000000      0x2e7 .\CortexM0\ARM_GCC_541\Debug\library.o
 .debug_loc     0x000002e7       0x5a .\CortexM0\ARM_GCC_541\Debug\main.o
 .debug_loc     0x00000341      0x136 .\CortexM0\ARM_GCC_541\Debug\cyfitter_cfg.o
 .debug_loc     0x00000477      0x14f .\CortexM0\ARM_GCC_541\Debug\Cm0Start.o
 .debug_loc     0x000005c6       0x7e .\CortexM0\ARM_GCC_541\Debug\Humidity PSoC.a(UART.o)
 .debug_loc     0x00000644      0x223 .\CortexM0\ARM_GCC_541\Debug\Humidity PSoC.a(UART_UART.o)
 .debug_loc     0x00000867       0x7e .\CortexM0\ARM_GCC_541\Debug\Humidity PSoC.a(I2C.o)
 .debug_loc     0x000008e5      0xa49 .\CortexM0\ARM_GCC_541\Debug\Humidity PSoC.a(I2C_I2C_MASTER.o)
 .debug_loc     0x0000132e     0x18f5 .\CortexM0\ARM_GCC_541\Debug\Humidity PSoC.a(CyLib.o)
 .debug_loc     0x00002c23      0xdb7 .\CortexM0\ARM_GCC_541\Debug\Humidity PSoC.a(CyLFClk.o)
 .debug_loc     0x000039da       0x96 .\CortexM0\ARM_GCC_541\Debug\Humidity PSoC.a(UART_SPI_UART.o)
 .debug_loc     0x00003a70      0x10c .\CortexM0\ARM_GCC_541\Debug\Humidity PSoC.a(I2C_I2C_INT.o)
 .debug_loc     0x00003b7c      0x160 .\CortexM0\ARM_GCC_541\Debug\Humidity PSoC.a(CyFlash.o)

.debug_macinfo
 *(.debug_macinfo)

.debug_ranges   0x00000000      0x708
 *(.debug_ranges)
 .debug_ranges  0x00000000       0x60 .\CortexM0\ARM_GCC_541\Debug\library.o
 .debug_ranges  0x00000060       0x10 .\CortexM0\ARM_GCC_541\Debug\main.o
 .debug_ranges  0x00000070       0x38 .\CortexM0\ARM_GCC_541\Debug\cyfitter_cfg.o
 .debug_ranges  0x000000a8       0x38 .\CortexM0\ARM_GCC_541\Debug\Cm0Start.o
 .debug_ranges  0x000000e0       0x48 .\CortexM0\ARM_GCC_541\Debug\Humidity PSoC.a(UART.o)
 .debug_ranges  0x00000128       0x80 .\CortexM0\ARM_GCC_541\Debug\Humidity PSoC.a(UART_UART.o)
 .debug_ranges  0x000001a8       0x50 .\CortexM0\ARM_GCC_541\Debug\Humidity PSoC.a(I2C.o)
 .debug_ranges  0x000001f8       0x20 .\CortexM0\ARM_GCC_541\Debug\Humidity PSoC.a(I2C_I2C.o)
 .debug_ranges  0x00000218       0x88 .\CortexM0\ARM_GCC_541\Debug\Humidity PSoC.a(I2C_I2C_MASTER.o)
 .debug_ranges  0x000002a0      0x260 .\CortexM0\ARM_GCC_541\Debug\Humidity PSoC.a(CyLib.o)
 .debug_ranges  0x00000500      0x178 .\CortexM0\ARM_GCC_541\Debug\Humidity PSoC.a(CyLFClk.o)
 .debug_ranges  0x00000678       0x50 .\CortexM0\ARM_GCC_541\Debug\Humidity PSoC.a(UART_SPI_UART.o)
 .debug_ranges  0x000006c8       0x10 .\CortexM0\ARM_GCC_541\Debug\Humidity PSoC.a(I2C_I2C_INT.o)
 .debug_ranges  0x000006d8       0x30 .\CortexM0\ARM_GCC_541\Debug\Humidity PSoC.a(CyFlash.o)

.comment        0x00000000       0x6e
 .comment       0x00000000       0x6e .\CortexM0\ARM_GCC_541\Debug\library.o
                                 0x6f (size before relaxing)
 .comment       0x0000006e       0x6f .\CortexM0\ARM_GCC_541\Debug\main.o
 .comment       0x0000006e       0x6f .\CortexM0\ARM_GCC_541\Debug\cyfitter_cfg.o
 .comment       0x0000006e       0x6f .\CortexM0\ARM_GCC_541\Debug\cymetadata.o
 .comment       0x0000006e       0x6f .\CortexM0\ARM_GCC_541\Debug\Cm0Start.o
 .comment       0x0000006e       0x6f .\CortexM0\ARM_GCC_541\Debug\Humidity PSoC.a(UART.o)
 .comment       0x0000006e       0x6f .\CortexM0\ARM_GCC_541\Debug\Humidity PSoC.a(UART_UART.o)
 .comment       0x0000006e       0x6f .\CortexM0\ARM_GCC_541\Debug\Humidity PSoC.a(I2C.o)
 .comment       0x0000006e       0x6f .\CortexM0\ARM_GCC_541\Debug\Humidity PSoC.a(I2C_I2C.o)
 .comment       0x0000006e       0x6f .\CortexM0\ARM_GCC_541\Debug\Humidity PSoC.a(I2C_I2C_MASTER.o)
 .comment       0x0000006e       0x6f .\CortexM0\ARM_GCC_541\Debug\Humidity PSoC.a(CyLib.o)
 .comment       0x0000006e       0x6f .\CortexM0\ARM_GCC_541\Debug\Humidity PSoC.a(CyLFClk.o)
 .comment       0x0000006e       0x6f .\CortexM0\ARM_GCC_541\Debug\Humidity PSoC.a(UART_SPI_UART.o)
 .comment       0x0000006e       0x6f .\CortexM0\ARM_GCC_541\Debug\Humidity PSoC.a(I2C_I2C_INT.o)
 .comment       0x0000006e       0x6f .\CortexM0\ARM_GCC_541\Debug\Humidity PSoC.a(CyFlash.o)

.debug_weaknames
 *(.debug_weaknames)

.debug_funcnames
 *(.debug_funcnames)

.debug_typenames
 *(.debug_typenames)

.debug_varnames
 *(.debug_varnames)

.note.gnu.arm.ident
 *(.note.gnu.arm.ident)

.ARM.attributes
                0x00000000       0x28
 *(.ARM.attributes)
 .ARM.attributes
                0x00000000       0x1e c:/program files (x86)/cypress/psoc creator/4.4/psoc creator/import/gnu/arm/5.4.1/bin/../lib/gcc/arm-none-eabi/5.4.1/armv6-m/crti.o
 .ARM.attributes
                0x0000001e       0x2c c:/program files (x86)/cypress/psoc creator/4.4/psoc creator/import/gnu/arm/5.4.1/bin/../lib/gcc/arm-none-eabi/5.4.1/armv6-m/crtbegin.o
 .ARM.attributes
                0x0000004a       0x1b c:/program files (x86)/cypress/psoc creator/4.4/psoc creator/import/gnu/arm/5.4.1/bin/../lib/gcc/arm-none-eabi/5.4.1/../../../../arm-none-eabi/lib/armv6-m/crt0.o
 .ARM.attributes
                0x00000065       0x31 .\CortexM0\ARM_GCC_541\Debug\library.o
 .ARM.attributes
                0x00000096       0x31 .\CortexM0\ARM_GCC_541\Debug\main.o
 .ARM.attributes
                0x000000c7       0x31 .\CortexM0\ARM_GCC_541\Debug\cyfitter_cfg.o
 .ARM.attributes
                0x000000f8       0x31 .\CortexM0\ARM_GCC_541\Debug\cymetadata.o
 .ARM.attributes
                0x00000129       0x31 .\CortexM0\ARM_GCC_541\Debug\Cm0Start.o
 .ARM.attributes
                0x0000015a       0x31 .\CortexM0\ARM_GCC_541\Debug\Humidity PSoC.a(UART.o)
 .ARM.attributes
                0x0000018b       0x31 .\CortexM0\ARM_GCC_541\Debug\Humidity PSoC.a(UART_UART.o)
 .ARM.attributes
                0x000001bc       0x31 .\CortexM0\ARM_GCC_541\Debug\Humidity PSoC.a(I2C.o)
 .ARM.attributes
                0x000001ed       0x31 .\CortexM0\ARM_GCC_541\Debug\Humidity PSoC.a(I2C_I2C.o)
 .ARM.attributes
                0x0000021e       0x31 .\CortexM0\ARM_GCC_541\Debug\Humidity PSoC.a(I2C_I2C_MASTER.o)
 .ARM.attributes
                0x0000024f       0x31 .\CortexM0\ARM_GCC_541\Debug\Humidity PSoC.a(CyLib.o)
 .ARM.attributes
                0x00000280       0x31 .\CortexM0\ARM_GCC_541\Debug\Humidity PSoC.a(CyLFClk.o)
 .ARM.attributes
                0x000002b1       0x21 .\CortexM0\ARM_GCC_541\Debug\Humidity PSoC.a(CyBootAsmGnu.o)
 .ARM.attributes
                0x000002d2       0x31 .\CortexM0\ARM_GCC_541\Debug\Humidity PSoC.a(UART_SPI_UART.o)
 .ARM.attributes
                0x00000303       0x31 .\CortexM0\ARM_GCC_541\Debug\Humidity PSoC.a(I2C_I2C_INT.o)
 .ARM.attributes
                0x00000334       0x31 .\CortexM0\ARM_GCC_541\Debug\Humidity PSoC.a(CyFlash.o)
 .ARM.attributes
                0x00000365       0x1e c:/program files (x86)/cypress/psoc creator/4.4/psoc creator/import/gnu/arm/5.4.1/bin/../lib/gcc/arm-none-eabi/5.4.1/armv6-m\libgcc.a(_udivsi3.o)
 .ARM.attributes
                0x00000383       0x1e c:/program files (x86)/cypress/psoc creator/4.4/psoc creator/import/gnu/arm/5.4.1/bin/../lib/gcc/arm-none-eabi/5.4.1/armv6-m\libgcc.a(_divsi3.o)
 .ARM.attributes
                0x000003a1       0x1e c:/program files (x86)/cypress/psoc creator/4.4/psoc creator/import/gnu/arm/5.4.1/bin/../lib/gcc/arm-none-eabi/5.4.1/armv6-m\libgcc.a(_dvmd_tls.o)
 .ARM.attributes
                0x000003bf       0x2c c:/program files (x86)/cypress/psoc creator/4.4/psoc creator/import/gnu/arm/5.4.1/bin/../lib/gcc/arm-none-eabi/5.4.1/armv6-m\libgcc.a(divsf3.o)
 .ARM.attributes
                0x000003eb       0x2c c:/program files (x86)/cypress/psoc creator/4.4/psoc creator/import/gnu/arm/5.4.1/bin/../lib/gcc/arm-none-eabi/5.4.1/armv6-m\libgcc.a(unordsf2.o)
 .ARM.attributes
                0x00000417       0x2c c:/program files (x86)/cypress/psoc creator/4.4/psoc creator/import/gnu/arm/5.4.1/bin/../lib/gcc/arm-none-eabi/5.4.1/armv6-m\libgcc.a(fixsfsi.o)
 .ARM.attributes
                0x00000443       0x2c c:/program files (x86)/cypress/psoc creator/4.4/psoc creator/import/gnu/arm/5.4.1/bin/../lib/gcc/arm-none-eabi/5.4.1/armv6-m\libgcc.a(floatsisf.o)
 .ARM.attributes
                0x0000046f       0x2c c:/program files (x86)/cypress/psoc creator/4.4/psoc creator/import/gnu/arm/5.4.1/bin/../lib/gcc/arm-none-eabi/5.4.1/armv6-m\libgcc.a(floatunsisf.o)
 .ARM.attributes
                0x0000049b       0x1e c:/program files (x86)/cypress/psoc creator/4.4/psoc creator/import/gnu/arm/5.4.1/bin/../lib/gcc/arm-none-eabi/5.4.1/armv6-m\libgcc.a(_clzsi2.o)
 .ARM.attributes
                0x000004b9       0x2c c:/program files (x86)/cypress/psoc creator/4.4/psoc creator/import/gnu/arm/5.4.1/bin/../lib/gcc/arm-none-eabi/5.4.1/../../../../arm-none-eabi/lib/armv6-m\libg_nano.a(lib_a-errno.o)
 .ARM.attributes
                0x000004e5       0x2c c:/program files (x86)/cypress/psoc creator/4.4/psoc creator/import/gnu/arm/5.4.1/bin/../lib/gcc/arm-none-eabi/5.4.1/../../../../arm-none-eabi/lib/armv6-m\libg_nano.a(lib_a-exit.o)
 .ARM.attributes
                0x00000511       0x2c c:/program files (x86)/cypress/psoc creator/4.4/psoc creator/import/gnu/arm/5.4.1/bin/../lib/gcc/arm-none-eabi/5.4.1/../../../../arm-none-eabi/lib/armv6-m\libg_nano.a(lib_a-impure.o)
 .ARM.attributes
                0x0000053d       0x2c c:/program files (x86)/cypress/psoc creator/4.4/psoc creator/import/gnu/arm/5.4.1/bin/../lib/gcc/arm-none-eabi/5.4.1/../../../../arm-none-eabi/lib/armv6-m\libg_nano.a(lib_a-init.o)
 .ARM.attributes
                0x00000569       0x2c c:/program files (x86)/cypress/psoc creator/4.4/psoc creator/import/gnu/arm/5.4.1/bin/../lib/gcc/arm-none-eabi/5.4.1/../../../../arm-none-eabi/lib/armv6-m\libg_nano.a(lib_a-memcpy-stub.o)
 .ARM.attributes
                0x00000595       0x2c c:/program files (x86)/cypress/psoc creator/4.4/psoc creator/import/gnu/arm/5.4.1/bin/../lib/gcc/arm-none-eabi/5.4.1/../../../../arm-none-eabi/lib/armv6-m\libg_nano.a(lib_a-memset.o)
 .ARM.attributes
                0x000005c1       0x2c c:/program files (x86)/cypress/psoc creator/4.4/psoc creator/import/gnu/arm/5.4.1/bin/../lib/gcc/arm-none-eabi/5.4.1/../../../../arm-none-eabi/lib/armv6-m\libg_nano.a(lib_a-nano-vfprintf_float.o)
 .ARM.attributes
                0x000005ed       0x2c c:/program files (x86)/cypress/psoc creator/4.4/psoc creator/import/gnu/arm/5.4.1/bin/../lib/gcc/arm-none-eabi/5.4.1/../../../../arm-none-eabi/lib/armv6-m\libg_nano.a(lib_a-nano-vfprintf_i.o)
 .ARM.attributes
                0x00000619       0x2c c:/program files (x86)/cypress/psoc creator/4.4/psoc creator/import/gnu/arm/5.4.1/bin/../lib/gcc/arm-none-eabi/5.4.1/../../../../arm-none-eabi/lib/armv6-m\libg_nano.a(lib_a-snprintf.o)
 .ARM.attributes
                0x00000645       0x2c c:/program files (x86)/cypress/psoc creator/4.4/psoc creator/import/gnu/arm/5.4.1/bin/../lib/gcc/arm-none-eabi/5.4.1/../../../../arm-none-eabi/lib/armv6-m\libg_nano.a(lib_a-sprintf.o)
 .ARM.attributes
                0x00000671       0x1c c:/program files (x86)/cypress/psoc creator/4.4/psoc creator/import/gnu/arm/5.4.1/bin/../lib/gcc/arm-none-eabi/5.4.1/../../../../arm-none-eabi/lib/armv6-m\libg_nano.a(lib_a-strlen.o)
 .ARM.attributes
                0x0000068d       0x2c c:/program files (x86)/cypress/psoc creator/4.4/psoc creator/import/gnu/arm/5.4.1/bin/../lib/gcc/arm-none-eabi/5.4.1/../../../../arm-none-eabi/lib/armv6-m\libg_nano.a(lib_a-dtoa.o)
 .ARM.attributes
                0x000006b9       0x2c c:/program files (x86)/cypress/psoc creator/4.4/psoc creator/import/gnu/arm/5.4.1/bin/../lib/gcc/arm-none-eabi/5.4.1/../../../../arm-none-eabi/lib/armv6-m\libg_nano.a(lib_a-locale.o)
 .ARM.attributes
                0x000006e5       0x2c c:/program files (x86)/cypress/psoc creator/4.4/psoc creator/import/gnu/arm/5.4.1/bin/../lib/gcc/arm-none-eabi/5.4.1/../../../../arm-none-eabi/lib/armv6-m\libg_nano.a(lib_a-malloc.o)
 .ARM.attributes
                0x00000711       0x2c c:/program files (x86)/cypress/psoc creator/4.4/psoc creator/import/gnu/arm/5.4.1/bin/../lib/gcc/arm-none-eabi/5.4.1/../../../../arm-none-eabi/lib/armv6-m\libg_nano.a(lib_a-memchr-stub.o)
 .ARM.attributes
                0x0000073d       0x2c c:/program files (x86)/cypress/psoc creator/4.4/psoc creator/import/gnu/arm/5.4.1/bin/../lib/gcc/arm-none-eabi/5.4.1/../../../../arm-none-eabi/lib/armv6-m\libg_nano.a(lib_a-mprec.o)
 .ARM.attributes
                0x00000769       0x2c c:/program files (x86)/cypress/psoc creator/4.4/psoc creator/import/gnu/arm/5.4.1/bin/../lib/gcc/arm-none-eabi/5.4.1/../../../../arm-none-eabi/lib/armv6-m\libg_nano.a(lib_a-nano-callocr.o)
 .ARM.attributes
                0x00000795       0x2c c:/program files (x86)/cypress/psoc creator/4.4/psoc creator/import/gnu/arm/5.4.1/bin/../lib/gcc/arm-none-eabi/5.4.1/../../../../arm-none-eabi/lib/armv6-m\libg_nano.a(lib_a-nano-freer.o)
 .ARM.attributes
                0x000007c1       0x2c c:/program files (x86)/cypress/psoc creator/4.4/psoc creator/import/gnu/arm/5.4.1/bin/../lib/gcc/arm-none-eabi/5.4.1/../../../../arm-none-eabi/lib/armv6-m\libg_nano.a(lib_a-nano-mallocr.o)
 .ARM.attributes
                0x000007ed       0x2c c:/program files (x86)/cypress/psoc creator/4.4/psoc creator/import/gnu/arm/5.4.1/bin/../lib/gcc/arm-none-eabi/5.4.1/../../../../arm-none-eabi/lib/armv6-m\libg_nano.a(lib_a-nano-svfprintf.o)
 .ARM.attributes
                0x00000819       0x2c c:/program files (x86)/cypress/psoc creator/4.4/psoc creator/import/gnu/arm/5.4.1/bin/../lib/gcc/arm-none-eabi/5.4.1/../../../../arm-none-eabi/lib/armv6-m\libg_nano.a(lib_a-sbrkr.o)
 .ARM.attributes
                0x00000845       0x1c c:/program files (x86)/cypress/psoc creator/4.4/psoc creator/import/gnu/arm/5.4.1/bin/../lib/gcc/arm-none-eabi/5.4.1/../../../../arm-none-eabi/lib/armv6-m\libg_nano.a(lib_a-strcmp.o)
 .ARM.attributes
                0x00000861       0x2c c:/program files (x86)/cypress/psoc creator/4.4/psoc creator/import/gnu/arm/5.4.1/bin/../lib/gcc/arm-none-eabi/5.4.1/../../../../arm-none-eabi/lib/armv6-m\libg_nano.a(lib_a-memmove.o)
 .ARM.attributes
                0x0000088d       0x2c c:/program files (x86)/cypress/psoc creator/4.4/psoc creator/import/gnu/arm/5.4.1/bin/../lib/gcc/arm-none-eabi/5.4.1/../../../../arm-none-eabi/lib/armv6-m\libg_nano.a(lib_a-mlock.o)
 .ARM.attributes
                0x000008b9       0x2c c:/program files (x86)/cypress/psoc creator/4.4/psoc creator/import/gnu/arm/5.4.1/bin/../lib/gcc/arm-none-eabi/5.4.1/../../../../arm-none-eabi/lib/armv6-m\libg_nano.a(lib_a-nano-reallocr.o)
 .ARM.attributes
                0x000008e5       0x2c c:/program files (x86)/cypress/psoc creator/4.4/psoc creator/import/gnu/arm/5.4.1/bin/../lib/gcc/arm-none-eabi/5.4.1/../../../../arm-none-eabi/lib/armv6-m\libg_nano.a(lib_a-reent.o)
 .ARM.attributes
                0x00000911       0x2c c:/program files (x86)/cypress/psoc creator/4.4/psoc creator/import/gnu/arm/5.4.1/bin/../lib/gcc/arm-none-eabi/5.4.1/../../../../arm-none-eabi/lib/armv6-m\libg_nano.a(lib_a-nano-msizer.o)
 .ARM.attributes
                0x0000093d       0x1e c:/program files (x86)/cypress/psoc creator/4.4/psoc creator/import/gnu/arm/5.4.1/bin/../lib/gcc/arm-none-eabi/5.4.1/armv6-m\libgcc.a(_thumb1_case_uqi.o)
 .ARM.attributes
                0x0000095b       0x1e c:/program files (x86)/cypress/psoc creator/4.4/psoc creator/import/gnu/arm/5.4.1/bin/../lib/gcc/arm-none-eabi/5.4.1/armv6-m\libgcc.a(_arm_cmpdf2.o)
 .ARM.attributes
                0x00000979       0x2c c:/program files (x86)/cypress/psoc creator/4.4/psoc creator/import/gnu/arm/5.4.1/bin/../lib/gcc/arm-none-eabi/5.4.1/armv6-m\libgcc.a(adddf3.o)
 .ARM.attributes
                0x000009a5       0x2c c:/program files (x86)/cypress/psoc creator/4.4/psoc creator/import/gnu/arm/5.4.1/bin/../lib/gcc/arm-none-eabi/5.4.1/armv6-m\libgcc.a(divdf3.o)
 .ARM.attributes
                0x000009d1       0x2c c:/program files (x86)/cypress/psoc creator/4.4/psoc creator/import/gnu/arm/5.4.1/bin/../lib/gcc/arm-none-eabi/5.4.1/armv6-m\libgcc.a(eqdf2.o)
 .ARM.attributes
                0x000009fd       0x2c c:/program files (x86)/cypress/psoc creator/4.4/psoc creator/import/gnu/arm/5.4.1/bin/../lib/gcc/arm-none-eabi/5.4.1/armv6-m\libgcc.a(gedf2.o)
 .ARM.attributes
                0x00000a29       0x2c c:/program files (x86)/cypress/psoc creator/4.4/psoc creator/import/gnu/arm/5.4.1/bin/../lib/gcc/arm-none-eabi/5.4.1/armv6-m\libgcc.a(ledf2.o)
 .ARM.attributes
                0x00000a55       0x2c c:/program files (x86)/cypress/psoc creator/4.4/psoc creator/import/gnu/arm/5.4.1/bin/../lib/gcc/arm-none-eabi/5.4.1/armv6-m\libgcc.a(muldf3.o)
 .ARM.attributes
                0x00000a81       0x2c c:/program files (x86)/cypress/psoc creator/4.4/psoc creator/import/gnu/arm/5.4.1/bin/../lib/gcc/arm-none-eabi/5.4.1/armv6-m\libgcc.a(subdf3.o)
 .ARM.attributes
                0x00000aad       0x2c c:/program files (x86)/cypress/psoc creator/4.4/psoc creator/import/gnu/arm/5.4.1/bin/../lib/gcc/arm-none-eabi/5.4.1/armv6-m\libgcc.a(unorddf2.o)
 .ARM.attributes
                0x00000ad9       0x2c c:/program files (x86)/cypress/psoc creator/4.4/psoc creator/import/gnu/arm/5.4.1/bin/../lib/gcc/arm-none-eabi/5.4.1/armv6-m\libgcc.a(fixdfsi.o)
 .ARM.attributes
                0x00000b05       0x2c c:/program files (x86)/cypress/psoc creator/4.4/psoc creator/import/gnu/arm/5.4.1/bin/../lib/gcc/arm-none-eabi/5.4.1/armv6-m\libgcc.a(floatsidf.o)
 .ARM.attributes
                0x00000b31       0x2c c:/program files (x86)/cypress/psoc creator/4.4/psoc creator/import/gnu/arm/5.4.1/bin/../lib/gcc/arm-none-eabi/5.4.1/armv6-m\libgcc.a(floatunsidf.o)
 .ARM.attributes
                0x00000b5d       0x2c c:/program files (x86)/cypress/psoc creator/4.4/psoc creator/import/gnu/arm/5.4.1/bin/../lib/gcc/arm-none-eabi/5.4.1/armv6-m/crtend.o
 .ARM.attributes
                0x00000b89       0x1e c:/program files (x86)/cypress/psoc creator/4.4/psoc creator/import/gnu/arm/5.4.1/bin/../lib/gcc/arm-none-eabi/5.4.1/armv6-m/crtn.o

/DISCARD/
 *(.note.GNU-stack)
OUTPUT(C:\Users\becca\Documents\GitHub\Science_Sensor_Board\Science_Sensor_Board\working sensors\HumidityTempFinal\Humidity PSoC.cydsn\CortexM0\ARM_GCC_541\Debug\Humidity PSoC.elf elf32-littlearm)
