Archive member included to satisfy reference by file (symbol)

.\CortexM0\ARM_GCC_541\Debug\Humidity PSoC.a(UART.o)
                              .\CortexM0\ARM_GCC_541\Debug\main.o (UART_Start)
.\CortexM0\ARM_GCC_541\Debug\Humidity PSoC.a(UART_UART.o)
                              .\CortexM0\ARM_GCC_541\Debug\Humidity PSoC.a(UART.o) (UART_UartInit)
.\CortexM0\ARM_GCC_541\Debug\Humidity PSoC.a(I2C.o)
                              .\CortexM0\ARM_GCC_541\Debug\library.o (I2C_Start)
.\CortexM0\ARM_GCC_541\Debug\Humidity PSoC.a(I2C_I2C.o)
                              .\CortexM0\ARM_GCC_541\Debug\Humidity PSoC.a(I2C.o) (I2C_I2CInit)
.\CortexM0\ARM_GCC_541\Debug\Humidity PSoC.a(I2C_I2C_MASTER.o)
                              .\CortexM0\ARM_GCC_541\Debug\library.o (I2C_I2CMasterSendStart)
.\CortexM0\ARM_GCC_541\Debug\Humidity PSoC.a(CyLib.o)
                              .\CortexM0\ARM_GCC_541\Debug\cyfitter_cfg.o (CyIntEnable)
.\CortexM0\ARM_GCC_541\Debug\Humidity PSoC.a(CyLFClk.o)
                              .\CortexM0\ARM_GCC_541\Debug\Humidity PSoC.a(CyLib.o) (CySysClkWcoEnabled)
.\CortexM0\ARM_GCC_541\Debug\Humidity PSoC.a(CyBootAsmGnu.o)
                              .\CortexM0\ARM_GCC_541\Debug\Humidity PSoC.a(CyLib.o) (CyDelayCycles)
.\CortexM0\ARM_GCC_541\Debug\Humidity PSoC.a(UART_SPI_UART.o)
                              .\CortexM0\ARM_GCC_541\Debug\Humidity PSoC.a(UART_UART.o) (UART_SpiUartReadRxData)
.\CortexM0\ARM_GCC_541\Debug\Humidity PSoC.a(I2C_I2C_INT.o)
                              .\CortexM0\ARM_GCC_541\Debug\Humidity PSoC.a(I2C_I2C.o) (I2C_I2C_ISR)
.\CortexM0\ARM_GCC_541\Debug\Humidity PSoC.a(CyFlash.o)
                              .\CortexM0\ARM_GCC_541\Debug\Humidity PSoC.a(CyLib.o) (CySysFlashSetWaitCycles)
c:/program files (x86)/cypress/psoc creator/4.4/psoc creator/import/gnu/arm/5.4.1/bin/../lib/gcc/arm-none-eabi/5.4.1/armv6-m\libgcc.a(_udivsi3.o)
                              .\CortexM0\ARM_GCC_541\Debug\Humidity PSoC.a(CyLib.o) (__aeabi_uidiv)
c:/program files (x86)/cypress/psoc creator/4.4/psoc creator/import/gnu/arm/5.4.1/bin/../lib/gcc/arm-none-eabi/5.4.1/armv6-m\libgcc.a(_divsi3.o)
                              .\CortexM0\ARM_GCC_541\Debug\Humidity PSoC.a(CyLFClk.o) (__aeabi_idiv)
c:/program files (x86)/cypress/psoc creator/4.4/psoc creator/import/gnu/arm/5.4.1/bin/../lib/gcc/arm-none-eabi/5.4.1/armv6-m\libgcc.a(_dvmd_tls.o)
                              c:/program files (x86)/cypress/psoc creator/4.4/psoc creator/import/gnu/arm/5.4.1/bin/../lib/gcc/arm-none-eabi/5.4.1/armv6-m\libgcc.a(_udivsi3.o) (__aeabi_idiv0)
c:/program files (x86)/cypress/psoc creator/4.4/psoc creator/import/gnu/arm/5.4.1/bin/../lib/gcc/arm-none-eabi/5.4.1/armv6-m\libgcc.a(divsf3.o)
                              .\CortexM0\ARM_GCC_541\Debug\library.o (__aeabi_fdiv)
c:/program files (x86)/cypress/psoc creator/4.4/psoc creator/import/gnu/arm/5.4.1/bin/../lib/gcc/arm-none-eabi/5.4.1/armv6-m\libgcc.a(unordsf2.o)
                              .\CortexM0\ARM_GCC_541\Debug\main.o (__aeabi_fcmpun)
c:/program files (x86)/cypress/psoc creator/4.4/psoc creator/import/gnu/arm/5.4.1/bin/../lib/gcc/arm-none-eabi/5.4.1/armv6-m\libgcc.a(floatsisf.o)
                              .\CortexM0\ARM_GCC_541\Debug\library.o (__aeabi_i2f)
c:/program files (x86)/cypress/psoc creator/4.4/psoc creator/import/gnu/arm/5.4.1/bin/../lib/gcc/arm-none-eabi/5.4.1/armv6-m\libgcc.a(floatunsisf.o)
                              .\CortexM0\ARM_GCC_541\Debug\library.o (__aeabi_ui2f)
c:/program files (x86)/cypress/psoc creator/4.4/psoc creator/import/gnu/arm/5.4.1/bin/../lib/gcc/arm-none-eabi/5.4.1/armv6-m\libgcc.a(extendsfdf2.o)
                              .\CortexM0\ARM_GCC_541\Debug\main.o (__aeabi_f2d)
c:/program files (x86)/cypress/psoc creator/4.4/psoc creator/import/gnu/arm/5.4.1/bin/../lib/gcc/arm-none-eabi/5.4.1/armv6-m\libgcc.a(_clzsi2.o)
                              c:/program files (x86)/cypress/psoc creator/4.4/psoc creator/import/gnu/arm/5.4.1/bin/../lib/gcc/arm-none-eabi/5.4.1/armv6-m\libgcc.a(divsf3.o) (__clzsi2)
c:/program files (x86)/cypress/psoc creator/4.4/psoc creator/import/gnu/arm/5.4.1/bin/../lib/gcc/arm-none-eabi/5.4.1/../../../../arm-none-eabi/lib/armv6-m\libg_nano.a(lib_a-errno.o)
                              .\CortexM0\ARM_GCC_541\Debug\Cm0Start.o (__errno)
c:/program files (x86)/cypress/psoc creator/4.4/psoc creator/import/gnu/arm/5.4.1/bin/../lib/gcc/arm-none-eabi/5.4.1/../../../../arm-none-eabi/lib/armv6-m\libg_nano.a(lib_a-exit.o)
                              c:/program files (x86)/cypress/psoc creator/4.4/psoc creator/import/gnu/arm/5.4.1/bin/../lib/gcc/arm-none-eabi/5.4.1/../../../../arm-none-eabi/lib/armv6-m/crt0.o (exit)
c:/program files (x86)/cypress/psoc creator/4.4/psoc creator/import/gnu/arm/5.4.1/bin/../lib/gcc/arm-none-eabi/5.4.1/../../../../arm-none-eabi/lib/armv6-m\libg_nano.a(lib_a-impure.o)
[...]
Memory Configuration

Name             Origin             Length             Attributes
rom              0x00000000         0x00020000         xr
ram              0x20000000         0x00004000         xrw
*default*        0x00000000         0xffffffff

Linker script and memory map

LOAD c:/program files (x86)/cypress/psoc creator/4.4/psoc creator/import/gnu/arm/5.4.1/bin/../lib/gcc/arm-none-eabi/5.4.1/armv6-m/crti.o
LOAD c:/program files (x86)/cypress/psoc creator/4.4/psoc creator/import/gnu/arm/5.4.1/bin/../lib/gcc/arm-none-eabi/5.4.1/armv6-m/crtbegin.o
LOAD c:/program files (x86)/cypress/psoc creator/4.4/psoc creator/import/gnu/arm/5.4.1/bin/../lib/gcc/arm-none-eabi/5.4.1/../../../../arm-none-eabi/lib/armv6-m/crt0.o
START GROUP
LOAD .\CortexM0\ARM_GCC_541\Debug\library.o
LOAD .\CortexM0\ARM_GCC_541\Debug\main.o
LOAD .\CortexM0\ARM_GCC_541\Debug\cyfitter_cfg.o
LOAD .\CortexM0\ARM_GCC_541\Debug\cymetadata.o
LOAD .\CortexM0\ARM_GCC_541\Debug\Cm0Start.o
LOAD .\CortexM0\ARM_GCC_541\Debug\Humidity PSoC.a
LOAD C:\Program Files (x86)\Cypress\PSoC Creator\4.4\PSoC Creator\psoc\content\CyComponentLibrary\CyComponentLibrary.cylib\CapSense_CSD_P4_v2_60\PSoC4\Library\CapsenseP4Library_GCC.a
END GROUP
START GROUP
LOAD c:/program files (x86)/cypress/psoc creator/4.4/psoc creator/import/gnu/arm/5.4.1/bin/../lib/gcc/arm-none-eabi/5.4.1/armv6-m\libgcc.a
LOAD c:/program files (x86)/cypress/psoc creator/4.4/psoc creator/import/gnu/arm/5.4.1/bin/../lib/gcc/arm-none-eabi/5.4.1/../../../../arm-none-eabi/lib/armv6-m\libg_nano.a
LOAD c:/program files (x86)/cypress/psoc creator/4.4/psoc creator/import/gnu/arm/5.4.1/bin/../lib/gcc/arm-none-eabi/5.4.1/../../../../arm-none-eabi/lib/armv6-m\libc_nano.a
END GROUP
START GROUP
LOAD c:/program files (x86)/cypress/psoc creator/4.4/psoc creator/import/gnu/arm/5.4.1/bin/../lib/gcc/arm-none-eabi/5.4.1/armv6-m\libgcc.a
LOAD c:/program files (x86)/cypress/psoc creator/4.4/psoc creator/import/gnu/arm/5.4.1/bin/../lib/gcc/arm-none-eabi/5.4.1/../../../../arm-none-eabi/lib/armv6-m\libc_nano.a
END GROUP
LOAD c:/program files (x86)/cypress/psoc creator/4.4/psoc creator/import/gnu/arm/5.4.1/bin/../lib/gcc/arm-none-eabi/5.4.1/armv6-m/crtend.o
LOAD c:/program files (x86)/cypress/psoc creator/4.4/psoc creator/import/gnu/arm/5.4.1/bin/../lib/gcc/arm-none-eabi/5.4.1/armv6-m/crtn.o
START GROUP
LOAD c:/program files (x86)/cypress/psoc creator/4.4/psoc creator/import/gnu/arm/5.4.1/bin/../lib/gcc/arm-none-eabi/5.4.1/armv6-m\libgcc.a
LOAD c:/program files (x86)/cypress/psoc creator/4.4/psoc creator/import/gnu/arm/5.4.1/bin/../lib/gcc/arm-none-eabi/5.4.1/../../../../arm-none-eabi/lib/armv6-m\libc.a
LOAD c:/program files (x86)/cypress/psoc creator/4.4/psoc creator/import/gnu/arm/5.4.1/bin/../lib/gcc/arm-none-eabi/5.4.1/../../../../arm-none-eabi/lib/armv6-m\libnosys.a
END GROUP
                0x00000000                CY_APPL_ORIGIN = 0x0
                0x00000080                CY_FLASH_ROW_SIZE = 0x80
                0x00000001                CY_APPL_NUM = 0x1
                0x00000001                CY_APPL_MAX = 0x1
                0x00000040                CY_METADATA_SIZE = 0x40
                0x00000000                CY_APPL_LOADABLE = 0x0
                0x00000000                CY_CHECKSUM_EXCLUDE_SIZE = ALIGN (0x0, CY_FLASH_ROW_SIZE)
                0x00000000                CY_APP_FOR_STACK_AND_COPIER = 0x0
                [!provide]                PROVIDE (__cy_heap_start, _end)
                0x00000001                PROVIDE (__cy_region_num, ((__cy_regions_end - __cy_regions) / 0x10))
                0x20004000                PROVIDE (__cy_stack, (ORIGIN (ram) + LENGTH (ram)))
                [!provide]                PROVIDE (__cy_heap_end, (__cy_stack - 0x800))

.cybootloader   0x00000000        0x0
 *(.cybootloader)
                0x00000000                appl1_start = CY_APPL_ORIGIN?CY_APPL_ORIGIN:ALIGN (CY_FLASH_ROW_SIZE)
                0x0000ff80                appl2_start = (appl1_start + ALIGN ((((LENGTH (rom) - appl1_start) - (0x2 * CY_FLASH_ROW_SIZE)) / 0x2), CY_FLASH_ROW_SIZE))
                0x00000000                appl_start = (CY_APPL_NUM == 0x1)?appl1_start:appl2_start
                0x00000001                cy_project_type_bootloader = (appl_start == 0x0)?0x1:0x0
                0x00000000                cy_project_type_app_for_stack_and_copier = (CY_APP_FOR_STACK_AND_COPIER == 0x1)?0x1:0x0

.text           0x00000000     0x25f2
 CREATE_OBJECT_SYMBOLS
                0x00000000                PROVIDE (__cy_interrupt_vector, RomVectors)
 *(.romvectors)
 .romvectors    0x00000000       0x10 .\CortexM0\ARM_GCC_541\Debug\Cm0Start.o
                0x00000000                RomVectors
                0x00000001                ASSERT ((. != __cy_interrupt_vector), No interrupt vector)
                0x00000001                ASSERT (CY_APPL_ORIGIN?(SIZEOF (.cybootloader) <= CY_APPL_ORIGIN):0x1, Wrong image location)
                0x00000010                PROVIDE (__cy_reset, Reset)
 *(.text.Reset)
 .text.Reset    0x00000010        0x8 .\CortexM0\ARM_GCC_541\Debug\Cm0Start.o
                0x00000010                Reset
                0x00000001                ASSERT ((. != __cy_reset), No reset code)
 *(.psocinit)
 .psocinit      0x00000018      0x320 .\CortexM0\ARM_GCC_541\Debug\cyfitter_cfg.o
                0x00000158                cyfitter_cfg
                0x00000338                . = MAX (., 0x100)
 *(.text .text.* .gnu.linkonce.t.*)
 .text          0x00000338       0x60 c:/program files (x86)/cypress/psoc creator/4.4/psoc creator/import/gnu/arm/5.4.1/bin/../lib/gcc/arm-none-eabi/5.4.1/armv6-m/crtbegin.o
 .text.crc8     0x00000398       0x34 .\CortexM0\ARM_GCC_541\Debug\library.o
 .text.writeCommand
                0x000003cc       0xc4 .\CortexM0\ARM_GCC_541\Debug\library.o
 .text.SHT31_Init
                0x00000490       0x3c .\CortexM0\ARM_GCC_541\Debug\library.o
                0x00000490                SHT31_Init
 .text.SHT31_ReadStatus
                0x000004cc       0xb8 .\CortexM0\ARM_GCC_541\Debug\library.o
                0x000004cc                SHT31_ReadStatus
 .text.SHT31_IsHeaterEnabled
                0x00000584       0x20 .\CortexM0\ARM_GCC_541\Debug\library.o
                0x00000584                SHT31_IsHeaterEnabled
 .text.SHT31_ReadTempHum
                0x000005a4      0x13c .\CortexM0\ARM_GCC_541\Debug\library.o
                0x000005a4                SHT31_ReadTempHum
 .text.SHT31_ReadTemperature
                0x000006e0       0x20 .\CortexM0\ARM_GCC_541\Debug\library.o
                0x000006e0                SHT31_ReadTemperature
 .text.SHT31_ReadHumidity
                0x00000700       0x20 .\CortexM0\ARM_GCC_541\Debug\library.o
                0x00000700                SHT31_ReadHumidity
 .text.main     0x00000720      0x128 .\CortexM0\ARM_GCC_541\Debug\main.o
                0x00000720                main
 .text.cfg_write_bytes32
                0x00000848       0x34 .\CortexM0\ARM_GCC_541\Debug\cyfitter_cfg.o
 .text.CYMEMZERO
                0x0000087c        0xc .\CortexM0\ARM_GCC_541\Debug\cyfitter_cfg.o
 .text.SetAnalogRoutingPumps
                0x00000888       0x20 .\CortexM0\ARM_GCC_541\Debug\cyfitter_cfg.o
                0x00000888                SetAnalogRoutingPumps
 .text.AnalogSetDefault
                0x000008a8       0x7c .\CortexM0\ARM_GCC_541\Debug\cyfitter_cfg.o
 .text.IntDefaultHandler
                0x00000924       0x10 .\CortexM0\ARM_GCC_541\Debug\Cm0Start.o
                0x00000924                IntDefaultHandler
 .text._sbrk    0x00000934       0x30 .\CortexM0\ARM_GCC_541\Debug\Cm0Start.o
                0x00000934                _sbrk
 .text.Start_c  0x00000964       0x48 .\CortexM0\ARM_GCC_541\Debug\Cm0Start.o
                0x00000964                Start_c
 .text.initialize_psoc
                0x000009ac       0x4c .\CortexM0\ARM_GCC_541\Debug\Cm0Start.o
                0x000009ac                initialize_psoc
 .text.UART_ScbModePostEnable
                0x000009f8        0x8 .\CortexM0\ARM_GCC_541\Debug\Humidity PSoC.a(UART.o)
 .text.UART_Init
                0x00000a00        0x8 .\CortexM0\ARM_GCC_541\Debug\Humidity PSoC.a(UART.o)
                0x00000a00                UART_Init
 .text.UART_Enable
                0x00000a08       0x18 .\CortexM0\ARM_GCC_541\Debug\Humidity PSoC.a(UART.o)
                0x00000a08                UART_Enable
 .text.UART_Start
                0x00000a20       0x20 .\CortexM0\ARM_GCC_541\Debug\Humidity PSoC.a(UART.o)
                0x00000a20                UART_Start
 .text.UART_UartInit
                0x00000a40       0xa8 .\CortexM0\ARM_GCC_541\Debug\Humidity PSoC.a(UART_UART.o)
                0x00000a40                UART_UartInit
 .text.UART_UartPostEnable
                0x00000ae8       0x24 .\CortexM0\ARM_GCC_541\Debug\Humidity PSoC.a(UART_UART.o)
                0x00000ae8                UART_UartPostEnable
 .text.UART_UartPutString
                0x00000b0c       0x18 .\CortexM0\ARM_GCC_541\Debug\Humidity PSoC.a(UART_UART.o)
                0x00000b0c                UART_UartPutString
 .text.I2C_ScbEnableIntr
                0x00000b24        0xc .\CortexM0\ARM_GCC_541\Debug\Humidity PSoC.a(I2C.o)
 .text.I2C_Init
                0x00000b30        0x8 .\CortexM0\ARM_GCC_541\Debug\Humidity PSoC.a(I2C.o)
                0x00000b30                I2C_Init
 .text.I2C_Enable
                0x00000b38       0x18 .\CortexM0\ARM_GCC_541\Debug\Humidity PSoC.a(I2C.o)
                0x00000b38                I2C_Enable
 .text.I2C_Start
                0x00000b50       0x20 .\CortexM0\ARM_GCC_541\Debug\Humidity PSoC.a(I2C.o)
                0x00000b50                I2C_Start
 .text.I2C_I2CInit
                0x00000b70       0xb8 .\CortexM0\ARM_GCC_541\Debug\Humidity PSoC.a(I2C_I2C.o)
                0x00000b70                I2C_I2CInit
 .text.I2C_I2CFwBlockReset
                0x00000c28       0x5c .\CortexM0\ARM_GCC_541\Debug\Humidity PSoC.a(I2C_I2C.o)
                0x00000c28                I2C_I2CFwBlockReset
 .text.I2C_I2CMasterWaitOneUnit
                0x00000c84       0x28 .\CortexM0\ARM_GCC_541\Debug\Humidity PSoC.a(I2C_I2C_MASTER.o)
 .text.I2C_I2CMasterHandleStatus
                0x00000cac       0xc4 .\CortexM0\ARM_GCC_541\Debug\Humidity PSoC.a(I2C_I2C_MASTER.o)
 .text.I2C_I2CMasterSendStart
                0x00000d70       0xc4 .\CortexM0\ARM_GCC_541\Debug\Humidity PSoC.a(I2C_I2C_MASTER.o)
                0x00000d70                I2C_I2CMasterSendStart
 .text.I2C_I2CMasterSendStop
                0x00000e34       0x58 .\CortexM0\ARM_GCC_541\Debug\Humidity PSoC.a(I2C_I2C_MASTER.o)
                0x00000e34                I2C_I2CMasterSendStop
 .text.I2C_I2CMasterWriteByte
                0x00000e8c       0x48 .\CortexM0\ARM_GCC_541\Debug\Humidity PSoC.a(I2C_I2C_MASTER.o)
                0x00000e8c                I2C_I2CMasterWriteByte
 .text.I2C_I2CMasterReadByte
                0x00000ed4       0x7c .\CortexM0\ARM_GCC_541\Debug\Humidity PSoC.a(I2C_I2C_MASTER.o)
                0x00000ed4                I2C_I2CMasterReadByte
 .text.I2C_I2CMasterClearStatus
                0x00000f50       0x20 .\CortexM0\ARM_GCC_541\Debug\Humidity PSoC.a(I2C_I2C_MASTER.o)
                0x00000f50                I2C_I2CMasterClearStatus
 .text.CySysClkImoDisableWcoLock
                0x00000f70       0x54 .\CortexM0\ARM_GCC_541\Debug\Humidity PSoC.a(CyLib.o)
                0x00000f70                CySysClkImoDisableWcoLock
 .text.CySysClkImoGetWcoLock
                0x00000fc4       0x14 .\CortexM0\ARM_GCC_541\Debug\Humidity PSoC.a(CyLib.o)
                0x00000fc4                CySysClkImoGetWcoLock
 .text.CyIntEnable
                0x00000fd8       0x14 .\CortexM0\ARM_GCC_541\Debug\Humidity PSoC.a(CyLib.o)
                0x00000fd8                CyIntEnable
 .text.CyIntDisable
                0x00000fec       0x14 .\CortexM0\ARM_GCC_541\Debug\Humidity PSoC.a(CyLib.o)
                0x00000fec                CyIntDisable
 .text.CyHalt   0x00001000        0x4 .\CortexM0\ARM_GCC_541\Debug\Humidity PSoC.a(CyLib.o)
                0x00001000                CyHalt
 .text.CyIntSetVector
                0x00001004       0x24 .\CortexM0\ARM_GCC_541\Debug\Humidity PSoC.a(CyLib.o)
                0x00001004                CyIntSetVector
 .text.CyIntSetPriority
                0x00001028       0x4c .\CortexM0\ARM_GCC_541\Debug\Humidity PSoC.a(CyLib.o)
                0x00001028                CyIntSetPriority
 .text.CyDelay  0x00001074       0x30 .\CortexM0\ARM_GCC_541\Debug\Humidity PSoC.a(CyLib.o)
                0x00001074                CyDelay
 .text.CySysClkImoEnableWcoLock
                0x000010a4       0xf4 .\CortexM0\ARM_GCC_541\Debug\Humidity PSoC.a(CyLib.o)
                0x000010a4                CySysClkImoEnableWcoLock
 .text.CySysClkWriteImoFreq
                0x00001198       0x80 .\CortexM0\ARM_GCC_541\Debug\Humidity PSoC.a(CyLib.o)
                0x00001198                CySysClkWriteImoFreq
 .text.CyDelayUs
                0x00001218       0x14 .\CortexM0\ARM_GCC_541\Debug\Humidity PSoC.a(CyLib.o)
                0x00001218                CyDelayUs
 .text.CySysWdtLocked
                0x0000122c       0x14 .\CortexM0\ARM_GCC_541\Debug\Humidity PSoC.a(CyLFClk.o)
 .text.CySysClkWcoEnabled
                0x00001240       0x14 .\CortexM0\ARM_GCC_541\Debug\Humidity PSoC.a(CyLFClk.o)
                0x00001240                CySysClkWcoEnabled
 .text.CySysWdtLock
                0x00001254       0x1c .\CortexM0\ARM_GCC_541\Debug\Humidity PSoC.a(CyLFClk.o)
                0x00001254                CySysWdtLock
 .text.CySysWdtUnlock
                0x00001270       0x30 .\CortexM0\ARM_GCC_541\Debug\Humidity PSoC.a(CyLFClk.o)
                0x00001270                CySysWdtUnlock
 .text.CySysWdtClearInterrupt
                0x000012a0       0x4c .\CortexM0\ARM_GCC_541\Debug\Humidity PSoC.a(CyLFClk.o)
                0x000012a0                CySysWdtClearInterrupt
 .text.CySysWdtIsr
                0x000012ec       0xa4 .\CortexM0\ARM_GCC_541\Debug\Humidity PSoC.a(CyLFClk.o)
                0x000012ec                CySysWdtIsr
 .text          0x00001390       0x20 .\CortexM0\ARM_GCC_541\Debug\Humidity PSoC.a(CyBootAsmGnu.o)
                0x00001390                CyDelayCycles
                0x000013a2                CyEnterCriticalSection
                0x000013aa                CyExitCriticalSection
 .text.UART_SpiUartWriteTxData
                0x000013b0       0x1c .\CortexM0\ARM_GCC_541\Debug\Humidity PSoC.a(UART_SPI_UART.o)
                0x000013b0                UART_SpiUartWriteTxData
 .text.I2C_I2C_ISR
                0x000013cc      0x340 .\CortexM0\ARM_GCC_541\Debug\Humidity PSoC.a(I2C_I2C_INT.o)
                0x000013cc                I2C_I2C_ISR
 .text.CySysFlashSetWaitCycles
                0x0000170c       0x54 .\CortexM0\ARM_GCC_541\Debug\Humidity PSoC.a(CyFlash.o)
                0x0000170c                CySysFlashSetWaitCycles
 .text          0x00001760      0x114 c:/program files (x86)/cypress/psoc creator/4.4/psoc creator/import/gnu/arm/5.4.1/bin/../lib/gcc/arm-none-eabi/5.4.1/armv6-m\libgcc.a(_udivsi3.o)
                0x00001760                __aeabi_uidiv
                0x00001760                __udivsi3
                0x0000186c                __aeabi_uidivmod
 .text          0x00001874        0x4 c:/program files (x86)/cypress/psoc creator/4.4/psoc creator/import/gnu/arm/5.4.1/bin/../lib/gcc/arm-none-eabi/5.4.1/armv6-m\libgcc.a(_dvmd_tls.o)
                0x00001874                __aeabi_idiv0
                0x00001874                __aeabi_ldiv0
 .text          0x00001878      0x234 c:/program files (x86)/cypress/psoc creator/4.4/psoc creator/import/gnu/arm/5.4.1/bin/../lib/gcc/arm-none-eabi/5.4.1/armv6-m\libgcc.a(divsf3.o)
                0x00001878                __aeabi_fdiv
 .text          0x00001aac       0x30 c:/program files (x86)/cypress/psoc creator/4.4/psoc creator/import/gnu/arm/5.4.1/bin/../lib/gcc/arm-none-eabi/5.4.1/armv6-m\libgcc.a(unordsf2.o)
                0x00001aac                __aeabi_fcmpun
 .text          0x00001adc       0x90 c:/program files (x86)/cypress/psoc creator/4.4/psoc creator/import/gnu/arm/5.4.1/bin/../lib/gcc/arm-none-eabi/5.4.1/armv6-m\libgcc.a(floatsisf.o)
                0x00001adc                __aeabi_i2f
 .text          0x00001b6c       0x7c c:/program files (x86)/cypress/psoc creator/4.4/psoc creator/import/gnu/arm/5.4.1/bin/../lib/gcc/arm-none-eabi/5.4.1/armv6-m\libgcc.a(floatunsisf.o)
                0x00001b6c                __aeabi_ui2f
 .text          0x00001be8       0xa8 c:/program files (x86)/cypress/psoc creator/4.4/psoc creator/import/gnu/arm/5.4.1/bin/../lib/gcc/arm-none-eabi/5.4.1/armv6-m\libgcc.a(extendsfdf2.o)
                0x00001be8                __aeabi_f2d
 .text          0x00001c90       0x3c c:/program files (x86)/cypress/psoc creator/4.4/psoc creator/import/gnu/arm/5.4.1/bin/../lib/gcc/arm-none-eabi/5.4.1/armv6-m\libgcc.a(_clzsi2.o)
                0x00001c90                __clzsi2
 .text.__errno  0x00001ccc        0xc c:/program files (x86)/cypress/psoc creator/4.4/psoc creator/import/gnu/arm/5.4.1/bin/../lib/gcc/arm-none-eabi/5.4.1/../../../../arm-none-eabi/lib/armv6-m\libg_nano.a(lib_a-errno.o)
                0x00001ccc                __errno
 .text.__libc_init_array
                0x00001cd8       0x4c c:/program files (x86)/cypress/psoc creator/4.4/psoc creator/import/gnu/arm/5.4.1/bin/../lib/gcc/arm-none-eabi/5.4.1/../../../../arm-none-eabi/lib/armv6-m\libg_nano.a(lib_a-init.o)
                0x00001cd8                __libc_init_array
 .text.memcpy   0x00001d24       0x12 c:/program files (x86)/cypress/psoc creator/4.4/psoc creator/import/gnu/arm/5.4.1/bin/../lib/gcc/arm-none-eabi/5.4.1/../../../../arm-none-eabi/lib/armv6-m\libg_nano.a(lib_a-memcpy-stub.o)
                0x00001d24                memcpy
 .text.memset   0x00001d36       0x10 c:/program files (x86)/cypress/psoc creator/4.4/psoc creator/import/gnu/arm/5.4.1/bin/../lib/gcc/arm-none-eabi/5.4.1/../../../../arm-none-eabi/lib/armv6-m\libg_nano.a(lib_a-memset.o)
                0x00001d36                memset
 *fill*         0x00001d46        0x2 
 .text.snprintf
                0x00001d48       0x64 c:/program files (x86)/cypress/psoc creator/4.4/psoc creator/import/gnu/arm/5.4.1/bin/../lib/gcc/arm-none-eabi/5.4.1/../../../../arm-none-eabi/lib/armv6-m\libg_nano.a(lib_a-snprintf.o)
                0x00001d48                sniprintf
                0x00001d48                snprintf
 .text.sprintf  0x00001dac       0x44 c:/program files (x86)/cypress/psoc creator/4.4/psoc creator/import/gnu/arm/5.4.1/bin/../lib/gcc/arm-none-eabi/5.4.1/../../../../arm-none-eabi/lib/armv6-m\libg_nano.a(lib_a-sprintf.o)
                0x00001dac                siprintf
                0x00001dac                sprintf
 .text.__ssputs_r
                0x00001df0       0xc4 c:/program files (x86)/cypress/psoc creator/4.4/psoc creator/import/gnu/arm/5.4.1/bin/../lib/gcc/arm-none-eabi/5.4.1/../../../../arm-none-eabi/lib/armv6-m\libg_nano.a(lib_a-nano-svfprintf.o)
                0x00001df0                __ssputs_r
 .text._svfprintf_r
                0x00001eb4      0x1fc c:/program files (x86)/cypress/psoc creator/4.4/psoc creator/import/gnu/arm/5.4.1/bin/../lib/gcc/arm-none-eabi/5.4.1/../../../../arm-none-eabi/lib/armv6-m\libg_nano.a(lib_a-nano-svfprintf.o)
                0x00001eb4                _svfiprintf_r
                0x00001eb4                _svfprintf_r
 .text._printf_common
                0x000020b0       0xdc c:/program files (x86)/cypress/psoc creator/4.4/psoc creator/import/gnu/arm/5.4.1/bin/../lib/gcc/arm-none-eabi/5.4.1/../../../../arm-none-eabi/lib/armv6-m\libg_nano.a(lib_a-nano-vfprintf_i.o)
                0x000020b0                _printf_common
 .text._printf_i
                0x0000218c      0x244 c:/program files (x86)/cypress/psoc creator/4.4/psoc creator/import/gnu/arm/5.4.1/bin/../lib/gcc/arm-none-eabi/5.4.1/../../../../arm-none-eabi/lib/armv6-m\libg_nano.a(lib_a-nano-vfprintf_i.o)
                0x0000218c                _printf_i
 .text.memchr   0x000023d0       0x16 c:/program files (x86)/cypress/psoc creator/4.4/psoc creator/import/gnu/arm/5.4.1/bin/../lib/gcc/arm-none-eabi/5.4.1/../../../../arm-none-eabi/lib/armv6-m\libg_nano.a(lib_a-memchr-stub.o)
                0x000023d0                memchr
 .text.memmove  0x000023e6       0x2a c:/program files (x86)/cypress/psoc creator/4.4/psoc creator/import/gnu/arm/5.4.1/bin/../lib/gcc/arm-none-eabi/5.4.1/../../../../arm-none-eabi/lib/armv6-m\libg_nano.a(lib_a-memmove.o)
                0x000023e6                memmove
 .text._free_r  0x00002410       0x98 c:/program files (x86)/cypress/psoc creator/4.4/psoc creator/import/gnu/arm/5.4.1/bin/../lib/gcc/arm-none-eabi/5.4.1/../../../../arm-none-eabi/lib/armv6-m\libg_nano.a(lib_a-nano-freer.o)
                0x00002410                _free_r
 .text._malloc_r
                0x000024a8       0xc0 c:/program files (x86)/cypress/psoc creator/4.4/psoc creator/import/gnu/arm/5.4.1/bin/../lib/gcc/arm-none-eabi/5.4.1/../../../../arm-none-eabi/lib/armv6-m\libg_nano.a(lib_a-nano-mallocr.o)
                0x000024a8                _malloc_r
 .text._realloc_r
                0x00002568       0x4c c:/program files (x86)/cypress/psoc creator/4.4/psoc creator/import/gnu/arm/5.4.1/bin/../lib/gcc/arm-none-eabi/5.4.1/../../../../arm-none-eabi/lib/armv6-m\libg_nano.a(lib_a-nano-reallocr.o)
                0x00002568                _realloc_r
 .text._sbrk_r  0x000025b4       0x24 c:/program files (x86)/cypress/psoc creator/4.4/psoc creator/import/gnu/arm/5.4.1/bin/../lib/gcc/arm-none-eabi/5.4.1/../../../../arm-none-eabi/lib/armv6-m\libg_nano.a(lib_a-sbrkr.o)
                0x000025b4                _sbrk_r
 .text.__malloc_lock
                0x000025d8        0x2 c:/program files (x86)/cypress/psoc creator/4.4/psoc creator/import/gnu/arm/5.4.1/bin/../lib/gcc/arm-none-eabi/5.4.1/../../../../arm-none-eabi/lib/armv6-m\libg_nano.a(lib_a-mlock.o)
                0x000025d8                __malloc_lock
 .text.__malloc_unlock
                0x000025da        0x2 c:/program files (x86)/cypress/psoc creator/4.4/psoc creator/import/gnu/arm/5.4.1/bin/../lib/gcc/arm-none-eabi/5.4.1/../../../../arm-none-eabi/lib/armv6-m\libg_nano.a(lib_a-mlock.o)
                0x000025da                __malloc_unlock
 .text._malloc_usable_size_r
                0x000025dc       0x16 c:/program files (x86)/cypress/psoc creator/4.4/psoc creator/import/gnu/arm/5.4.1/bin/../lib/gcc/arm-none-eabi/5.4.1/../../../../arm-none-eabi/lib/armv6-m\libg_nano.a(lib_a-nano-msizer.o)
                0x000025dc                _malloc_usable_size_r
 *(.plt)
 *(.gnu.warning)
 *(.glue_7t)
 .glue_7t       0x000025f2        0x0 linker stubs
 *(.glue_7)
 .glue_7        0x000025f2        0x0 linker stubs
 *(.vfp11_veneer)
 .vfp11_veneer  0x000025f2        0x0 linker stubs
 *(.bootloader)
 *(.ARM.extab* .gnu.linkonce.armextab.*)
 *(.gcc_except_table)

.v4_bx          0x000025f4        0x0
 .v4_bx         0x000025f4        0x0 linker stubs

.iplt           0x000025f4        0x0
 .iplt          0x000025f4        0x0 c:/program files (x86)/cypress/psoc creator/4.4/psoc creator/import/gnu/arm/5.4.1/bin/../lib/gcc/arm-none-eabi/5.4.1/armv6-m/crtbegin.o

.eh_frame_hdr
 *(.eh_frame_hdr)

.eh_frame       0x000025f4        0x4
 *(.eh_frame)
 .eh_frame      0x000025f4        0x0 c:/program files (x86)/cypress/psoc creator/4.4/psoc creator/import/gnu/arm/5.4.1/bin/../lib/gcc/arm-none-eabi/5.4.1/armv6-m/crtbegin.o
 .eh_frame      0x000025f4        0x4 c:/program files (x86)/cypress/psoc creator/4.4/psoc creator/import/gnu/arm/5.4.1/bin/../lib/gcc/arm-none-eabi/5.4.1/armv6-m/crtend.o
                [!provide]                PROVIDE (__exidx_start, .)

.ARM.exidx
 *(.ARM.exidx* .gnu.linkonce.armexidx.*)
                0x000025f8                __exidx_end = .

.rodata         0x000025f8      0x3e8
 *(.rodata .rodata.* .gnu.linkonce.r.*)
 .rodata.str1.4
                0x000025f8      0x170 .\CortexM0\ARM_GCC_541\Debug\library.o
 .rodata.str1.4
                0x00002768       0xf8 .\CortexM0\ARM_GCC_541\Debug\main.o
                                 0xf6 (size before relaxing)
 .rodata        0x00002860       0x60 .\CortexM0\ARM_GCC_541\Debug\cyfitter_cfg.o
 .rodata        0x000028c0       0x2e .\CortexM0\ARM_GCC_541\Debug\Humidity PSoC.a(CyLib.o)
                0x000028c0                cyImoFreqMhz2Reg
 *fill*         0x000028ee        0x2 
 .rodata        0x000028f0       0x80 c:/program files (x86)/cypress/psoc creator/4.4/psoc creator/import/gnu/arm/5.4.1/bin/../lib/gcc/arm-none-eabi/5.4.1/armv6-m\libgcc.a(divsf3.o)
 .rodata.str1.1
                0x00002970        0x2 c:/program files (x86)/cypress/psoc creator/4.4/psoc creator/import/gnu/arm/5.4.1/bin/../lib/gcc/arm-none-eabi/5.4.1/../../../../arm-none-eabi/lib/armv6-m\libg_nano.a(lib_a-impure.o)
 .rodata.str1.1
                0x00002972       0x11 c:/program files (x86)/cypress/psoc creator/4.4/psoc creator/import/gnu/arm/5.4.1/bin/../lib/gcc/arm-none-eabi/5.4.1/../../../../arm-none-eabi/lib/armv6-m\libg_nano.a(lib_a-nano-svfprintf.o)
 .rodata.str1.1
                0x00002983       0x22 c:/program files (x86)/cypress/psoc creator/4.4/psoc creator/import/gnu/arm/5.4.1/bin/../lib/gcc/arm-none-eabi/5.4.1/../../../../arm-none-eabi/lib/armv6-m\libg_nano.a(lib_a-nano-vfprintf_i.o)
                0x000029a8                . = ALIGN (0x4)
 *fill*         0x000029a5        0x3 
 *(.init)
 .init          0x000029a8        0x4 c:/program files (x86)/cypress/psoc creator/4.4/psoc creator/import/gnu/arm/5.4.1/bin/../lib/gcc/arm-none-eabi/5.4.1/armv6-m/crti.o
                0x000029a8                _init
 .init          0x000029ac        0x8 c:/program files (x86)/cypress/psoc creator/4.4/psoc creator/import/gnu/arm/5.4.1/bin/../lib/gcc/arm-none-eabi/5.4.1/armv6-m/crtn.o
                0x000029b4                . = ALIGN (0x4)
                0x000029b4                __preinit_array_start = .
 *(.preinit_array)
                0x000029b4                __preinit_array_end = .
                0x000029b4                . = ALIGN (0x4)
                0x000029b4                __init_array_start = .
 *(SORT(.init_array.*))
 *(.init_array)
 .init_array    0x000029b4        0x4 c:/program files (x86)/cypress/psoc creator/4.4/psoc creator/import/gnu/arm/5.4.1/bin/../lib/gcc/arm-none-eabi/5.4.1/armv6-m/crtbegin.o
 .init_array    0x000029b8        0x4 .\CortexM0\ARM_GCC_541\Debug\Cm0Start.o
                0x000029bc                __init_array_end = .
                0x000029bc                . = ALIGN (0x4)
 *(.fini)
 .fini          0x000029bc        0x4 c:/program files (x86)/cypress/psoc creator/4.4/psoc creator/import/gnu/arm/5.4.1/bin/../lib/gcc/arm-none-eabi/5.4.1/armv6-m/crti.o
                0x000029bc                _fini
 .fini          0x000029c0        0x8 c:/program files (x86)/cypress/psoc creator/4.4/psoc creator/import/gnu/arm/5.4.1/bin/../lib/gcc/arm-none-eabi/5.4.1/armv6-m/crtn.o
                0x000029c8                . = ALIGN (0x4)
                0x000029c8                __fini_array_start = .
 *(.fini_array)
 .fini_array    0x000029c8        0x4 c:/program files (x86)/cypress/psoc creator/4.4/psoc creator/import/gnu/arm/5.4.1/bin/../lib/gcc/arm-none-eabi/5.4.1/armv6-m/crtbegin.o
 *(SORT(.fini_array.*))
                0x000029cc                __fini_array_end = .
                0x000029cc                . = ALIGN (0x4)
 *crtbegin.o(.ctors)
 *(EXCLUDE_FILE(*crtend.o) .ctors)
 *(SORT(.ctors.*))
 *crtend.o(.ctors)
                0x000029cc                . = ALIGN (0x4)
 *crtbegin.o(.dtors)
 *(EXCLUDE_FILE(*crtend.o) .dtors)
 *(SORT(.dtors.*))
 *crtend.o(.dtors)
                0x000029cc                . = ALIGN (0x4)
                0x000029cc                __cy_regions = .
                0x000029cc        0x4 LONG 0x29e0 __cy_region_init_ram
                0x000029d0        0x4 LONG 0x200000c0 __cy_region_start_data
                0x000029d4        0x4 LONG 0x88 __cy_region_init_size_ram
                0x000029d8        0x4 LONG 0x88 __cy_region_zero_size_ram
                0x000029dc                __cy_regions_end = .
                0x000029e0                . = ALIGN (0x8)
 *fill*         0x000029dc        0x4 
                0x000029e0                _etext = .

.cy_checksum_exclude
                0x000029e0        0x0
 *(.cy_checksum_exclude)

.ramvectors     0x20000000       0xc0
                0x20000000                __cy_region_start_ram = .
 *(.ramvectors)
 .ramvectors    0x20000000       0xc0 .\CortexM0\ARM_GCC_541\Debug\Cm0Start.o
                0x20000000                CyRamVectors

.noinit
 *(.noinit)

.data           0x200000c0       0x88 load address 0x000029e0
                0x200000c0                __cy_region_start_data = .
 *(.jcr)
 .jcr           0x200000c0        0x0 c:/program files (x86)/cypress/psoc creator/4.4/psoc creator/import/gnu/arm/5.4.1/bin/../lib/gcc/arm-none-eabi/5.4.1/armv6-m/crtbegin.o
 .jcr           0x200000c0        0x4 c:/program files (x86)/cypress/psoc creator/4.4/psoc creator/import/gnu/arm/5.4.1/bin/../lib/gcc/arm-none-eabi/5.4.1/armv6-m/crtend.o
 *(.got.plt)
 *(.got)
 *(.shdata)
 *(.data .data.* .gnu.linkonce.d.*)
 .data          0x200000c4        0x4 .\CortexM0\ARM_GCC_541\Debug\Cm0Start.o
 .data          0x200000c8       0x14 .\CortexM0\ARM_GCC_541\Debug\Humidity PSoC.a(CyLib.o)
                0x200000c8                CySysClkPumpConfig
                0x200000cc                cydelay32kMs
                0x200000d0                cydelayFreqKhz
                0x200000d4                cydelayFreqMhz
                0x200000d8                cydelayFreqHz
 .data          0x200000dc        0x8 .\CortexM0\ARM_GCC_541\Debug\Humidity PSoC.a(CyLFClk.o)
 .data.impure_data
                0x200000e4       0x60 c:/program files (x86)/cypress/psoc creator/4.4/psoc creator/import/gnu/arm/5.4.1/bin/../lib/gcc/arm-none-eabi/5.4.1/../../../../arm-none-eabi/lib/armv6-m\libg_nano.a(lib_a-impure.o)
 .data._impure_ptr
                0x20000144        0x4 c:/program files (x86)/cypress/psoc creator/4.4/psoc creator/import/gnu/arm/5.4.1/bin/../lib/gcc/arm-none-eabi/5.4.1/../../../../arm-none-eabi/lib/armv6-m\libg_nano.a(lib_a-impure.o)
                0x20000144                _impure_ptr
                0x20000148                . = ALIGN (0x8)
 *(.ram)
                0x20000148                _edata = .

.igot.plt       0x20000148        0x0 load address 0x00002a68
 .igot.plt      0x20000148        0x0 c:/program files (x86)/cypress/psoc creator/4.4/psoc creator/import/gnu/arm/5.4.1/bin/../lib/gcc/arm-none-eabi/5.4.1/armv6-m/crtbegin.o

.bss            0x20000148       0x88 load address 0x00002a68
                0x20000148                PROVIDE (__bss_start__, .)
 *(.shbss)
 *(.bss .bss.* .gnu.linkonce.b.*)
 .bss           0x20000148       0x1c c:/program files (x86)/cypress/psoc creator/4.4/psoc creator/import/gnu/arm/5.4.1/bin/../lib/gcc/arm-none-eabi/5.4.1/armv6-m/crtbegin.o
 .bss           0x20000164        0x4 .\CortexM0\ARM_GCC_541\Debug\Humidity PSoC.a(UART.o)
                0x20000164                UART_initVar
                0x20000166                UART_IntrTxMask
 .bss           0x20000168        0x8 .\CortexM0\ARM_GCC_541\Debug\Humidity PSoC.a(I2C.o)
                0x20000168                I2C_initVar
                0x2000016c                I2C_customIntrHandler
 .bss           0x20000170       0x28 .\CortexM0\ARM_GCC_541\Debug\Humidity PSoC.a(CyLFClk.o)
 .bss.__malloc_sbrk_start
                0x20000198        0x4 c:/program files (x86)/cypress/psoc creator/4.4/psoc creator/import/gnu/arm/5.4.1/bin/../lib/gcc/arm-none-eabi/5.4.1/../../../../arm-none-eabi/lib/armv6-m\libg_nano.a(lib_a-nano-mallocr.o)
                0x20000198                __malloc_sbrk_start
 .bss.__malloc_free_list
                0x2000019c        0x4 c:/program files (x86)/cypress/psoc creator/4.4/psoc creator/import/gnu/arm/5.4.1/bin/../lib/gcc/arm-none-eabi/5.4.1/../../../../arm-none-eabi/lib/armv6-m\libg_nano.a(lib_a-nano-mallocr.o)
                0x2000019c                __malloc_free_list
 *(COMMON)
 COMMON         0x200001a0        0x1 .\CortexM0\ARM_GCC_541\Debug\Humidity PSoC.a(I2C_I2C.o)
                0x200001a0                I2C_state
 *fill*         0x200001a1        0x3 
 COMMON         0x200001a4       0x24 .\CortexM0\ARM_GCC_541\Debug\Humidity PSoC.a(I2C_I2C_MASTER.o)
                0x200001a4                I2C_mstrWrBufIndexTmp
                0x200001a8                I2C_mstrWrBufIndex
                0x200001ac                I2C_mstrWrBufSize
                0x200001b0                I2C_mstrStatus
                0x200001b4                I2C_mstrRdBufPtr
                0x200001b8                I2C_mstrControl
                0x200001bc                I2C_mstrRdBufSize
                0x200001c0                I2C_mstrRdBufIndex
                0x200001c4                I2C_mstrWrBufPtr
 COMMON         0x200001c8        0x4 c:/program files (x86)/cypress/psoc creator/4.4/psoc creator/import/gnu/arm/5.4.1/bin/../lib/gcc/arm-none-eabi/5.4.1/../../../../arm-none-eabi/lib/armv6-m\libg_nano.a(lib_a-reent.o)
                0x200001c8                errno
                0x200001d0                . = ALIGN (0x8)
 *fill*         0x200001cc        0x4 
 *(.ram.b)
                0x200001d0                _end = .
                0x200001d0                __end = .
                0x200001d0                PROVIDE (end, .)
                0x200001d0                PROVIDE (__bss_end__, .)
                0x000029e0                __cy_region_init_ram = LOADADDR (.data)
                0x00000088                __cy_region_init_size_ram = (_edata - ADDR (.data))
                0x00000088                __cy_region_zero_size_ram = (_end - _edata)

.heap           0x200001d0       0x80 load address 0x00002a68
                0x200001d0                . = _end
                0x20000250                . = (. + 0x80)
 *fill*         0x200001d0       0x80 
                0x20000250                __cy_heap_limit = .

.stack          0x20003800      0x800
                0x20003800                __cy_stack_limit = .
                0x20004000                . = (. + 0x800)
 *fill*         0x20003800      0x800 
                0x00000001                ASSERT ((__cy_stack_limit >= __cy_heap_limit), region RAM overflowed with stack)
                0x00000000                cy_checksum_exclude_size = (CY_APPL_LOADABLE == 0x1)?SIZEOF (.cy_checksum_exclude):0x0
                0x00000001                ASSERT ((cy_checksum_exclude_size <= CY_CHECKSUM_EXCLUDE_SIZE), CY_BOOT: Section .cy_checksum_exclude size exceedes specified limit.)
                0x0001ffc0                cyloadermeta_start = (cy_project_type_bootloader || cy_project_type_app_for_stack_and_copier)?(LENGTH (rom) - CY_METADATA_SIZE):0xf0000000

.cyloadermeta
 *(.cyloadermeta)
                0x0001ffc0                cyloadablemeta_start = cy_project_type_app_for_stack_and_copier?((LENGTH (rom) - CY_FLASH_ROW_SIZE) - CY_METADATA_SIZE):((LENGTH (rom) - (CY_FLASH_ROW_SIZE * (CY_APPL_NUM - 0x1))) - CY_METADATA_SIZE)

.cyloadablemeta
 *(.cyloadablemeta)

.cyflashprotect
                0x90400000       0x80
 *(.cyflashprotect)
 .cyflashprotect
                0x90400000       0x80 .\CortexM0\ARM_GCC_541\Debug\cymetadata.o
                0x90400000                cy_meta_flashprotect

.cymeta         0x90500000        0xc
 *(.cymeta)
 .cymeta        0x90500000        0xc .\CortexM0\ARM_GCC_541\Debug\cymetadata.o
                0x90500000                cy_metadata

.cychipprotect  0x90600000        0x1
 *(.cychipprotect)
 .cychipprotect
                0x90600000        0x1 .\CortexM0\ARM_GCC_541\Debug\cymetadata.o
                0x90600000                cy_meta_chipprotect

.rel.dyn        0x00002a68        0x0 load address 0x90600004
 .rel.iplt      0x00002a68        0x0 c:/program files (x86)/cypress/psoc creator/4.4/psoc creator/import/gnu/arm/5.4.1/bin/../lib/gcc/arm-none-eabi/5.4.1/armv6-m/crtbegin.o

.stab
 *(.stab)

.stabstr
 *(.stabstr)

.debug
 *(.debug)

.line
 *(.line)

.debug_srcinfo
 *(.debug_srcinfo)

.debug_sfnames
 *(.debug_sfnames)

.debug_aranges  0x00000000      0x770
 *(.debug_aranges)
 .debug_aranges
                0x00000000       0x68 .\CortexM0\ARM_GCC_541\Debug\library.o
 .debug_aranges
                0x00000068       0x20 .\CortexM0\ARM_GCC_541\Debug\main.o
 .debug_aranges
                0x00000088       0x48 .\CortexM0\ARM_GCC_541\Debug\cyfitter_cfg.o
 .debug_aranges
                0x000000d0       0x18 .\CortexM0\ARM_GCC_541\Debug\cymetadata.o
 .debug_aranges
                0x000000e8       0x48 .\CortexM0\ARM_GCC_541\Debug\Cm0Start.o
 .debug_aranges
                0x00000130       0x58 .\CortexM0\ARM_GCC_541\Debug\Humidity PSoC.a(UART.o)
 .debug_aranges
                0x00000188       0x90 .\CortexM0\ARM_GCC_541\Debug\Humidity PSoC.a(UART_UART.o)
 .debug_aranges
                0x00000218       0x60 .\CortexM0\ARM_GCC_541\Debug\Humidity PSoC.a(I2C.o)
 .debug_aranges
                0x00000278       0x30 .\CortexM0\ARM_GCC_541\Debug\Humidity PSoC.a(I2C_I2C.o)
 .debug_aranges
                0x000002a8       0x98 .\CortexM0\ARM_GCC_541\Debug\Humidity PSoC.a(I2C_I2C_MASTER.o)
 .debug_aranges
                0x00000340      0x1c8 .\CortexM0\ARM_GCC_541\Debug\Humidity PSoC.a(CyLib.o)
 .debug_aranges
                0x00000508      0x188 .\CortexM0\ARM_GCC_541\Debug\Humidity PSoC.a(CyLFClk.o)
 .debug_aranges
                0x00000690       0x20 .\CortexM0\ARM_GCC_541\Debug\Humidity PSoC.a(CyBootAsmGnu.o)
 .debug_aranges
                0x000006b0       0x60 .\CortexM0\ARM_GCC_541\Debug\Humidity PSoC.a(UART_SPI_UART.o)
 .debug_aranges
                0x00000710       0x20 .\CortexM0\ARM_GCC_541\Debug\Humidity PSoC.a(I2C_I2C_INT.o)
 .debug_aranges
                0x00000730       0x40 .\CortexM0\ARM_GCC_541\Debug\Humidity PSoC.a(CyFlash.o)

.debug_pubnames
 *(.debug_pubnames)

.debug_info     0x00000000     0x4f2a
 *(.debug_info .gnu.linkonce.wi.*)
 .debug_info    0x00000000      0xaec .\CortexM0\ARM_GCC_541\Debug\library.o
 .debug_info    0x00000aec      0x3fb .\CortexM0\ARM_GCC_541\Debug\main.o
 .debug_info    0x00000ee7      0x405 .\CortexM0\ARM_GCC_541\Debug\cyfitter_cfg.o
 .debug_info    0x000012ec       0xf8 .\CortexM0\ARM_GCC_541\Debug\cymetadata.o
 .debug_info    0x000013e4      0x3a2 .\CortexM0\ARM_GCC_541\Debug\Cm0Start.o
 .debug_info    0x00001786      0x23a .\CortexM0\ARM_GCC_541\Debug\Humidity PSoC.a(UART.o)
 .debug_info    0x000019c0      0x3b5 .\CortexM0\ARM_GCC_541\Debug\Humidity PSoC.a(UART_UART.o)
 .debug_info    0x00001d75      0x298 .\CortexM0\ARM_GCC_541\Debug\Humidity PSoC.a(I2C.o)
 .debug_info    0x0000200d      0x195 .\CortexM0\ARM_GCC_541\Debug\Humidity PSoC.a(I2C_I2C.o)
 .debug_info    0x000021a2      0x813 .\CortexM0\ARM_GCC_541\Debug\Humidity PSoC.a(I2C_I2C_MASTER.o)
 .debug_info    0x000029b5      0xd40 .\CortexM0\ARM_GCC_541\Debug\Humidity PSoC.a(CyLib.o)
 .debug_info    0x000036f5     0x1058 .\CortexM0\ARM_GCC_541\Debug\Humidity PSoC.a(CyLFClk.o)
 .debug_info    0x0000474d       0xc5 .\CortexM0\ARM_GCC_541\Debug\Humidity PSoC.a(CyBootAsmGnu.o)
 .debug_info    0x00004812      0x220 .\CortexM0\ARM_GCC_541\Debug\Humidity PSoC.a(UART_SPI_UART.o)
 .debug_info    0x00004a32      0x1a8 .\CortexM0\ARM_GCC_541\Debug\Humidity PSoC.a(I2C_I2C_INT.o)
 .debug_info    0x00004bda      0x350 .\CortexM0\ARM_GCC_541\Debug\Humidity PSoC.a(CyFlash.o)

.debug_abbrev   0x00000000     0x1459
 *(.debug_abbrev)
 .debug_abbrev  0x00000000      0x1e2 .\CortexM0\ARM_GCC_541\Debug\library.o
 .debug_abbrev  0x000001e2       0xf0 .\CortexM0\ARM_GCC_541\Debug\main.o
 .debug_abbrev  0x000002d2      0x1cf .\CortexM0\ARM_GCC_541\Debug\cyfitter_cfg.o
 .debug_abbrev  0x000004a1       0x5d .\CortexM0\ARM_GCC_541\Debug\cymetadata.o
 .debug_abbrev  0x000004fe      0x1d7 .\CortexM0\ARM_GCC_541\Debug\Cm0Start.o
 .debug_abbrev  0x000006d5       0xd5 .\CortexM0\ARM_GCC_541\Debug\Humidity PSoC.a(UART.o)
 .debug_abbrev  0x000007aa      0x132 .\CortexM0\ARM_GCC_541\Debug\Humidity PSoC.a(UART_UART.o)
 .debug_abbrev  0x000008dc      0x118 .\CortexM0\ARM_GCC_541\Debug\Humidity PSoC.a(I2C.o)
 .debug_abbrev  0x000009f4       0xc7 .\CortexM0\ARM_GCC_541\Debug\Humidity PSoC.a(I2C_I2C.o)
 .debug_abbrev  0x00000abb      0x1c2 .\CortexM0\ARM_GCC_541\Debug\Humidity PSoC.a(I2C_I2C_MASTER.o)
 .debug_abbrev  0x00000c7d      0x20b .\CortexM0\ARM_GCC_541\Debug\Humidity PSoC.a(CyLib.o)
 .debug_abbrev  0x00000e88      0x248 .\CortexM0\ARM_GCC_541\Debug\Humidity PSoC.a(CyLFClk.o)
 .debug_abbrev  0x000010d0       0x14 .\CortexM0\ARM_GCC_541\Debug\Humidity PSoC.a(CyBootAsmGnu.o)
 .debug_abbrev  0x000010e4      0x14f .\CortexM0\ARM_GCC_541\Debug\Humidity PSoC.a(UART_SPI_UART.o)
 .debug_abbrev  0x00001233       0xa4 .\CortexM0\ARM_GCC_541\Debug\Humidity PSoC.a(I2C_I2C_INT.o)
 .debug_abbrev  0x000012d7      0x182 .\CortexM0\ARM_GCC_541\Debug\Humidity PSoC.a(CyFlash.o)

.debug_line     0x00000000     0x218b
 *(.debug_line)
 .debug_line    0x00000000      0x2ff .\CortexM0\ARM_GCC_541\Debug\library.o
 .debug_line    0x000002ff      0x221 .\CortexM0\ARM_GCC_541\Debug\main.o
 .debug_line    0x00000520      0x1c2 .\CortexM0\ARM_GCC_541\Debug\cyfitter_cfg.o
 .debug_line    0x000006e2      0x135 .\CortexM0\ARM_GCC_541\Debug\cymetadata.o
 .debug_line    0x00000817      0x236 .\CortexM0\ARM_GCC_541\Debug\Cm0Start.o
 .debug_line    0x00000a4d      0x108 .\CortexM0\ARM_GCC_541\Debug\Humidity PSoC.a(UART.o)
 .debug_line    0x00000b55      0x1cf .\CortexM0\ARM_GCC_541\Debug\Humidity PSoC.a(UART_UART.o)
 .debug_line    0x00000d24      0x124 .\CortexM0\ARM_GCC_541\Debug\Humidity PSoC.a(I2C.o)
 .debug_line    0x00000e48       0xc2 .\CortexM0\ARM_GCC_541\Debug\Humidity PSoC.a(I2C_I2C.o)
 .debug_line    0x00000f0a      0x2fc .\CortexM0\ARM_GCC_541\Debug\Humidity PSoC.a(I2C_I2C_MASTER.o)
 .debug_line    0x00001206      0x563 .\CortexM0\ARM_GCC_541\Debug\Humidity PSoC.a(CyLib.o)
 .debug_line    0x00001769      0x5d1 .\CortexM0\ARM_GCC_541\Debug\Humidity PSoC.a(CyLFClk.o)
 .debug_line    0x00001d3a       0x68 .\CortexM0\ARM_GCC_541\Debug\Humidity PSoC.a(CyBootAsmGnu.o)
 .debug_line    0x00001da2      0x11a .\CortexM0\ARM_GCC_541\Debug\Humidity PSoC.a(UART_SPI_UART.o)
 .debug_line    0x00001ebc      0x15c .\CortexM0\ARM_GCC_541\Debug\Humidity PSoC.a(I2C_I2C_INT.o)
 .debug_line    0x00002018      0x173 .\CortexM0\ARM_GCC_541\Debug\Humidity PSoC.a(CyFlash.o)

.debug_frame    0x00000000     0x178c
 *(.debug_frame)
 .debug_frame   0x00000000      0x144 .\CortexM0\ARM_GCC_541\Debug\library.o
 .debug_frame   0x00000144       0x30 .\CortexM0\ARM_GCC_541\Debug\main.o
 .debug_frame   0x00000174       0xb4 .\CortexM0\ARM_GCC_541\Debug\cyfitter_cfg.o
 .debug_frame   0x00000228       0xbc .\CortexM0\ARM_GCC_541\Debug\Cm0Start.o
 .debug_frame   0x000002e4       0xd8 .\CortexM0\ARM_GCC_541\Debug\Humidity PSoC.a(UART.o)
 .debug_frame   0x000003bc      0x144 .\CortexM0\ARM_GCC_541\Debug\Humidity PSoC.a(UART_UART.o)
 .debug_frame   0x00000500       0xe8 .\CortexM0\ARM_GCC_541\Debug\Humidity PSoC.a(I2C.o)
 .debug_frame   0x000005e8       0x58 .\CortexM0\ARM_GCC_541\Debug\Humidity PSoC.a(I2C_I2C.o)
 .debug_frame   0x00000640      0x1d8 .\CortexM0\ARM_GCC_541\Debug\Humidity PSoC.a(I2C_I2C_MASTER.o)
 .debug_frame   0x00000818      0x48c .\CortexM0\ARM_GCC_541\Debug\Humidity PSoC.a(CyLib.o)
 .debug_frame   0x00000ca4      0x4a4 .\CortexM0\ARM_GCC_541\Debug\Humidity PSoC.a(CyLFClk.o)
 .debug_frame   0x00001148       0xb0 .\CortexM0\ARM_GCC_541\Debug\Humidity PSoC.a(UART_SPI_UART.o)
 .debug_frame   0x000011f8       0x2c .\CortexM0\ARM_GCC_541\Debug\Humidity PSoC.a(I2C_I2C_INT.o)
 .debug_frame   0x00001224       0x90 .\CortexM0\ARM_GCC_541\Debug\Humidity PSoC.a(CyFlash.o)
 .debug_frame   0x000012b4       0x20 c:/program files (x86)/cypress/psoc creator/4.4/psoc creator/import/gnu/arm/5.4.1/bin/../lib/gcc/arm-none-eabi/5.4.1/armv6-m\libgcc.a(_udivsi3.o)
 .debug_frame   0x000012d4       0x20 c:/program files (x86)/cypress/psoc creator/4.4/psoc creator/import/gnu/arm/5.4.1/bin/../lib/gcc/arm-none-eabi/5.4.1/armv6-m\libgcc.a(_divsi3.o)
 .debug_frame   0x000012f4       0x3c c:/program files (x86)/cypress/psoc creator/4.4/psoc creator/import/gnu/arm/5.4.1/bin/../lib/gcc/arm-none-eabi/5.4.1/armv6-m\libgcc.a(divsf3.o)
 .debug_frame   0x00001330       0x20 c:/program files (x86)/cypress/psoc creator/4.4/psoc creator/import/gnu/arm/5.4.1/bin/../lib/gcc/arm-none-eabi/5.4.1/armv6-m\libgcc.a(unordsf2.o)
 .debug_frame   0x00001350       0x2c c:/program files (x86)/cypress/psoc creator/4.4/psoc creator/import/gnu/arm/5.4.1/bin/../lib/gcc/arm-none-eabi/5.4.1/armv6-m\libgcc.a(floatsisf.o)
 .debug_frame   0x0000137c       0x2c c:/program files (x86)/cypress/psoc creator/4.4/psoc creator/import/gnu/arm/5.4.1/bin/../lib/gcc/arm-none-eabi/5.4.1/armv6-m\libgcc.a(floatunsisf.o)
 .debug_frame   0x000013a8       0x2c c:/program files (x86)/cypress/psoc creator/4.4/psoc creator/import/gnu/arm/5.4.1/bin/../lib/gcc/arm-none-eabi/5.4.1/armv6-m\libgcc.a(extendsfdf2.o)
 .debug_frame   0x000013d4       0x20 c:/program files (x86)/cypress/psoc creator/4.4/psoc creator/import/gnu/arm/5.4.1/bin/../lib/gcc/arm-none-eabi/5.4.1/../../../../arm-none-eabi/lib/armv6-m\libg_nano.a(lib_a-errno.o)
 .debug_frame   0x000013f4       0x28 c:/program files (x86)/cypress/psoc creator/4.4/psoc creator/import/gnu/arm/5.4.1/bin/../lib/gcc/arm-none-eabi/5.4.1/../../../../arm-none-eabi/lib/armv6-m\libg_nano.a(lib_a-exit.o)
 .debug_frame   0x0000141c       0x2c c:/program files (x86)/cypress/psoc creator/4.4/psoc creator/import/gnu/arm/5.4.1/bin/../lib/gcc/arm-none-eabi/5.4.1/../../../../arm-none-eabi/lib/armv6-m\libg_nano.a(lib_a-init.o)
 .debug_frame   0x00001448       0x28 c:/program files (x86)/cypress/psoc creator/4.4/psoc creator/import/gnu/arm/5.4.1/bin/../lib/gcc/arm-none-eabi/5.4.1/../../../../arm-none-eabi/lib/armv6-m\libg_nano.a(lib_a-memcpy-stub.o)
 .debug_frame   0x00001470       0x20 c:/program files (x86)/cypress/psoc creator/4.4/psoc creator/import/gnu/arm/5.4.1/bin/../lib/gcc/arm-none-eabi/5.4.1/../../../../arm-none-eabi/lib/armv6-m\libg_nano.a(lib_a-memset.o)
 .debug_frame   0x00001490       0x50 c:/program files (x86)/cypress/psoc creator/4.4/psoc creator/import/gnu/arm/5.4.1/bin/../lib/gcc/arm-none-eabi/5.4.1/../../../../arm-none-eabi/lib/armv6-m\libg_nano.a(lib_a-snprintf.o)
 .debug_frame   0x000014e0       0x50 c:/program files (x86)/cypress/psoc creator/4.4/psoc creator/import/gnu/arm/5.4.1/bin/../lib/gcc/arm-none-eabi/5.4.1/../../../../arm-none-eabi/lib/armv6-m\libg_nano.a(lib_a-sprintf.o)
 .debug_frame   0x00001530       0x74 c:/program files (x86)/cypress/psoc creator/4.4/psoc creator/import/gnu/arm/5.4.1/bin/../lib/gcc/arm-none-eabi/5.4.1/../../../../arm-none-eabi/lib/armv6-m\libg_nano.a(lib_a-nano-svfprintf.o)
 .debug_frame   0x000015a4       0x54 c:/program files (x86)/cypress/psoc creator/4.4/psoc creator/import/gnu/arm/5.4.1/bin/../lib/gcc/arm-none-eabi/5.4.1/../../../../arm-none-eabi/lib/armv6-m\libg_nano.a(lib_a-nano-vfprintf_i.o)
 .debug_frame   0x000015f8       0x20 c:/program files (x86)/cypress/psoc creator/4.4/psoc creator/import/gnu/arm/5.4.1/bin/../lib/gcc/arm-none-eabi/5.4.1/../../../../arm-none-eabi/lib/armv6-m\libg_nano.a(lib_a-memchr-stub.o)
 .debug_frame   0x00001618       0x28 c:/program files (x86)/cypress/psoc creator/4.4/psoc creator/import/gnu/arm/5.4.1/bin/../lib/gcc/arm-none-eabi/5.4.1/../../../../arm-none-eabi/lib/armv6-m\libg_nano.a(lib_a-memmove.o)
 .debug_frame   0x00001640       0x2c c:/program files (x86)/cypress/psoc creator/4.4/psoc creator/import/gnu/arm/5.4.1/bin/../lib/gcc/arm-none-eabi/5.4.1/../../../../arm-none-eabi/lib/armv6-m\libg_nano.a(lib_a-nano-freer.o)
 .debug_frame   0x0000166c       0x2c c:/program files (x86)/cypress/psoc creator/4.4/psoc creator/import/gnu/arm/5.4.1/bin/../lib/gcc/arm-none-eabi/5.4.1/../../../../arm-none-eabi/lib/armv6-m\libg_nano.a(lib_a-nano-mallocr.o)
 .debug_frame   0x00001698       0x30 c:/program files (x86)/cypress/psoc creator/4.4/psoc creator/import/gnu/arm/5.4.1/bin/../lib/gcc/arm-none-eabi/5.4.1/../../../../arm-none-eabi/lib/armv6-m\libg_nano.a(lib_a-nano-reallocr.o)
 .debug_frame   0x000016c8       0x2c c:/program files (x86)/cypress/psoc creator/4.4/psoc creator/import/gnu/arm/5.4.1/bin/../lib/gcc/arm-none-eabi/5.4.1/../../../../arm-none-eabi/lib/armv6-m\libg_nano.a(lib_a-sbrkr.o)
 .debug_frame   0x000016f4       0x30 c:/program files (x86)/cypress/psoc creator/4.4/psoc creator/import/gnu/arm/5.4.1/bin/../lib/gcc/arm-none-eabi/5.4.1/../../../../arm-none-eabi/lib/armv6-m\libg_nano.a(lib_a-mlock.o)
 .debug_frame   0x00001724       0x20 c:/program files (x86)/cypress/psoc creator/4.4/psoc creator/import/gnu/arm/5.4.1/bin/../lib/gcc/arm-none-eabi/5.4.1/../../../../arm-none-eabi/lib/armv6-m\libg_nano.a(lib_a-nano-msizer.o)
 .debug_frame   0x00001744       0x48 c:/program files (x86)/cypress/psoc creator/4.4/psoc creator/import/gnu/arm/5.4.1/bin/../lib/gcc/arm-none-eabi/5.4.1/../../../../arm-none-eabi/lib/armv6-m\libg_nano.a(lib_a-reent.o)

.debug_str      0x00000000     0x1bba
 *(.debug_str)
 .debug_str     0x00000000      0x336 .\CortexM0\ARM_GCC_541\Debug\library.o
                                0x3b0 (size before relaxing)
 .debug_str     0x00000336       0x2d .\CortexM0\ARM_GCC_541\Debug\main.o
                                0x2af (size before relaxing)
 .debug_str     0x00000363      0x158 .\CortexM0\ARM_GCC_541\Debug\cyfitter_cfg.o
                                0x332 (size before relaxing)
 .debug_str     0x000004bb       0xbd .\CortexM0\ARM_GCC_541\Debug\cymetadata.o
                                0x1ea (size before relaxing)
 .debug_str     0x00000578      0x13a .\CortexM0\ARM_GCC_541\Debug\Cm0Start.o
                                0x336 (size before relaxing)
 .debug_str     0x000006b2       0xf7 .\CortexM0\ARM_GCC_541\Debug\Humidity PSoC.a(UART.o)
                                0x2cc (size before relaxing)
 .debug_str     0x000007a9      0x1d8 .\CortexM0\ARM_GCC_541\Debug\Humidity PSoC.a(UART_UART.o)
                                0x3fd (size before relaxing)
 .debug_str     0x00000981       0xfe .\CortexM0\ARM_GCC_541\Debug\Humidity PSoC.a(I2C.o)
                                0x2f3 (size before relaxing)
 .debug_str     0x00000a7f       0x85 .\CortexM0\ARM_GCC_541\Debug\Humidity PSoC.a(I2C_I2C.o)
                                0x283 (size before relaxing)
 .debug_str     0x00000b04      0x23b .\CortexM0\ARM_GCC_541\Debug\Humidity PSoC.a(I2C_I2C_MASTER.o)
                                0x4eb (size before relaxing)
 .debug_str     0x00000d3f      0x5c8 .\CortexM0\ARM_GCC_541\Debug\Humidity PSoC.a(CyLib.o)
                                0x832 (size before relaxing)
 .debug_str     0x00001307      0x6e2 .\CortexM0\ARM_GCC_541\Debug\Humidity PSoC.a(CyLFClk.o)
                                0x952 (size before relaxing)
 .debug_str     0x000019e9       0xe3 .\CortexM0\ARM_GCC_541\Debug\Humidity PSoC.a(UART_SPI_UART.o)
                                0x303 (size before relaxing)
 .debug_str     0x00001acc       0x47 .\CortexM0\ARM_GCC_541\Debug\Humidity PSoC.a(I2C_I2C_INT.o)
                                0x2f3 (size before relaxing)
 .debug_str     0x00001b13       0xa7 .\CortexM0\ARM_GCC_541\Debug\Humidity PSoC.a(CyFlash.o)
                                0x2e5 (size before relaxing)

.debug_loc      0x00000000     0x2c41
 *(.debug_loc)
 .debug_loc     0x00000000      0x330 .\CortexM0\ARM_GCC_541\Debug\library.o
 .debug_loc     0x00000330       0x4f .\CortexM0\ARM_GCC_541\Debug\main.o
 .debug_loc     0x0000037f      0x136 .\CortexM0\ARM_GCC_541\Debug\cyfitter_cfg.o
 .debug_loc     0x000004b5      0x14f .\CortexM0\ARM_GCC_541\Debug\Cm0Start.o
 .debug_loc     0x00000604       0x7e .\CortexM0\ARM_GCC_541\Debug\Humidity PSoC.a(UART.o)
 .debug_loc     0x00000682      0x223 .\CortexM0\ARM_GCC_541\Debug\Humidity PSoC.a(UART_UART.o)
 .debug_loc     0x000008a5       0x7e .\CortexM0\ARM_GCC_541\Debug\Humidity PSoC.a(I2C.o)
 .debug_loc     0x00000923      0xa49 .\CortexM0\ARM_GCC_541\Debug\Humidity PSoC.a(I2C_I2C_MASTER.o)
 .debug_loc     0x0000136c      0x81c .\CortexM0\ARM_GCC_541\Debug\Humidity PSoC.a(CyLib.o)
 .debug_loc     0x00001b88      0xdb7 .\CortexM0\ARM_GCC_541\Debug\Humidity PSoC.a(CyLFClk.o)
 .debug_loc     0x0000293f       0x96 .\CortexM0\ARM_GCC_541\Debug\Humidity PSoC.a(UART_SPI_UART.o)
 .debug_loc     0x000029d5      0x10c .\CortexM0\ARM_GCC_541\Debug\Humidity PSoC.a(I2C_I2C_INT.o)
 .debug_loc     0x00002ae1      0x160 .\CortexM0\ARM_GCC_541\Debug\Humidity PSoC.a(CyFlash.o)

.debug_macinfo
 *(.debug_macinfo)

.debug_ranges   0x00000000      0x670
 *(.debug_ranges)
 .debug_ranges  0x00000000       0x70 .\CortexM0\ARM_GCC_541\Debug\library.o
 .debug_ranges  0x00000070       0x10 .\CortexM0\ARM_GCC_541\Debug\main.o
 .debug_ranges  0x00000080       0x38 .\CortexM0\ARM_GCC_541\Debug\cyfitter_cfg.o
 .debug_ranges  0x000000b8       0x38 .\CortexM0\ARM_GCC_541\Debug\Cm0Start.o
 .debug_ranges  0x000000f0       0x48 .\CortexM0\ARM_GCC_541\Debug\Humidity PSoC.a(UART.o)
 .debug_ranges  0x00000138       0x80 .\CortexM0\ARM_GCC_541\Debug\Humidity PSoC.a(UART_UART.o)
 .debug_ranges  0x000001b8       0x50 .\CortexM0\ARM_GCC_541\Debug\Humidity PSoC.a(I2C.o)
 .debug_ranges  0x00000208       0x20 .\CortexM0\ARM_GCC_541\Debug\Humidity PSoC.a(I2C_I2C.o)
 .debug_ranges  0x00000228       0x88 .\CortexM0\ARM_GCC_541\Debug\Humidity PSoC.a(I2C_I2C_MASTER.o)
 .debug_ranges  0x000002b0      0x1b8 .\CortexM0\ARM_GCC_541\Debug\Humidity PSoC.a(CyLib.o)
 .debug_ranges  0x00000468      0x178 .\CortexM0\ARM_GCC_541\Debug\Humidity PSoC.a(CyLFClk.o)
 .debug_ranges  0x000005e0       0x50 .\CortexM0\ARM_GCC_541\Debug\Humidity PSoC.a(UART_SPI_UART.o)
 .debug_ranges  0x00000630       0x10 .\CortexM0\ARM_GCC_541\Debug\Humidity PSoC.a(I2C_I2C_INT.o)
 .debug_ranges  0x00000640       0x30 .\CortexM0\ARM_GCC_541\Debug\Humidity PSoC.a(CyFlash.o)

.comment        0x00000000       0x6e
 .comment       0x00000000       0x6e .\CortexM0\ARM_GCC_541\Debug\library.o
                                 0x6f (size before relaxing)
 .comment       0x0000006e       0x6f .\CortexM0\ARM_GCC_541\Debug\main.o
 .comment       0x0000006e       0x6f .\CortexM0\ARM_GCC_541\Debug\cyfitter_cfg.o
 .comment       0x0000006e       0x6f .\CortexM0\ARM_GCC_541\Debug\cymetadata.o
 .comment       0x0000006e       0x6f .\CortexM0\ARM_GCC_541\Debug\Cm0Start.o
 .comment       0x0000006e       0x6f .\CortexM0\ARM_GCC_541\Debug\Humidity PSoC.a(UART.o)
 .comment       0x0000006e       0x6f .\CortexM0\ARM_GCC_541\Debug\Humidity PSoC.a(UART_UART.o)
 .comment       0x0000006e       0x6f .\CortexM0\ARM_GCC_541\Debug\Humidity PSoC.a(I2C.o)
 .comment       0x0000006e       0x6f .\CortexM0\ARM_GCC_541\Debug\Humidity PSoC.a(I2C_I2C.o)
 .comment       0x0000006e       0x6f .\CortexM0\ARM_GCC_541\Debug\Humidity PSoC.a(I2C_I2C_MASTER.o)
 .comment       0x0000006e       0x6f .\CortexM0\ARM_GCC_541\Debug\Humidity PSoC.a(CyLib.o)
 .comment       0x0000006e       0x6f .\CortexM0\ARM_GCC_541\Debug\Humidity PSoC.a(CyLFClk.o)
 .comment       0x0000006e       0x6f .\CortexM0\ARM_GCC_541\Debug\Humidity PSoC.a(UART_SPI_UART.o)
 .comment       0x0000006e       0x6f .\CortexM0\ARM_GCC_541\Debug\Humidity PSoC.a(I2C_I2C_INT.o)
 .comment       0x0000006e       0x6f .\CortexM0\ARM_GCC_541\Debug\Humidity PSoC.a(CyFlash.o)

.debug_weaknames
 *(.debug_weaknames)

.debug_funcnames
 *(.debug_funcnames)

.debug_typenames
 *(.debug_typenames)

.debug_varnames
 *(.debug_varnames)

.note.gnu.arm.ident
 *(.note.gnu.arm.ident)

.ARM.attributes
                0x00000000       0x28
 *(.ARM.attributes)
 .ARM.attributes
                0x00000000       0x1e c:/program files (x86)/cypress/psoc creator/4.4/psoc creator/import/gnu/arm/5.4.1/bin/../lib/gcc/arm-none-eabi/5.4.1/armv6-m/crti.o
 .ARM.attributes
                0x0000001e       0x2c c:/program files (x86)/cypress/psoc creator/4.4/psoc creator/import/gnu/arm/5.4.1/bin/../lib/gcc/arm-none-eabi/5.4.1/armv6-m/crtbegin.o
 .ARM.attributes
                0x0000004a       0x1b c:/program files (x86)/cypress/psoc creator/4.4/psoc creator/import/gnu/arm/5.4.1/bin/../lib/gcc/arm-none-eabi/5.4.1/../../../../arm-none-eabi/lib/armv6-m/crt0.o
 .ARM.attributes
                0x00000065       0x31 .\CortexM0\ARM_GCC_541\Debug\library.o
 .ARM.attributes
                0x00000096       0x31 .\CortexM0\ARM_GCC_541\Debug\main.o
 .ARM.attributes
                0x000000c7       0x31 .\CortexM0\ARM_GCC_541\Debug\cyfitter_cfg.o
 .ARM.attributes
                0x000000f8       0x31 .\CortexM0\ARM_GCC_541\Debug\cymetadata.o
 .ARM.attributes
                0x00000129       0x31 .\CortexM0\ARM_GCC_541\Debug\Cm0Start.o
 .ARM.attributes
                0x0000015a       0x31 .\CortexM0\ARM_GCC_541\Debug\Humidity PSoC.a(UART.o)
 .ARM.attributes
                0x0000018b       0x31 .\CortexM0\ARM_GCC_541\Debug\Humidity PSoC.a(UART_UART.o)
 .ARM.attributes
                0x000001bc       0x31 .\CortexM0\ARM_GCC_541\Debug\Humidity PSoC.a(I2C.o)
 .ARM.attributes
                0x000001ed       0x31 .\CortexM0\ARM_GCC_541\Debug\Humidity PSoC.a(I2C_I2C.o)
 .ARM.attributes
                0x0000021e       0x31 .\CortexM0\ARM_GCC_541\Debug\Humidity PSoC.a(I2C_I2C_MASTER.o)
 .ARM.attributes
                0x0000024f       0x31 .\CortexM0\ARM_GCC_541\Debug\Humidity PSoC.a(CyLib.o)
 .ARM.attributes
                0x00000280       0x31 .\CortexM0\ARM_GCC_541\Debug\Humidity PSoC.a(CyLFClk.o)
 .ARM.attributes
                0x000002b1       0x21 .\CortexM0\ARM_GCC_541\Debug\Humidity PSoC.a(CyBootAsmGnu.o)
 .ARM.attributes
                0x000002d2       0x31 .\CortexM0\ARM_GCC_541\Debug\Humidity PSoC.a(UART_SPI_UART.o)
 .ARM.attributes
                0x00000303       0x31 .\CortexM0\ARM_GCC_541\Debug\Humidity PSoC.a(I2C_I2C_INT.o)
 .ARM.attributes
                0x00000334       0x31 .\CortexM0\ARM_GCC_541\Debug\Humidity PSoC.a(CyFlash.o)
 .ARM.attributes
                0x00000365       0x1e c:/program files (x86)/cypress/psoc creator/4.4/psoc creator/import/gnu/arm/5.4.1/bin/../lib/gcc/arm-none-eabi/5.4.1/armv6-m\libgcc.a(_udivsi3.o)
 .ARM.attributes
                0x00000383       0x1e c:/program files (x86)/cypress/psoc creator/4.4/psoc creator/import/gnu/arm/5.4.1/bin/../lib/gcc/arm-none-eabi/5.4.1/armv6-m\libgcc.a(_divsi3.o)
 .ARM.attributes
                0x000003a1       0x1e c:/program files (x86)/cypress/psoc creator/4.4/psoc creator/import/gnu/arm/5.4.1/bin/../lib/gcc/arm-none-eabi/5.4.1/armv6-m\libgcc.a(_dvmd_tls.o)
 .ARM.attributes
                0x000003bf       0x2c c:/program files (x86)/cypress/psoc creator/4.4/psoc creator/import/gnu/arm/5.4.1/bin/../lib/gcc/arm-none-eabi/5.4.1/armv6-m\libgcc.a(divsf3.o)
 .ARM.attributes
                0x000003eb       0x2c c:/program files (x86)/cypress/psoc creator/4.4/psoc creator/import/gnu/arm/5.4.1/bin/../lib/gcc/arm-none-eabi/5.4.1/armv6-m\libgcc.a(unordsf2.o)
 .ARM.attributes
                0x00000417       0x2c c:/program files (x86)/cypress/psoc creator/4.4/psoc creator/import/gnu/arm/5.4.1/bin/../lib/gcc/arm-none-eabi/5.4.1/armv6-m\libgcc.a(floatsisf.o)
 .ARM.attributes
                0x00000443       0x2c c:/program files (x86)/cypress/psoc creator/4.4/psoc creator/import/gnu/arm/5.4.1/bin/../lib/gcc/arm-none-eabi/5.4.1/armv6-m\libgcc.a(floatunsisf.o)
 .ARM.attributes
                0x0000046f       0x2c c:/program files (x86)/cypress/psoc creator/4.4/psoc creator/import/gnu/arm/5.4.1/bin/../lib/gcc/arm-none-eabi/5.4.1/armv6-m\libgcc.a(extendsfdf2.o)
 .ARM.attributes
                0x0000049b       0x1e c:/program files (x86)/cypress/psoc creator/4.4/psoc creator/import/gnu/arm/5.4.1/bin/../lib/gcc/arm-none-eabi/5.4.1/armv6-m\libgcc.a(_clzsi2.o)
 .ARM.attributes
                0x000004b9       0x2c c:/program files (x86)/cypress/psoc creator/4.4/psoc creator/import/gnu/arm/5.4.1/bin/../lib/gcc/arm-none-eabi/5.4.1/../../../../arm-none-eabi/lib/armv6-m\libg_nano.a(lib_a-errno.o)
 .ARM.attributes
                0x000004e5       0x2c c:/program files (x86)/cypress/psoc creator/4.4/psoc creator/import/gnu/arm/5.4.1/bin/../lib/gcc/arm-none-eabi/5.4.1/../../../../arm-none-eabi/lib/armv6-m\libg_nano.a(lib_a-exit.o)
 .ARM.attributes
                0x00000511       0x2c c:/program files (x86)/cypress/psoc creator/4.4/psoc creator/import/gnu/arm/5.4.1/bin/../lib/gcc/arm-none-eabi/5.4.1/../../../../arm-none-eabi/lib/armv6-m\libg_nano.a(lib_a-impure.o)
 .ARM.attributes
                0x0000053d       0x2c c:/program files (x86)/cypress/psoc creator/4.4/psoc creator/import/gnu/arm/5.4.1/bin/../lib/gcc/arm-none-eabi/5.4.1/../../../../arm-none-eabi/lib/armv6-m\libg_nano.a(lib_a-init.o)
 .ARM.attributes
                0x00000569       0x2c c:/program files (x86)/cypress/psoc creator/4.4/psoc creator/import/gnu/arm/5.4.1/bin/../lib/gcc/arm-none-eabi/5.4.1/../../../../arm-none-eabi/lib/armv6-m\libg_nano.a(lib_a-memcpy-stub.o)
 .ARM.attributes
                0x00000595       0x2c c:/program files (x86)/cypress/psoc creator/4.4/psoc creator/import/gnu/arm/5.4.1/bin/../lib/gcc/arm-none-eabi/5.4.1/../../../../arm-none-eabi/lib/armv6-m\libg_nano.a(lib_a-memset.o)
 .ARM.attributes
                0x000005c1       0x2c c:/program files (x86)/cypress/psoc creator/4.4/psoc creator/import/gnu/arm/5.4.1/bin/../lib/gcc/arm-none-eabi/5.4.1/../../../../arm-none-eabi/lib/armv6-m\libg_nano.a(lib_a-snprintf.o)
 .ARM.attributes
                0x000005ed       0x2c c:/program files (x86)/cypress/psoc creator/4.4/psoc creator/import/gnu/arm/5.4.1/bin/../lib/gcc/arm-none-eabi/5.4.1/../../../../arm-none-eabi/lib/armv6-m\libg_nano.a(lib_a-sprintf.o)
 .ARM.attributes
                0x00000619       0x2c c:/program files (x86)/cypress/psoc creator/4.4/psoc creator/import/gnu/arm/5.4.1/bin/../lib/gcc/arm-none-eabi/5.4.1/../../../../arm-none-eabi/lib/armv6-m\libg_nano.a(lib_a-nano-svfprintf.o)
 .ARM.attributes
                0x00000645       0x2c c:/program files (x86)/cypress/psoc creator/4.4/psoc creator/import/gnu/arm/5.4.1/bin/../lib/gcc/arm-none-eabi/5.4.1/../../../../arm-none-eabi/lib/armv6-m\libg_nano.a(lib_a-nano-vfprintf_i.o)
 .ARM.attributes
                0x00000671       0x2c c:/program files (x86)/cypress/psoc creator/4.4/psoc creator/import/gnu/arm/5.4.1/bin/../lib/gcc/arm-none-eabi/5.4.1/../../../../arm-none-eabi/lib/armv6-m\libg_nano.a(lib_a-memchr-stub.o)
 .ARM.attributes
                0x0000069d       0x2c c:/program files (x86)/cypress/psoc creator/4.4/psoc creator/import/gnu/arm/5.4.1/bin/../lib/gcc/arm-none-eabi/5.4.1/../../../../arm-none-eabi/lib/armv6-m\libg_nano.a(lib_a-memmove.o)
 .ARM.attributes
                0x000006c9       0x2c c:/program files (x86)/cypress/psoc creator/4.4/psoc creator/import/gnu/arm/5.4.1/bin/../lib/gcc/arm-none-eabi/5.4.1/../../../../arm-none-eabi/lib/armv6-m\libg_nano.a(lib_a-nano-freer.o)
 .ARM.attributes
                0x000006f5       0x2c c:/program files (x86)/cypress/psoc creator/4.4/psoc creator/import/gnu/arm/5.4.1/bin/../lib/gcc/arm-none-eabi/5.4.1/../../../../arm-none-eabi/lib/armv6-m\libg_nano.a(lib_a-nano-mallocr.o)
 .ARM.attributes
                0x00000721       0x2c c:/program files (x86)/cypress/psoc creator/4.4/psoc creator/import/gnu/arm/5.4.1/bin/../lib/gcc/arm-none-eabi/5.4.1/../../../../arm-none-eabi/lib/armv6-m\libg_nano.a(lib_a-nano-reallocr.o)
 .ARM.attributes
                0x0000074d       0x2c c:/program files (x86)/cypress/psoc creator/4.4/psoc creator/import/gnu/arm/5.4.1/bin/../lib/gcc/arm-none-eabi/5.4.1/../../../../arm-none-eabi/lib/armv6-m\libg_nano.a(lib_a-sbrkr.o)
 .ARM.attributes
                0x00000779       0x2c c:/program files (x86)/cypress/psoc creator/4.4/psoc creator/import/gnu/arm/5.4.1/bin/../lib/gcc/arm-none-eabi/5.4.1/../../../../arm-none-eabi/lib/armv6-m\libg_nano.a(lib_a-mlock.o)
 .ARM.attributes
                0x000007a5       0x2c c:/program files (x86)/cypress/psoc creator/4.4/psoc creator/import/gnu/arm/5.4.1/bin/../lib/gcc/arm-none-eabi/5.4.1/../../../../arm-none-eabi/lib/armv6-m\libg_nano.a(lib_a-nano-msizer.o)
 .ARM.attributes
                0x000007d1       0x2c c:/program files (x86)/cypress/psoc creator/4.4/psoc creator/import/gnu/arm/5.4.1/bin/../lib/gcc/arm-none-eabi/5.4.1/../../../../arm-none-eabi/lib/armv6-m\libg_nano.a(lib_a-reent.o)
 .ARM.attributes
                0x000007fd       0x2c c:/program files (x86)/cypress/psoc creator/4.4/psoc creator/import/gnu/arm/5.4.1/bin/../lib/gcc/arm-none-eabi/5.4.1/armv6-m/crtend.o
 .ARM.attributes
                0x00000829       0x1e c:/program files (x86)/cypress/psoc creator/4.4/psoc creator/import/gnu/arm/5.4.1/bin/../lib/gcc/arm-none-eabi/5.4.1/armv6-m/crtn.o

/DISCARD/
 *(.note.GNU-stack)
OUTPUT(C:\Users\becca\Documents\GitHub\Science_Sensor_Board\Science_Sensor_Board\testing_sensors\Humidity\Humidity PSoC.cydsn\CortexM0\ARM_GCC_541\Debug\Humidity PSoC.elf elf32-littlearm)
